../Drivers/CMSIS/Include/core_cm0.h:623:22:__NVIC_EnableIRQ	16	static
../Drivers/CMSIS/Include/core_cm0.h:659:22:__NVIC_DisableIRQ	16	static,ignoring_inline_asm
../Libraries/BML_DRIVERS/Src/BML_DRIVER.c:39:10:map	24	static
../Libraries/BML_DRIVERS/Src/BML_DRIVER.c:45:6:gpio_clk_en	16	static
../Libraries/BML_DRIVERS/Src/BML_DRIVER.c:61:6:gpio_config	24	static
../Libraries/BML_DRIVERS/Src/BML_DRIVER.c:86:6:gpio_moder	24	static
../Libraries/BML_DRIVERS/Src/BML_DRIVER.c:90:6:gpio_speed	24	static
../Libraries/BML_DRIVERS/Src/BML_DRIVER.c:94:6:gpio_PUPD	24	static
../Libraries/BML_DRIVERS/Src/BML_DRIVER.c:97:6:gpio_PHPL_OD	24	static
../Libraries/BML_DRIVERS/Src/BML_DRIVER.c:101:6:gpio_altfn	24	static
../Libraries/BML_DRIVERS/Src/BML_DRIVER.c:113:6:gpio_write	24	static
../Libraries/BML_DRIVERS/Src/BML_DRIVER.c:121:6:gpio_toggle	16	static
../Libraries/BML_DRIVERS/Src/BML_DRIVER.c:125:9:gpio_read	24	static
../Libraries/BML_DRIVERS/Src/BML_DRIVER.c:140:6:gpio_IT_config	24	static
../Libraries/BML_DRIVERS/Src/BML_DRIVER.c:358:6:gpio_IT_EN	16	static
../Libraries/BML_DRIVERS/Src/BML_DRIVER.c:363:6:gpio_IT_DI	16	static
../Libraries/BML_DRIVERS/Src/BML_DRIVER.c:368:6:gpio_IT_SW	16	static
../Libraries/BML_DRIVERS/Src/BML_DRIVER.c:372:9:gpio_IT_CHK	16	static
../Libraries/BML_DRIVERS/Src/BML_DRIVER.c:381:6:gpio_IT_CLR	16	static
../Libraries/BML_DRIVERS/Src/BML_DRIVER.c:391:6:print	24	static
../Libraries/BML_DRIVERS/Src/BML_DRIVER.c:407:6:uart_print_config	32	static
../Libraries/BML_DRIVERS/Src/BML_DRIVER.c:439:6:timer_config	16	static
../Libraries/BML_DRIVERS/Src/BML_DRIVER.c:467:6:timer_EN	16	static
../Libraries/BML_DRIVERS/Src/BML_DRIVER.c:471:6:timer_DI	16	static
../Libraries/BML_DRIVERS/Src/BML_DRIVER.c:475:6:timer6_7_CR1	24	static
../Libraries/BML_DRIVERS/Src/BML_DRIVER.c:491:6:timer_EVENT	16	static
../Libraries/BML_DRIVERS/Src/BML_DRIVER.c:495:10:timer_cnt_val	24	static
../Libraries/BML_DRIVERS/Src/BML_DRIVER.c:500:6:timer_IT_EN	16	static
../Libraries/BML_DRIVERS/Src/BML_DRIVER.c:504:6:ticks_timer	16	static
../Libraries/BML_DRIVERS/Src/BML_DRIVER.c:514:10:ticks_val	8	static
../Libraries/BML_DRIVERS/Src/BML_DRIVER.c:517:6:ticks_reset	8	static
../Libraries/BML_DRIVERS/Src/BML_DRIVER.c:520:6:TIM6_IRQHandler	8	static
../Libraries/BML_DRIVERS/Src/BML_DRIVER.c:525:6:delay_ms	16	static
../Libraries/BML_DRIVERS/Src/BML_DRIVER.c:546:6:adc_calib	8	static
../Libraries/BML_DRIVERS/Src/BML_DRIVER.c:561:6:adc_ready	8	static
../Libraries/BML_DRIVERS/Src/BML_DRIVER.c:576:6:adc_clk_config	8	static
../Libraries/BML_DRIVERS/Src/BML_DRIVER.c:584:6:adc_sample_time	16	static
../Libraries/BML_DRIVERS/Src/BML_DRIVER.c:587:6:adc_en	8	static
../Libraries/BML_DRIVERS/Src/BML_DRIVER.c:592:6:adc_read	24	static
../Libraries/BML_DRIVERS/Src/BML_DRIVER.c:603:6:adc_start	8	static
../Libraries/BML_DRIVERS/Src/BML_DRIVER.c:606:6:adc_stop	8	static
../Libraries/BML_DRIVERS/Src/BML_DRIVER.c:609:6:adc_disable	8	static
../Libraries/BML_DRIVERS/Src/BML_DRIVER.c:621:6:adc_chsel	16	static
../Libraries/BML_DRIVERS/Src/BML_DRIVER.c:682:6:adc_config	24	static
../Libraries/BML_DRIVERS/Src/BML_DRIVER.c:704:6:adc_IT_config	16	static
../Libraries/BML_DRIVERS/Src/BML_DRIVER.c:724:6:I2C_INIT	16	static
../Libraries/BML_DRIVERS/Src/BML_DRIVER.c:735:6:I2C_byteWrite	24	static
../Libraries/BML_DRIVERS/Src/BML_DRIVER.c:757:6:I2C_byteRead	24	static
../Libraries/BML_DRIVERS/Src/BML_DRIVER.c:783:6:I2C_MultiWrite	32	static
../Libraries/BML_DRIVERS/Src/BML_DRIVER.c:811:6:I2C_MultiRead	24	static
../Libraries/BML_DRIVERS/Src/BML_DRIVER.c:842:6:USART_INIT	40	static
../Libraries/BML_DRIVERS/Src/BML_DRIVER.c:856:6:USART_IT_EN	24	static
../Libraries/BML_DRIVERS/Src/BML_DRIVER.c:877:6:USART_CLK_EN	16	static
../Libraries/BML_DRIVERS/Src/BML_DRIVER.c:889:6:USART_PIN_CONFIG	32	static
../Libraries/BML_DRIVERS/Src/BML_DRIVER.c:947:6:USART_BDR_SEL	24	static
../Libraries/BML_DRIVERS/Src/BML_DRIVER.c:981:6:USART_WRITE	32	static
../Libraries/BML_DRIVERS/Src/BML_DRIVER.c:994:9:USART_READ	24	static
../Libraries/BML_DRIVERS/Src/BML_DRIVER.c:1005:6:RCC_CONFIG_48MHZ	80	static
