../Libraries/tft_lib/Src/st7783.c:150:6:delay	16	static,ignoring_inline_asm
../Libraries/tft_lib/Src/st7783.c:163:13:GPIO_Init	48	static
../Libraries/tft_lib/Src/st7783.c:201:6:LCD_Begin	16	static
../Libraries/tft_lib/Src/st7783.c:242:10:LCD_Color565	24	static
../Libraries/tft_lib/Src/st7783.c:255:6:LCD_DrawPixel	32	static
../Libraries/tft_lib/Src/st7783.c:298:6:LCD_DrawLine	48	static
../Libraries/tft_lib/Src/st7783.c:350:6:LCD_DrawFastHLine	32	static
../Libraries/tft_lib/Src/st7783.c:384:6:LCD_DrawFastVLine	32	static
../Libraries/tft_lib/Src/st7783.c:402:6:LCD_DrawTriangle	40	static
../Libraries/tft_lib/Src/st7783.c:409:6:LCD_FillTriangle	72	static
../Libraries/tft_lib/Src/st7783.c:493:6:LCD_DrawRect	24	static
../Libraries/tft_lib/Src/st7783.c:512:6:LCD_DrawRoundRect	40	static
../Libraries/tft_lib/Src/st7783.c:537:6:LCD_DrawCircleHelper	48	static
../Libraries/tft_lib/Src/st7783.c:583:6:LCD_DrawCircle	40	static
../Libraries/tft_lib/Src/st7783.c:628:6:LCD_DrawChar	40	static
../Libraries/tft_lib/Src/st7783.c:674:6:LCD_FillCircle	32	static
../Libraries/tft_lib/Src/st7783.c:691:6:LCD_FillCircleHelper	56	static
../Libraries/tft_lib/Src/st7783.c:731:6:LCD_FillRect	32	static
../Libraries/tft_lib/Src/st7783.c:773:6:LCD_FillRoundRect	40	static
../Libraries/tft_lib/Src/st7783.c:790:6:LCD_FillScreen	24	static
../Libraries/tft_lib/Src/st7783.c:830:6:LCD_Flood	32	static
../Libraries/tft_lib/Src/st7783.c:890:6:LCD_pushColors	32	static
../Libraries/tft_lib/Src/st7783.c:912:6:LCD_pushAColors	32	static
../Libraries/tft_lib/Src/st7783.c:917:6:LCD_pushColors2	48	static
../Libraries/tft_lib/Src/st7783.c:953:6:LCD_pushArray	40	static
../Libraries/tft_lib/Src/st7783.c:976:6:LCD_Printf	32	static
../Libraries/tft_lib/Src/st7783.c:1012:6:LCD_Reset	16	static
../Libraries/tft_lib/Src/st7783.c:1039:6:LCD_SetCursor	16	static
../Libraries/tft_lib/Src/st7783.c:1051:6:LCD_SetTextSize	16	static
../Libraries/tft_lib/Src/st7783.c:1063:6:LCD_SetTextColor	16	static
../Libraries/tft_lib/Src/st7783.c:1075:6:LCD_SetTextWrap	16	static
../Libraries/tft_lib/Src/st7783.c:1086:6:LCD_SetRotation	16	static
../Libraries/tft_lib/Src/st7783.c:1109:9:LCD_getRotation	8	static
../Libraries/tft_lib/Src/st7783.c:1123:6:LCD_SetAddrWindow	40	static
../Libraries/tft_lib/Src/st7783.c:1187:6:LCD_Write8	16	static
../Libraries/tft_lib/Src/st7783.c:1214:6:LCD_WriteRegister8	16	static
../Libraries/tft_lib/Src/st7783.c:1229:6:LCD_WriteRegister16	32	static
../Libraries/tft_lib/Src/st7783.c:1243:8:write	48	static
../Libraries/tft_lib/Src/st7783.c:1277:6:setFont	16	static
../Libraries/tft_lib/Src/st7783.c:1292:6:printnewtstr	24	static
../Libraries/tft_lib/Src/st7783.c:1306:6:printstr	16	static
