../Core/Src/main.c:11:6:print64bitu	56	static
../Core/Src/main.c:26:6:print64bits	56	static
../Core/Src/main.c:44:6:timer7_config	16	static
../Core/Src/main.c:51:6:Ticks7_timer	8	static
../Core/Src/main.c:57:6:Ticks_reset	8	static
../Core/Src/main.c:60:10:Ticks_Val	8	static
../Core/Src/main.c:64:10:Timer7_cnt_val	16	static
../Core/Src/main.c:69:6:tim64bit	8	static
../Core/Src/main.c:117:6:tim32bit	8	static
../Core/Src/main.c:161:6:tim16bit	8	static
../Core/Src/main.c:205:6:tim8bit	8	static
../Core/Src/main.c:249:5:main	16	static
