../Libraries/SDCardLib/Src/SDCard.c:11:6:sd_mount	8	static
../Libraries/SDCardLib/Src/SDCard.c:22:6:sd_space	24	static
../Libraries/SDCardLib/Src/SDCard.c:45:5:sd_openFile	56	static
../Libraries/SDCardLib/Src/SDCard.c:58:5:sd_openFileW	72	static
../Libraries/SDCardLib/Src/SDCard.c:72:6:sd_closeFile	8	static
../Libraries/SDCardLib/Src/SDCard.c:76:6:sd_fileOffset	16	static
../Libraries/SDCardLib/Src/SDCard.c:80:6:sd_read8bits	64	static
../Libraries/SDCardLib/Src/SDCard.c:98:9:sd_read8	32	static
../Libraries/SDCardLib/Src/SDCard.c:106:10:sd_read16bits	32	static
../Libraries/SDCardLib/Src/SDCard.c:113:10:sd_read16	32	static
../Libraries/SDCardLib/Src/SDCard.c:121:10:sd_read24bits	32	static
../Libraries/SDCardLib/Src/SDCard.c:130:10:sd_read24	24	static
../Libraries/SDCardLib/Src/SDCard.c:138:10:sd_read32bits	32	static
../Libraries/SDCardLib/Src/SDCard.c:147:10:sd_read32	24	static
../Libraries/SDCardLib/Src/SDCard.c:155:6:sd_writeArray	112	dynamic
../Libraries/SDCardLib/Src/SDCard.c:182:6:sd_readFile	64	static
../Libraries/SDCardLib/Src/SDCard.c:200:6:sd_seekFile	80	static
../Libraries/SDCardLib/Src/SDCard.c:227:6:sd_writeFile	80	static
../Libraries/SDCardLib/Src/SDCard.c:253:6:sd_deMount	8	static
../Libraries/SDCardLib/Src/SDCard.c:258:6:sd_readOne	80	static
../Libraries/SDCardLib/Src/SDCard.c:290:6:getBMPImageData	40	static
../Libraries/SDCardLib/Src/SDCard.c:347:6:displayPic	440	static
../Libraries/SDCardLib/Src/SDCard.c:408:6:displayPicGen	104	dynamic
../Libraries/SDCardLib/Src/SDCard.c:463:6:displayPicGen2	104	dynamic
