../Core/Src/main.c:117:5:main	200	static
../Core/Src/main.c:282:6:SystemClock_Config	80	static
../Core/Src/main.c:318:13:MX_SPI1_Init	8	static
../Core/Src/main.c:353:6:USART2_IRQHandler	16	static
../Core/Src/main.c:374:6:USART3_4_IRQHandler	16	static
../Core/Src/main.c:390:6:EXTI4_15_IRQHandler	8	static
../Core/Src/main.c:403:6:drawScale	48	static
../Core/Src/main.c:464:6:drawCMDBox	48	static
../Core/Src/main.c:496:6:drawPinkWhiteBox	16	static
../Core/Src/main.c:525:6:drawYellowBox	16	static
../Core/Src/main.c:572:6:StartDefaultTask	24	static
../Core/Src/main.c:600:6:StartTask02	72	static
../Core/Src/main.c:731:6:StartTask03	40	static
../Core/Src/main.c:825:6:StartTask04	16	static
../Core/Src/main.c:843:6:StartTask05	16	static
../Core/Src/main.c:860:6:HAL_TIM_PeriodElapsedCallback	16	static
../Core/Src/main.c:876:6:Error_Handler	8	static,ignoring_inline_asm
