../Core/Src/main.c:92:5:main	208	static
../Core/Src/main.c:308:6:SystemClock_Config	80	static
../Core/Src/main.c:344:13:MX_SPI1_Init	8	static
../Core/Src/main.c:391:6:USART2_IRQHandler	16	static
../Core/Src/main.c:419:6:StartDefaultTask	16	static
../Core/Src/main.c:440:6:StartTask02	32	static
../Core/Src/main.c:468:6:StartTask03	16	static
../Core/Src/main.c:484:6:StartTask04	16	static
../Core/Src/main.c:500:6:StartTask05	16	static
../Core/Src/main.c:517:6:HAL_TIM_PeriodElapsedCallback	16	static
../Core/Src/main.c:533:6:Error_Handler	8	static,ignoring_inline_asm
