Archive member included to satisfy reference by file (symbol)

c:/st/stm32cubeide_1.7.0/stm32cubeide/plugins/com.st.stm32cube.ide.mcu.externaltools.gnu-tools-for-stm32.10.3-2021.10.win32_1.0.0.202111181127/tools/bin/../lib/gcc/arm-none-eabi/10.3.1/../../../../arm-none-eabi/lib/thumb/v6-m/nofp\libc_nano.a(lib_a-errno.o)
                              ./Core/Src/syscalls.o (__errno)
c:/st/stm32cubeide_1.7.0/stm32cubeide/plugins/com.st.stm32cube.ide.mcu.externaltools.gnu-tools-for-stm32.10.3-2021.10.win32_1.0.0.202111181127/tools/bin/../lib/gcc/arm-none-eabi/10.3.1/../../../../arm-none-eabi/lib/thumb/v6-m/nofp\libc_nano.a(lib_a-exit.o)
                              c:/st/stm32cubeide_1.7.0/stm32cubeide/plugins/com.st.stm32cube.ide.mcu.externaltools.gnu-tools-for-stm32.10.3-2021.10.win32_1.0.0.202111181127/tools/bin/../lib/gcc/arm-none-eabi/10.3.1/../../../../arm-none-eabi/lib/thumb/v6-m/nofp/crt0.o (exit)
c:/st/stm32cubeide_1.7.0/stm32cubeide/plugins/com.st.stm32cube.ide.mcu.externaltools.gnu-tools-for-stm32.10.3-2021.10.win32_1.0.0.202111181127/tools/bin/../lib/gcc/arm-none-eabi/10.3.1/../../../../arm-none-eabi/lib/thumb/v6-m/nofp\libc_nano.a(lib_a-impure.o)
                              c:/st/stm32cubeide_1.7.0/stm32cubeide/plugins/com.st.stm32cube.ide.mcu.externaltools.gnu-tools-for-stm32.10.3-2021.10.win32_1.0.0.202111181127/tools/bin/../lib/gcc/arm-none-eabi/10.3.1/../../../../arm-none-eabi/lib/thumb/v6-m/nofp\libc_nano.a(lib_a-exit.o) (_global_impure_ptr)
c:/st/stm32cubeide_1.7.0/stm32cubeide/plugins/com.st.stm32cube.ide.mcu.externaltools.gnu-tools-for-stm32.10.3-2021.10.win32_1.0.0.202111181127/tools/bin/../lib/gcc/arm-none-eabi/10.3.1/../../../../arm-none-eabi/lib/thumb/v6-m/nofp\libc_nano.a(lib_a-init.o)
                              c:/st/stm32cubeide_1.7.0/stm32cubeide/plugins/com.st.stm32cube.ide.mcu.externaltools.gnu-tools-for-stm32.10.3-2021.10.win32_1.0.0.202111181127/tools/bin/../lib/gcc/arm-none-eabi/10.3.1/../../../../arm-none-eabi/lib/thumb/v6-m/nofp/crt0.o (__libc_init_array)
c:/st/stm32cubeide_1.7.0/stm32cubeide/plugins/com.st.stm32cube.ide.mcu.externaltools.gnu-tools-for-stm32.10.3-2021.10.win32_1.0.0.202111181127/tools/bin/../lib/gcc/arm-none-eabi/10.3.1/../../../../arm-none-eabi/lib/thumb/v6-m/nofp\libc_nano.a(lib_a-memset.o)
                              c:/st/stm32cubeide_1.7.0/stm32cubeide/plugins/com.st.stm32cube.ide.mcu.externaltools.gnu-tools-for-stm32.10.3-2021.10.win32_1.0.0.202111181127/tools/bin/../lib/gcc/arm-none-eabi/10.3.1/../../../../arm-none-eabi/lib/thumb/v6-m/nofp/crt0.o (memset)
c:/st/stm32cubeide_1.7.0/stm32cubeide/plugins/com.st.stm32cube.ide.mcu.externaltools.gnu-tools-for-stm32.10.3-2021.10.win32_1.0.0.202111181127/tools/bin/../lib/gcc/arm-none-eabi/10.3.1/../../../../arm-none-eabi/lib/thumb/v6-m/nofp\libc_nano.a(lib_a-strlen.o)
                              ./Libraries/BML_DRIVERS/Src/BML_DRIVER.o (strlen)
c:/st/stm32cubeide_1.7.0/stm32cubeide/plugins/com.st.stm32cube.ide.mcu.externaltools.gnu-tools-for-stm32.10.3-2021.10.win32_1.0.0.202111181127/tools/bin/../lib/gcc/arm-none-eabi/10.3.1/../../../../arm-none-eabi/lib/thumb/v6-m/nofp\libc_nano.a(lib_a-strncpy.o)
                              ./Libraries/SDCardLib/Src/SDCard.o (strncpy)
c:/st/stm32cubeide_1.7.0/stm32cubeide/plugins/com.st.stm32cube.ide.mcu.externaltools.gnu-tools-for-stm32.10.3-2021.10.win32_1.0.0.202111181127/tools/bin/../lib/gcc/arm-none-eabi/10.3.1/../../../../arm-none-eabi/lib/thumb/v6-m/nofp\libc_nano.a(lib_a-vsnprintf.o)
                              ./Libraries/BML_DRIVERS/Src/BML_DRIVER.o (vsnprintf)
c:/st/stm32cubeide_1.7.0/stm32cubeide/plugins/com.st.stm32cube.ide.mcu.externaltools.gnu-tools-for-stm32.10.3-2021.10.win32_1.0.0.202111181127/tools/bin/../lib/gcc/arm-none-eabi/10.3.1/../../../../arm-none-eabi/lib/thumb/v6-m/nofp\libc_nano.a(lib_a-vsprintf.o)
                              ./Libraries/tft_lib/Src/st7783.o (vsprintf)
c:/st/stm32cubeide_1.7.0/stm32cubeide/plugins/com.st.stm32cube.ide.mcu.externaltools.gnu-tools-for-stm32.10.3-2021.10.win32_1.0.0.202111181127/tools/bin/../lib/gcc/arm-none-eabi/10.3.1/../../../../arm-none-eabi/lib/thumb/v6-m/nofp\libc_nano.a(lib_a-nano-svfprintf.o)
                              c:/st/stm32cubeide_1.7.0/stm32cubeide/plugins/com.st.stm32cube.ide.mcu.externaltools.gnu-tools-for-stm32.10.3-2021.10.win32_1.0.0.202111181127/tools/bin/../lib/gcc/arm-none-eabi/10.3.1/../../../../arm-none-eabi/lib/thumb/v6-m/nofp\libc_nano.a(lib_a-vsnprintf.o) (_svfprintf_r)
c:/st/stm32cubeide_1.7.0/stm32cubeide/plugins/com.st.stm32cube.ide.mcu.externaltools.gnu-tools-for-stm32.10.3-2021.10.win32_1.0.0.202111181127/tools/bin/../lib/gcc/arm-none-eabi/10.3.1/../../../../arm-none-eabi/lib/thumb/v6-m/nofp\libc_nano.a(lib_a-nano-vfprintf_i.o)
[...]
Memory Configuration

Name             Origin             Length             Attributes
RAM              0x0000000020000000 0x0000000000004000 xrw
FLASH            0x0000000008000000 0x0000000000020000 xr
*default*        0x0000000000000000 0xffffffffffffffff

Linker script and memory map

LOAD c:/st/stm32cubeide_1.7.0/stm32cubeide/plugins/com.st.stm32cube.ide.mcu.externaltools.gnu-tools-for-stm32.10.3-2021.10.win32_1.0.0.202111181127/tools/bin/../lib/gcc/arm-none-eabi/10.3.1/thumb/v6-m/nofp/crti.o
LOAD c:/st/stm32cubeide_1.7.0/stm32cubeide/plugins/com.st.stm32cube.ide.mcu.externaltools.gnu-tools-for-stm32.10.3-2021.10.win32_1.0.0.202111181127/tools/bin/../lib/gcc/arm-none-eabi/10.3.1/thumb/v6-m/nofp/crtbegin.o
LOAD c:/st/stm32cubeide_1.7.0/stm32cubeide/plugins/com.st.stm32cube.ide.mcu.externaltools.gnu-tools-for-stm32.10.3-2021.10.win32_1.0.0.202111181127/tools/bin/../lib/gcc/arm-none-eabi/10.3.1/../../../../arm-none-eabi/lib/thumb/v6-m/nofp/crt0.o
LOAD ./Core/Src/main.o
LOAD ./Core/Src/stm32f0xx_hal_msp.o
LOAD ./Core/Src/stm32f0xx_it.o
LOAD ./Core/Src/syscalls.o
LOAD ./Core/Src/sysmem.o
LOAD ./Core/Src/system_stm32f0xx.o
LOAD ./Core/Startup/startup_stm32f070rbtx.o
LOAD ./Drivers/STM32F0xx_HAL_Driver/Src/stm32f0xx_hal.o
LOAD ./Drivers/STM32F0xx_HAL_Driver/Src/stm32f0xx_hal_cortex.o
LOAD ./Drivers/STM32F0xx_HAL_Driver/Src/stm32f0xx_hal_dma.o
LOAD ./Drivers/STM32F0xx_HAL_Driver/Src/stm32f0xx_hal_exti.o
LOAD ./Drivers/STM32F0xx_HAL_Driver/Src/stm32f0xx_hal_flash.o
LOAD ./Drivers/STM32F0xx_HAL_Driver/Src/stm32f0xx_hal_flash_ex.o
LOAD ./Drivers/STM32F0xx_HAL_Driver/Src/stm32f0xx_hal_gpio.o
LOAD ./Drivers/STM32F0xx_HAL_Driver/Src/stm32f0xx_hal_i2c.o
LOAD ./Drivers/STM32F0xx_HAL_Driver/Src/stm32f0xx_hal_i2c_ex.o
LOAD ./Drivers/STM32F0xx_HAL_Driver/Src/stm32f0xx_hal_pwr.o
LOAD ./Drivers/STM32F0xx_HAL_Driver/Src/stm32f0xx_hal_pwr_ex.o
LOAD ./Drivers/STM32F0xx_HAL_Driver/Src/stm32f0xx_hal_rcc.o
LOAD ./Drivers/STM32F0xx_HAL_Driver/Src/stm32f0xx_hal_rcc_ex.o
LOAD ./Drivers/STM32F0xx_HAL_Driver/Src/stm32f0xx_hal_spi.o
LOAD ./Drivers/STM32F0xx_HAL_Driver/Src/stm32f0xx_hal_spi_ex.o
LOAD ./Drivers/STM32F0xx_HAL_Driver/Src/stm32f0xx_hal_tim.o
LOAD ./Drivers/STM32F0xx_HAL_Driver/Src/stm32f0xx_hal_tim_ex.o
LOAD ./FATFS/App/fatfs.o
LOAD ./FATFS/Target/user_diskio.o
LOAD ./FATFS/Target/user_diskio_spi.o
LOAD ./Libraries/BML_DRIVERS/Src/BML_DRIVER.o
LOAD ./Libraries/SDCardLib/Src/SDCard.o
LOAD ./Libraries/tft_lib/Src/fonts.o
LOAD ./Libraries/tft_lib/Src/graphics.o
LOAD ./Libraries/tft_lib/Src/st7783.o
LOAD ./Libraries/tft_lib/Src/touch.o
LOAD ./Middlewares/Third_Party/FatFs/src/diskio.o
LOAD ./Middlewares/Third_Party/FatFs/src/ff.o
LOAD ./Middlewares/Third_Party/FatFs/src/ff_gen_drv.o
LOAD ./Middlewares/Third_Party/FatFs/src/option/syscall.o
START GROUP
LOAD c:/st/stm32cubeide_1.7.0/stm32cubeide/plugins/com.st.stm32cube.ide.mcu.externaltools.gnu-tools-for-stm32.10.3-2021.10.win32_1.0.0.202111181127/tools/bin/../lib/gcc/arm-none-eabi/10.3.1/../../../../arm-none-eabi/lib/thumb/v6-m/nofp\libc_nano.a
LOAD c:/st/stm32cubeide_1.7.0/stm32cubeide/plugins/com.st.stm32cube.ide.mcu.externaltools.gnu-tools-for-stm32.10.3-2021.10.win32_1.0.0.202111181127/tools/bin/../lib/gcc/arm-none-eabi/10.3.1/../../../../arm-none-eabi/lib/thumb/v6-m/nofp\libm.a
END GROUP
START GROUP
LOAD c:/st/stm32cubeide_1.7.0/stm32cubeide/plugins/com.st.stm32cube.ide.mcu.externaltools.gnu-tools-for-stm32.10.3-2021.10.win32_1.0.0.202111181127/tools/bin/../lib/gcc/arm-none-eabi/10.3.1/thumb/v6-m/nofp\libgcc.a
LOAD c:/st/stm32cubeide_1.7.0/stm32cubeide/plugins/com.st.stm32cube.ide.mcu.externaltools.gnu-tools-for-stm32.10.3-2021.10.win32_1.0.0.202111181127/tools/bin/../lib/gcc/arm-none-eabi/10.3.1/../../../../arm-none-eabi/lib/thumb/v6-m/nofp\libc_nano.a
END GROUP
START GROUP
LOAD c:/st/stm32cubeide_1.7.0/stm32cubeide/plugins/com.st.stm32cube.ide.mcu.externaltools.gnu-tools-for-stm32.10.3-2021.10.win32_1.0.0.202111181127/tools/bin/../lib/gcc/arm-none-eabi/10.3.1/thumb/v6-m/nofp\libgcc.a
LOAD c:/st/stm32cubeide_1.7.0/stm32cubeide/plugins/com.st.stm32cube.ide.mcu.externaltools.gnu-tools-for-stm32.10.3-2021.10.win32_1.0.0.202111181127/tools/bin/../lib/gcc/arm-none-eabi/10.3.1/../../../../arm-none-eabi/lib/thumb/v6-m/nofp\libc_nano.a
LOAD c:/st/stm32cubeide_1.7.0/stm32cubeide/plugins/com.st.stm32cube.ide.mcu.externaltools.gnu-tools-for-stm32.10.3-2021.10.win32_1.0.0.202111181127/tools/bin/../lib/gcc/arm-none-eabi/10.3.1/../../../../arm-none-eabi/lib/thumb/v6-m/nofp\libnosys.a
END GROUP
START GROUP
LOAD c:/st/stm32cubeide_1.7.0/stm32cubeide/plugins/com.st.stm32cube.ide.mcu.externaltools.gnu-tools-for-stm32.10.3-2021.10.win32_1.0.0.202111181127/tools/bin/../lib/gcc/arm-none-eabi/10.3.1/thumb/v6-m/nofp\libgcc.a
LOAD c:/st/stm32cubeide_1.7.0/stm32cubeide/plugins/com.st.stm32cube.ide.mcu.externaltools.gnu-tools-for-stm32.10.3-2021.10.win32_1.0.0.202111181127/tools/bin/../lib/gcc/arm-none-eabi/10.3.1/../../../../arm-none-eabi/lib/thumb/v6-m/nofp\libc_nano.a
LOAD c:/st/stm32cubeide_1.7.0/stm32cubeide/plugins/com.st.stm32cube.ide.mcu.externaltools.gnu-tools-for-stm32.10.3-2021.10.win32_1.0.0.202111181127/tools/bin/../lib/gcc/arm-none-eabi/10.3.1/../../../../arm-none-eabi/lib/thumb/v6-m/nofp\libnosys.a
END GROUP
LOAD c:/st/stm32cubeide_1.7.0/stm32cubeide/plugins/com.st.stm32cube.ide.mcu.externaltools.gnu-tools-for-stm32.10.3-2021.10.win32_1.0.0.202111181127/tools/bin/../lib/gcc/arm-none-eabi/10.3.1/thumb/v6-m/nofp/crtend.o
LOAD c:/st/stm32cubeide_1.7.0/stm32cubeide/plugins/com.st.stm32cube.ide.mcu.externaltools.gnu-tools-for-stm32.10.3-2021.10.win32_1.0.0.202111181127/tools/bin/../lib/gcc/arm-none-eabi/10.3.1/thumb/v6-m/nofp/crtn.o
                0x0000000020004000                _estack = (ORIGIN (RAM) + LENGTH (RAM))
                0x0000000000000200                _Min_Heap_Size = 0x200
                0x0000000000000400                _Min_Stack_Size = 0x400

.isr_vector     0x0000000008000000       0xc0
                0x0000000008000000                . = ALIGN (0x4)
 *(.isr_vector)
 .isr_vector    0x0000000008000000       0xc0 ./Core/Startup/startup_stm32f070rbtx.o
                0x0000000008000000                g_pfnVectors
                0x00000000080000c0                . = ALIGN (0x4)

.text           0x00000000080000c0     0x827c
                0x00000000080000c0                . = ALIGN (0x4)
 *(.text)
 .text          0x00000000080000c0       0x48 c:/st/stm32cubeide_1.7.0/stm32cubeide/plugins/com.st.stm32cube.ide.mcu.externaltools.gnu-tools-for-stm32.10.3-2021.10.win32_1.0.0.202111181127/tools/bin/../lib/gcc/arm-none-eabi/10.3.1/thumb/v6-m/nofp/crtbegin.o
 .text          0x0000000008000108        0xe c:/st/stm32cubeide_1.7.0/stm32cubeide/plugins/com.st.stm32cube.ide.mcu.externaltools.gnu-tools-for-stm32.10.3-2021.10.win32_1.0.0.202111181127/tools/bin/../lib/gcc/arm-none-eabi/10.3.1/../../../../arm-none-eabi/lib/thumb/v6-m/nofp\libc_nano.a(lib_a-strlen.o)
                0x0000000008000108                strlen
 *fill*         0x0000000008000116        0x2 
 .text          0x0000000008000118       0x14 c:/st/stm32cubeide_1.7.0/stm32cubeide/plugins/com.st.stm32cube.ide.mcu.externaltools.gnu-tools-for-stm32.10.3-2021.10.win32_1.0.0.202111181127/tools/bin/../lib/gcc/arm-none-eabi/10.3.1/thumb/v6-m/nofp\libgcc.a(_thumb1_case_shi.o)
                0x0000000008000118                __gnu_thumb1_case_shi
 .text          0x000000000800012c      0x114 c:/st/stm32cubeide_1.7.0/stm32cubeide/plugins/com.st.stm32cube.ide.mcu.externaltools.gnu-tools-for-stm32.10.3-2021.10.win32_1.0.0.202111181127/tools/bin/../lib/gcc/arm-none-eabi/10.3.1/thumb/v6-m/nofp\libgcc.a(_udivsi3.o)
                0x000000000800012c                __aeabi_uidiv
                0x000000000800012c                __udivsi3
                0x0000000008000238                __aeabi_uidivmod
 .text          0x0000000008000240        0x4 c:/st/stm32cubeide_1.7.0/stm32cubeide/plugins/com.st.stm32cube.ide.mcu.externaltools.gnu-tools-for-stm32.10.3-2021.10.win32_1.0.0.202111181127/tools/bin/../lib/gcc/arm-none-eabi/10.3.1/thumb/v6-m/nofp\libgcc.a(_dvmd_tls.o)
                0x0000000008000240                __aeabi_idiv0
                0x0000000008000240                __aeabi_ldiv0
 *(.text*)
 .text.main     0x0000000008000244      0x100 ./Core/Src/main.o
                0x0000000008000244                main
 .text.MX_SPI1_Init
                0x0000000008000344       0x7c ./Core/Src/main.o
 .text.MX_GPIO_Init
                0x00000000080003c0       0xb4 ./Core/Src/main.o
 .text.Error_Handler
                0x0000000008000474        0xa ./Core/Src/main.o
                0x0000000008000474                Error_Handler
 *fill*         0x000000000800047e        0x2 
 .text.HAL_MspInit
                0x0000000008000480       0x48 ./Core/Src/stm32f0xx_hal_msp.o
                0x0000000008000480                HAL_MspInit
 .text.HAL_SPI_MspInit
                0x00000000080004c8       0x98 ./Core/Src/stm32f0xx_hal_msp.o
                0x00000000080004c8                HAL_SPI_MspInit
 .text.NMI_Handler
                0x0000000008000560        0x6 ./Core/Src/stm32f0xx_it.o
                0x0000000008000560                NMI_Handler
 .text.HardFault_Handler
                0x0000000008000566        0x6 ./Core/Src/stm32f0xx_it.o
                0x0000000008000566                HardFault_Handler
 .text.SVC_Handler
                0x000000000800056c        0xa ./Core/Src/stm32f0xx_it.o
                0x000000000800056c                SVC_Handler
 .text.PendSV_Handler
                0x0000000008000576        0xa ./Core/Src/stm32f0xx_it.o
                0x0000000008000576                PendSV_Handler
 .text.SysTick_Handler
                0x0000000008000580       0x12 ./Core/Src/stm32f0xx_it.o
                0x0000000008000580                SysTick_Handler
 *fill*         0x0000000008000592        0x2 
 .text._sbrk    0x0000000008000594       0x6c ./Core/Src/sysmem.o
                0x0000000008000594                _sbrk
 .text.SystemInit
                0x0000000008000600        0xa ./Core/Src/system_stm32f0xx.o
                0x0000000008000600                SystemInit
 *fill*         0x000000000800060a        0x2 
 .text.Reset_Handler
                0x000000000800060c       0x50 ./Core/Startup/startup_stm32f070rbtx.o
                0x000000000800060c                Reset_Handler
 .text.Default_Handler
                0x000000000800065c        0x2 ./Core/Startup/startup_stm32f070rbtx.o
                0x000000000800065c                TIM1_CC_IRQHandler
                0x000000000800065c                I2C1_IRQHandler
                0x000000000800065c                SPI1_IRQHandler
                0x000000000800065c                USART3_4_IRQHandler
                0x000000000800065c                EXTI2_3_IRQHandler
                0x000000000800065c                ADC1_IRQHandler
                0x000000000800065c                I2C2_IRQHandler
                0x000000000800065c                TIM17_IRQHandler
                0x000000000800065c                RTC_IRQHandler
                0x000000000800065c                TIM16_IRQHandler
                0x000000000800065c                TIM3_IRQHandler
                0x000000000800065c                EXTI4_15_IRQHandler
                0x000000000800065c                RCC_IRQHandler
                0x000000000800065c                DMA1_Channel1_IRQHandler
                0x000000000800065c                Default_Handler
                0x000000000800065c                TIM14_IRQHandler
                0x000000000800065c                DMA1_Channel4_5_IRQHandler
                0x000000000800065c                TIM7_IRQHandler
                0x000000000800065c                TIM15_IRQHandler
                0x000000000800065c                EXTI0_1_IRQHandler
                0x000000000800065c                USB_IRQHandler
                0x000000000800065c                SPI2_IRQHandler
                0x000000000800065c                WWDG_IRQHandler
                0x000000000800065c                DMA1_Channel2_3_IRQHandler
                0x000000000800065c                USART2_IRQHandler
                0x000000000800065c                FLASH_IRQHandler
                0x000000000800065c                USART1_IRQHandler
                0x000000000800065c                TIM1_BRK_UP_TRG_COM_IRQHandler
 *fill*         0x000000000800065e        0x2 
 .text.HAL_Init
                0x0000000008000660       0x28 ./Drivers/STM32F0xx_HAL_Driver/Src/stm32f0xx_hal.o
                0x0000000008000660                HAL_Init
 .text.HAL_InitTick
                0x0000000008000688       0x68 ./Drivers/STM32F0xx_HAL_Driver/Src/stm32f0xx_hal.o
                0x0000000008000688                HAL_InitTick
 .text.HAL_IncTick
                0x00000000080006f0       0x24 ./Drivers/STM32F0xx_HAL_Driver/Src/stm32f0xx_hal.o
                0x00000000080006f0                HAL_IncTick
 .text.HAL_GetTick
                0x0000000008000714       0x14 ./Drivers/STM32F0xx_HAL_Driver/Src/stm32f0xx_hal.o
                0x0000000008000714                HAL_GetTick
 .text.HAL_Delay
                0x0000000008000728       0x48 ./Drivers/STM32F0xx_HAL_Driver/Src/stm32f0xx_hal.o
                0x0000000008000728                HAL_Delay
 .text.__NVIC_SetPriority
                0x0000000008000770       0xdc ./Drivers/STM32F0xx_HAL_Driver/Src/stm32f0xx_hal_cortex.o
 .text.SysTick_Config
                0x000000000800084c       0x48 ./Drivers/STM32F0xx_HAL_Driver/Src/stm32f0xx_hal_cortex.o
 .text.HAL_NVIC_SetPriority
                0x0000000008000894       0x2a ./Drivers/STM32F0xx_HAL_Driver/Src/stm32f0xx_hal_cortex.o
                0x0000000008000894                HAL_NVIC_SetPriority
 .text.HAL_SYSTICK_Config
                0x00000000080008be       0x1a ./Drivers/STM32F0xx_HAL_Driver/Src/stm32f0xx_hal_cortex.o
                0x00000000080008be                HAL_SYSTICK_Config
 .text.HAL_GPIO_Init
                0x00000000080008d8      0x2e0 ./Drivers/STM32F0xx_HAL_Driver/Src/stm32f0xx_hal_gpio.o
                0x00000000080008d8                HAL_GPIO_Init
 .text.HAL_RCC_OscConfig
                0x0000000008000bb8      0x63c ./Drivers/STM32F0xx_HAL_Driver/Src/stm32f0xx_hal_rcc.o
                0x0000000008000bb8                HAL_RCC_OscConfig
 .text.HAL_RCC_ClockConfig
                0x00000000080011f4      0x19c ./Drivers/STM32F0xx_HAL_Driver/Src/stm32f0xx_hal_rcc.o
                0x00000000080011f4                HAL_RCC_ClockConfig
 .text.HAL_RCC_GetSysClockFreq
                0x0000000008001390       0xcc ./Drivers/STM32F0xx_HAL_Driver/Src/stm32f0xx_hal_rcc.o
                0x0000000008001390                HAL_RCC_GetSysClockFreq
 .text.HAL_SPI_Init
                0x000000000800145c      0x170 ./Drivers/STM32F0xx_HAL_Driver/Src/stm32f0xx_hal_spi.o
                0x000000000800145c                HAL_SPI_Init
 .text.HAL_SPI_TransmitReceive
                0x00000000080015cc      0x3a4 ./Drivers/STM32F0xx_HAL_Driver/Src/stm32f0xx_hal_spi.o
                0x00000000080015cc                HAL_SPI_TransmitReceive
 .text.SPI_WaitFlagStateUntilTimeout
                0x0000000008001970      0x11c ./Drivers/STM32F0xx_HAL_Driver/Src/stm32f0xx_hal_spi.o
 .text.SPI_WaitFifoStateUntilTimeout
                0x0000000008001a8c      0x144 ./Drivers/STM32F0xx_HAL_Driver/Src/stm32f0xx_hal_spi.o
 .text.SPI_EndRxTxTransaction
                0x0000000008001bd0       0x8c ./Drivers/STM32F0xx_HAL_Driver/Src/stm32f0xx_hal_spi.o
 .text.MX_FATFS_Init
                0x0000000008001c5c       0x2c ./FATFS/App/fatfs.o
                0x0000000008001c5c                MX_FATFS_Init
 .text.get_fattime
                0x0000000008001c88        0xc ./FATFS/App/fatfs.o
                0x0000000008001c88                get_fattime
 .text.USER_initialize
                0x0000000008001c94       0x20 ./FATFS/Target/user_diskio.o
                0x0000000008001c94                USER_initialize
 .text.USER_status
                0x0000000008001cb4       0x20 ./FATFS/Target/user_diskio.o
                0x0000000008001cb4                USER_status
 .text.USER_read
                0x0000000008001cd4       0x2e ./FATFS/Target/user_diskio.o
                0x0000000008001cd4                USER_read
 .text.USER_write
                0x0000000008001d02       0x2e ./FATFS/Target/user_diskio.o
                0x0000000008001d02                USER_write
 .text.USER_ioctl
                0x0000000008001d30       0x2e ./FATFS/Target/user_diskio.o
                0x0000000008001d30                USER_ioctl
 *fill*         0x0000000008001d5e        0x2 
 .text.SPI_Timer_On
                0x0000000008001d60       0x28 ./FATFS/Target/user_diskio_spi.o
                0x0000000008001d60                SPI_Timer_On
 .text.SPI_Timer_Status
                0x0000000008001d88       0x2c ./FATFS/Target/user_diskio_spi.o
                0x0000000008001d88                SPI_Timer_Status
 .text.xchg_spi
                0x0000000008001db4       0x30 ./FATFS/Target/user_diskio_spi.o
 .text.rcvr_spi_multi
                0x0000000008001de4       0x38 ./FATFS/Target/user_diskio_spi.o
 .text.xmit_spi_multi
                0x0000000008001e1c       0x36 ./FATFS/Target/user_diskio_spi.o
 .text.wait_ready
                0x0000000008001e52       0x50 ./FATFS/Target/user_diskio_spi.o
 *fill*         0x0000000008001ea2        0x2 
 .text.despiselect
                0x0000000008001ea4       0x20 ./FATFS/Target/user_diskio_spi.o
 .text.spiselect
                0x0000000008001ec4       0x38 ./FATFS/Target/user_diskio_spi.o
 .text.rcvr_datablock
                0x0000000008001efc       0x5e ./FATFS/Target/user_diskio_spi.o
 .text.xmit_datablock
                0x0000000008001f5a       0x74 ./FATFS/Target/user_diskio_spi.o
 .text.send_cmd
                0x0000000008001fce      0x11c ./FATFS/Target/user_diskio_spi.o
 *fill*         0x00000000080020ea        0x2 
 .text.USER_SPI_initialize
                0x00000000080020ec      0x230 ./FATFS/Target/user_diskio_spi.o
                0x00000000080020ec                USER_SPI_initialize
 .text.USER_SPI_status
                0x000000000800231c       0x2c ./FATFS/Target/user_diskio_spi.o
                0x000000000800231c                USER_SPI_status
 .text.USER_SPI_read
                0x0000000008002348       0xd8 ./FATFS/Target/user_diskio_spi.o
                0x0000000008002348                USER_SPI_read
 .text.USER_SPI_write
                0x0000000008002420      0x100 ./FATFS/Target/user_diskio_spi.o
                0x0000000008002420                USER_SPI_write
 .text.USER_SPI_ioctl
                0x0000000008002520      0x328 ./FATFS/Target/user_diskio_spi.o
                0x0000000008002520                USER_SPI_ioctl
 .text.gpio_clk_en
                0x0000000008002848       0x90 ./Libraries/BML_DRIVERS/Src/BML_DRIVER.o
                0x0000000008002848                gpio_clk_en
 .text.gpio_config
                0x00000000080028d8       0xda ./Libraries/BML_DRIVERS/Src/BML_DRIVER.o
                0x00000000080028d8                gpio_config
 *fill*         0x00000000080029b2        0x2 
 .text.gpio_moder
                0x00000000080029b4       0x30 ./Libraries/BML_DRIVERS/Src/BML_DRIVER.o
                0x00000000080029b4                gpio_moder
 .text.gpio_speed
                0x00000000080029e4       0x30 ./Libraries/BML_DRIVERS/Src/BML_DRIVER.o
                0x00000000080029e4                gpio_speed
 .text.gpio_PUPD
                0x0000000008002a14       0x30 ./Libraries/BML_DRIVERS/Src/BML_DRIVER.o
                0x0000000008002a14                gpio_PUPD
 .text.gpio_PHPL_OD
                0x0000000008002a44       0x26 ./Libraries/BML_DRIVERS/Src/BML_DRIVER.o
                0x0000000008002a44                gpio_PHPL_OD
 .text.gpio_altfn
                0x0000000008002a6a       0x46 ./Libraries/BML_DRIVERS/Src/BML_DRIVER.o
                0x0000000008002a6a                gpio_altfn
 .text.gpio_write
                0x0000000008002ab0       0x3e ./Libraries/BML_DRIVERS/Src/BML_DRIVER.o
                0x0000000008002ab0                gpio_write
 *fill*         0x0000000008002aee        0x2 
 .text.print    0x0000000008002af0       0x80 ./Libraries/BML_DRIVERS/Src/BML_DRIVER.o
                0x0000000008002af0                print
 .text.uart_print_config
                0x0000000008002b70       0x9c ./Libraries/BML_DRIVERS/Src/BML_DRIVER.o
                0x0000000008002b70                uart_print_config
 .text.TIM6_IRQHandler
                0x0000000008002c0c       0x2c ./Libraries/BML_DRIVERS/Src/BML_DRIVER.o
                0x0000000008002c0c                TIM6_IRQHandler
 .text.sysIncrementTicks
                0x0000000008002c38       0x18 ./Libraries/BML_DRIVERS/Src/BML_DRIVER.o
                0x0000000008002c38                sysIncrementTicks
 .text.adc_chsel
                0x0000000008002c50      0x158 ./Libraries/BML_DRIVERS/Src/BML_DRIVER.o
                0x0000000008002c50                adc_chsel
 .text.RCC_CONFIG_48MHZ
                0x0000000008002da8       0xa8 ./Libraries/BML_DRIVERS/Src/BML_DRIVER.o
                0x0000000008002da8                RCC_CONFIG_48MHZ
 .text.sd_mount
                0x0000000008002e50       0x54 ./Libraries/SDCardLib/Src/SDCard.o
                0x0000000008002e50                sd_mount
 .text.sd_space
                0x0000000008002ea4       0x8c ./Libraries/SDCardLib/Src/SDCard.o
                0x0000000008002ea4                sd_space
 .text.sd_openFile
                0x0000000008002f30       0x6c ./Libraries/SDCardLib/Src/SDCard.o
                0x0000000008002f30                sd_openFile
 .text.sd_closeFile
                0x0000000008002f9c       0x50 ./Libraries/SDCardLib/Src/SDCard.o
                0x0000000008002f9c                sd_closeFile
 .text.sd_read8bits
                0x0000000008002fec       0x7c ./Libraries/SDCardLib/Src/SDCard.o
                0x0000000008002fec                sd_read8bits
 .text.sd_read32bits
                0x0000000008003068       0x6a ./Libraries/SDCardLib/Src/SDCard.o
                0x0000000008003068                sd_read32bits
 *fill*         0x00000000080030d2        0x2 
 .text.sd_deMount
                0x00000000080030d4       0x1c ./Libraries/SDCardLib/Src/SDCard.o
                0x00000000080030d4                sd_deMount
 .text.displayPic24bit
                0x00000000080030f0      0x438 ./Libraries/SDCardLib/Src/SDCard.o
                0x00000000080030f0                displayPic24bit
 .text.displayPic32bit
                0x0000000008003528      0x444 ./Libraries/SDCardLib/Src/SDCard.o
                0x0000000008003528                displayPic32bit
 .text.delay    0x000000000800396c       0x22 ./Libraries/tft_lib/Src/st7783.o
                0x000000000800396c                delay
 *fill*         0x000000000800398e        0x2 
 .text.GPIO_Init
                0x0000000008003990      0x180 ./Libraries/tft_lib/Src/st7783.o
 .text.LCD_Begin
                0x0000000008003b10      0x108 ./Libraries/tft_lib/Src/st7783.o
                0x0000000008003b10                LCD_Begin
 .text.LCD_Color565
                0x0000000008003c18       0x58 ./Libraries/tft_lib/Src/st7783.o
                0x0000000008003c18                LCD_Color565
 .text.LCD_FillScreen
                0x0000000008003c70       0xb4 ./Libraries/tft_lib/Src/st7783.o
                0x0000000008003c70                LCD_FillScreen
 .text.LCD_Flood
                0x0000000008003d24      0x340 ./Libraries/tft_lib/Src/st7783.o
                0x0000000008003d24                LCD_Flood
 .text.LCD_pushColors
                0x0000000008004064       0xb8 ./Libraries/tft_lib/Src/st7783.o
                0x0000000008004064                LCD_pushColors
 .text.LCD_Reset
                0x000000000800411c       0xcc ./Libraries/tft_lib/Src/st7783.o
                0x000000000800411c                LCD_Reset
 .text.LCD_SetRotation
                0x00000000080041e8       0x68 ./Libraries/tft_lib/Src/st7783.o
                0x00000000080041e8                LCD_SetRotation
 .text.LCD_getRotation
                0x0000000008004250       0x14 ./Libraries/tft_lib/Src/st7783.o
                0x0000000008004250                LCD_getRotation
 .text.LCD_SetAddrWindow
                0x0000000008004264      0x120 ./Libraries/tft_lib/Src/st7783.o
                0x0000000008004264                LCD_SetAddrWindow
 .text.LCD_Write8
                0x0000000008004384       0xf4 ./Libraries/tft_lib/Src/st7783.o
                0x0000000008004384                LCD_Write8
 .text.LCD_WriteRegister16
                0x0000000008004478       0x8a ./Libraries/tft_lib/Src/st7783.o
                0x0000000008004478                LCD_WriteRegister16
 *fill*         0x0000000008004502        0x2 
 .text.disk_status
                0x0000000008004504       0x44 ./Middlewares/Third_Party/FatFs/src/diskio.o
                0x0000000008004504                disk_status
 .text.disk_initialize
                0x0000000008004548       0x60 ./Middlewares/Third_Party/FatFs/src/diskio.o
                0x0000000008004548                disk_initialize
 .text.disk_read
                0x00000000080045a8       0x50 ./Middlewares/Third_Party/FatFs/src/diskio.o
                0x00000000080045a8                disk_read
 .text.disk_write
                0x00000000080045f8       0x50 ./Middlewares/Third_Party/FatFs/src/diskio.o
                0x00000000080045f8                disk_write
 .text.disk_ioctl
                0x0000000008004648       0x50 ./Middlewares/Third_Party/FatFs/src/diskio.o
                0x0000000008004648                disk_ioctl
 .text.mem_cpy  0x0000000008004698       0x3a ./Middlewares/Third_Party/FatFs/src/ff.o
 .text.mem_set  0x00000000080046d2       0x32 ./Middlewares/Third_Party/FatFs/src/ff.o
 .text.mem_cmp  0x0000000008004704       0x4a ./Middlewares/Third_Party/FatFs/src/ff.o
 .text.chk_chr  0x000000000800474e       0x32 ./Middlewares/Third_Party/FatFs/src/ff.o
 .text.chk_lock
                0x0000000008004780       0xdc ./Middlewares/Third_Party/FatFs/src/ff.o
 .text.enq_lock
                0x000000000800485c       0x40 ./Middlewares/Third_Party/FatFs/src/ff.o
 .text.inc_lock
                0x000000000800489c      0x170 ./Middlewares/Third_Party/FatFs/src/ff.o
 .text.dec_lock
                0x0000000008004a0c       0xa8 ./Middlewares/Third_Party/FatFs/src/ff.o
 .text.clear_lock
                0x0000000008004ab4       0x4c ./Middlewares/Third_Party/FatFs/src/ff.o
 .text.sync_window
                0x0000000008004b00       0xb0 ./Middlewares/Third_Party/FatFs/src/ff.o
 .text.move_window
                0x0000000008004bb0       0x78 ./Middlewares/Third_Party/FatFs/src/ff.o
 .text.sync_fs  0x0000000008004c28      0x1a8 ./Middlewares/Third_Party/FatFs/src/ff.o
 .text.clust2sect
                0x0000000008004dd0       0x48 ./Middlewares/Third_Party/FatFs/src/ff.o
                0x0000000008004dd0                clust2sect
 .text.get_fat  0x0000000008004e18      0x184 ./Middlewares/Third_Party/FatFs/src/ff.o
                0x0000000008004e18                get_fat
 .text.put_fat  0x0000000008004f9c      0x25c ./Middlewares/Third_Party/FatFs/src/ff.o
                0x0000000008004f9c                put_fat
 .text.remove_chain
                0x00000000080051f8       0xe0 ./Middlewares/Third_Party/FatFs/src/ff.o
 .text.create_chain
                0x00000000080052d8      0x16c ./Middlewares/Third_Party/FatFs/src/ff.o
 .text.clmt_clust
                0x0000000008005444       0x74 ./Middlewares/Third_Party/FatFs/src/ff.o
 .text.dir_sdi  0x00000000080054b8      0x160 ./Middlewares/Third_Party/FatFs/src/ff.o
 .text.dir_next
                0x0000000008005618      0x234 ./Middlewares/Third_Party/FatFs/src/ff.o
 .text.dir_alloc
                0x000000000800584c       0xba ./Middlewares/Third_Party/FatFs/src/ff.o
 .text.ld_clust
                0x0000000008005906       0x5a ./Middlewares/Third_Party/FatFs/src/ff.o
 .text.st_clust
                0x0000000008005960       0x4a ./Middlewares/Third_Party/FatFs/src/ff.o
 .text.dir_find
                0x00000000080059aa       0xc8 ./Middlewares/Third_Party/FatFs/src/ff.o
 .text.dir_register
                0x0000000008005a72       0x92 ./Middlewares/Third_Party/FatFs/src/ff.o
 .text.create_name
                0x0000000008005b04      0x200 ./Middlewares/Third_Party/FatFs/src/ff.o
 .text.follow_path
                0x0000000008005d04      0x110 ./Middlewares/Third_Party/FatFs/src/ff.o
 .text.get_ldnumber
                0x0000000008005e14       0x84 ./Middlewares/Third_Party/FatFs/src/ff.o
 .text.check_fs
                0x0000000008005e98       0xdc ./Middlewares/Third_Party/FatFs/src/ff.o
 .text.find_volume
                0x0000000008005f74      0x63c ./Middlewares/Third_Party/FatFs/src/ff.o
 .text.validate
                0x00000000080065b0       0x7c ./Middlewares/Third_Party/FatFs/src/ff.o
 .text.f_mount  0x000000000800662c       0xa0 ./Middlewares/Third_Party/FatFs/src/ff.o
                0x000000000800662c                f_mount
 .text.f_open   0x00000000080066cc      0x508 ./Middlewares/Third_Party/FatFs/src/ff.o
                0x00000000080066cc                f_open
 .text.f_read   0x0000000008006bd4      0x334 ./Middlewares/Third_Party/FatFs/src/ff.o
                0x0000000008006bd4                f_read
 .text.f_sync   0x0000000008006f08      0x1ac ./Middlewares/Third_Party/FatFs/src/ff.o
                0x0000000008006f08                f_sync
 .text.f_close  0x00000000080070b4       0x6e ./Middlewares/Third_Party/FatFs/src/ff.o
                0x00000000080070b4                f_close
 *fill*         0x0000000008007122        0x2 
 .text.f_lseek  0x0000000008007124      0x558 ./Middlewares/Third_Party/FatFs/src/ff.o
                0x0000000008007124                f_lseek
 .text.f_getfree
                0x000000000800767c      0x1c8 ./Middlewares/Third_Party/FatFs/src/ff.o
                0x000000000800767c                f_getfree
 .text.f_gets   0x0000000008007844       0x88 ./Middlewares/Third_Party/FatFs/src/ff.o
                0x0000000008007844                f_gets
 .text.FATFS_LinkDriverEx
                0x00000000080078cc       0xa8 ./Middlewares/Third_Party/FatFs/src/ff_gen_drv.o
                0x00000000080078cc                FATFS_LinkDriverEx
 .text.FATFS_LinkDriver
                0x0000000008007974       0x20 ./Middlewares/Third_Party/FatFs/src/ff_gen_drv.o
                0x0000000008007974                FATFS_LinkDriver
 .text.__errno  0x0000000008007994        0xc c:/st/stm32cubeide_1.7.0/stm32cubeide/plugins/com.st.stm32cube.ide.mcu.externaltools.gnu-tools-for-stm32.10.3-2021.10.win32_1.0.0.202111181127/tools/bin/../lib/gcc/arm-none-eabi/10.3.1/../../../../arm-none-eabi/lib/thumb/v6-m/nofp\libc_nano.a(lib_a-errno.o)
                0x0000000008007994                __errno
 .text.__libc_init_array
                0x00000000080079a0       0x48 c:/st/stm32cubeide_1.7.0/stm32cubeide/plugins/com.st.stm32cube.ide.mcu.externaltools.gnu-tools-for-stm32.10.3-2021.10.win32_1.0.0.202111181127/tools/bin/../lib/gcc/arm-none-eabi/10.3.1/../../../../arm-none-eabi/lib/thumb/v6-m/nofp\libc_nano.a(lib_a-init.o)
                0x00000000080079a0                __libc_init_array
 .text.memset   0x00000000080079e8       0x10 c:/st/stm32cubeide_1.7.0/stm32cubeide/plugins/com.st.stm32cube.ide.mcu.externaltools.gnu-tools-for-stm32.10.3-2021.10.win32_1.0.0.202111181127/tools/bin/../lib/gcc/arm-none-eabi/10.3.1/../../../../arm-none-eabi/lib/thumb/v6-m/nofp\libc_nano.a(lib_a-memset.o)
                0x00000000080079e8                memset
 .text.strncpy  0x00000000080079f8       0x28 c:/st/stm32cubeide_1.7.0/stm32cubeide/plugins/com.st.stm32cube.ide.mcu.externaltools.gnu-tools-for-stm32.10.3-2021.10.win32_1.0.0.202111181127/tools/bin/../lib/gcc/arm-none-eabi/10.3.1/../../../../arm-none-eabi/lib/thumb/v6-m/nofp\libc_nano.a(lib_a-strncpy.o)
                0x00000000080079f8                strncpy
 .text._vsnprintf_r
                0x0000000008007a20       0x56 c:/st/stm32cubeide_1.7.0/stm32cubeide/plugins/com.st.stm32cube.ide.mcu.externaltools.gnu-tools-for-stm32.10.3-2021.10.win32_1.0.0.202111181127/tools/bin/../lib/gcc/arm-none-eabi/10.3.1/../../../../arm-none-eabi/lib/thumb/v6-m/nofp\libc_nano.a(lib_a-vsnprintf.o)
                0x0000000008007a20                _vsniprintf_r
                0x0000000008007a20                _vsnprintf_r
 *fill*         0x0000000008007a76        0x2 
 .text.vsnprintf
                0x0000000008007a78       0x18 c:/st/stm32cubeide_1.7.0/stm32cubeide/plugins/com.st.stm32cube.ide.mcu.externaltools.gnu-tools-for-stm32.10.3-2021.10.win32_1.0.0.202111181127/tools/bin/../lib/gcc/arm-none-eabi/10.3.1/../../../../arm-none-eabi/lib/thumb/v6-m/nofp\libc_nano.a(lib_a-vsnprintf.o)
                0x0000000008007a78                vsniprintf
                0x0000000008007a78                vsnprintf
 .text.__ssputs_r
                0x0000000008007a90       0xc4 c:/st/stm32cubeide_1.7.0/stm32cubeide/plugins/com.st.stm32cube.ide.mcu.externaltools.gnu-tools-for-stm32.10.3-2021.10.win32_1.0.0.202111181127/tools/bin/../lib/gcc/arm-none-eabi/10.3.1/../../../../arm-none-eabi/lib/thumb/v6-m/nofp\libc_nano.a(lib_a-nano-svfprintf.o)
                0x0000000008007a90                __ssputs_r
 .text._svfprintf_r
                0x0000000008007b54      0x200 c:/st/stm32cubeide_1.7.0/stm32cubeide/plugins/com.st.stm32cube.ide.mcu.externaltools.gnu-tools-for-stm32.10.3-2021.10.win32_1.0.0.202111181127/tools/bin/../lib/gcc/arm-none-eabi/10.3.1/../../../../arm-none-eabi/lib/thumb/v6-m/nofp\libc_nano.a(lib_a-nano-svfprintf.o)
                0x0000000008007b54                _svfiprintf_r
                0x0000000008007b54                _svfprintf_r
 .text._printf_common
                0x0000000008007d54       0xde c:/st/stm32cubeide_1.7.0/stm32cubeide/plugins/com.st.stm32cube.ide.mcu.externaltools.gnu-tools-for-stm32.10.3-2021.10.win32_1.0.0.202111181127/tools/bin/../lib/gcc/arm-none-eabi/10.3.1/../../../../arm-none-eabi/lib/thumb/v6-m/nofp\libc_nano.a(lib_a-nano-vfprintf_i.o)
                0x0000000008007d54                _printf_common
 *fill*         0x0000000008007e32        0x2 
 .text._printf_i
                0x0000000008007e34      0x224 c:/st/stm32cubeide_1.7.0/stm32cubeide/plugins/com.st.stm32cube.ide.mcu.externaltools.gnu-tools-for-stm32.10.3-2021.10.win32_1.0.0.202111181127/tools/bin/../lib/gcc/arm-none-eabi/10.3.1/../../../../arm-none-eabi/lib/thumb/v6-m/nofp\libc_nano.a(lib_a-nano-vfprintf_i.o)
                0x0000000008007e34                _printf_i
 .text.memchr   0x0000000008008058       0x16 c:/st/stm32cubeide_1.7.0/stm32cubeide/plugins/com.st.stm32cube.ide.mcu.externaltools.gnu-tools-for-stm32.10.3-2021.10.win32_1.0.0.202111181127/tools/bin/../lib/gcc/arm-none-eabi/10.3.1/../../../../arm-none-eabi/lib/thumb/v6-m/nofp\libc_nano.a(lib_a-memchr-stub.o)
                0x0000000008008058                memchr
 .text.memcpy   0x000000000800806e       0x12 c:/st/stm32cubeide_1.7.0/stm32cubeide/plugins/com.st.stm32cube.ide.mcu.externaltools.gnu-tools-for-stm32.10.3-2021.10.win32_1.0.0.202111181127/tools/bin/../lib/gcc/arm-none-eabi/10.3.1/../../../../arm-none-eabi/lib/thumb/v6-m/nofp\libc_nano.a(lib_a-memcpy-stub.o)
                0x000000000800806e                memcpy
 .text.memmove  0x0000000008008080       0x26 c:/st/stm32cubeide_1.7.0/stm32cubeide/plugins/com.st.stm32cube.ide.mcu.externaltools.gnu-tools-for-stm32.10.3-2021.10.win32_1.0.0.202111181127/tools/bin/../lib/gcc/arm-none-eabi/10.3.1/../../../../arm-none-eabi/lib/thumb/v6-m/nofp\libc_nano.a(lib_a-memmove.o)
                0x0000000008008080                memmove
 *fill*         0x00000000080080a6        0x2 
 .text._free_r  0x00000000080080a8       0x94 c:/st/stm32cubeide_1.7.0/stm32cubeide/plugins/com.st.stm32cube.ide.mcu.externaltools.gnu-tools-for-stm32.10.3-2021.10.win32_1.0.0.202111181127/tools/bin/../lib/gcc/arm-none-eabi/10.3.1/../../../../arm-none-eabi/lib/thumb/v6-m/nofp\libc_nano.a(lib_a-nano-freer.o)
                0x00000000080080a8                _free_r
 .text.sbrk_aligned
                0x000000000800813c       0x44 c:/st/stm32cubeide_1.7.0/stm32cubeide/plugins/com.st.stm32cube.ide.mcu.externaltools.gnu-tools-for-stm32.10.3-2021.10.win32_1.0.0.202111181127/tools/bin/../lib/gcc/arm-none-eabi/10.3.1/../../../../arm-none-eabi/lib/thumb/v6-m/nofp\libc_nano.a(lib_a-nano-mallocr.o)
 .text._malloc_r
                0x0000000008008180       0xec c:/st/stm32cubeide_1.7.0/stm32cubeide/plugins/com.st.stm32cube.ide.mcu.externaltools.gnu-tools-for-stm32.10.3-2021.10.win32_1.0.0.202111181127/tools/bin/../lib/gcc/arm-none-eabi/10.3.1/../../../../arm-none-eabi/lib/thumb/v6-m/nofp\libc_nano.a(lib_a-nano-mallocr.o)
                0x0000000008008180                _malloc_r
 .text._realloc_r
                0x000000000800826c       0x5e c:/st/stm32cubeide_1.7.0/stm32cubeide/plugins/com.st.stm32cube.ide.mcu.externaltools.gnu-tools-for-stm32.10.3-2021.10.win32_1.0.0.202111181127/tools/bin/../lib/gcc/arm-none-eabi/10.3.1/../../../../arm-none-eabi/lib/thumb/v6-m/nofp\libc_nano.a(lib_a-nano-reallocr.o)
                0x000000000800826c                _realloc_r
 *fill*         0x00000000080082ca        0x2 
 .text._sbrk_r  0x00000000080082cc       0x24 c:/st/stm32cubeide_1.7.0/stm32cubeide/plugins/com.st.stm32cube.ide.mcu.externaltools.gnu-tools-for-stm32.10.3-2021.10.win32_1.0.0.202111181127/tools/bin/../lib/gcc/arm-none-eabi/10.3.1/../../../../arm-none-eabi/lib/thumb/v6-m/nofp\libc_nano.a(lib_a-sbrkr.o)
                0x00000000080082cc                _sbrk_r
 .text.__malloc_lock
                0x00000000080082f0       0x10 c:/st/stm32cubeide_1.7.0/stm32cubeide/plugins/com.st.stm32cube.ide.mcu.externaltools.gnu-tools-for-stm32.10.3-2021.10.win32_1.0.0.202111181127/tools/bin/../lib/gcc/arm-none-eabi/10.3.1/../../../../arm-none-eabi/lib/thumb/v6-m/nofp\libc_nano.a(lib_a-mlock.o)
                0x00000000080082f0                __malloc_lock
 .text.__malloc_unlock
                0x0000000008008300       0x10 c:/st/stm32cubeide_1.7.0/stm32cubeide/plugins/com.st.stm32cube.ide.mcu.externaltools.gnu-tools-for-stm32.10.3-2021.10.win32_1.0.0.202111181127/tools/bin/../lib/gcc/arm-none-eabi/10.3.1/../../../../arm-none-eabi/lib/thumb/v6-m/nofp\libc_nano.a(lib_a-mlock.o)
                0x0000000008008300                __malloc_unlock
 .text._malloc_usable_size_r
                0x0000000008008310       0x10 c:/st/stm32cubeide_1.7.0/stm32cubeide/plugins/com.st.stm32cube.ide.mcu.externaltools.gnu-tools-for-stm32.10.3-2021.10.win32_1.0.0.202111181127/tools/bin/../lib/gcc/arm-none-eabi/10.3.1/../../../../arm-none-eabi/lib/thumb/v6-m/nofp\libc_nano.a(lib_a-nano-msizer.o)
                0x0000000008008310                _malloc_usable_size_r
 .text.__retarget_lock_acquire_recursive
                0x0000000008008320        0x2 c:/st/stm32cubeide_1.7.0/stm32cubeide/plugins/com.st.stm32cube.ide.mcu.externaltools.gnu-tools-for-stm32.10.3-2021.10.win32_1.0.0.202111181127/tools/bin/../lib/gcc/arm-none-eabi/10.3.1/../../../../arm-none-eabi/lib/thumb/v6-m/nofp\libc_nano.a(lib_a-lock.o)
                0x0000000008008320                __retarget_lock_acquire_recursive
 .text.__retarget_lock_release_recursive
                0x0000000008008322        0x2 c:/st/stm32cubeide_1.7.0/stm32cubeide/plugins/com.st.stm32cube.ide.mcu.externaltools.gnu-tools-for-stm32.10.3-2021.10.win32_1.0.0.202111181127/tools/bin/../lib/gcc/arm-none-eabi/10.3.1/../../../../arm-none-eabi/lib/thumb/v6-m/nofp\libc_nano.a(lib_a-lock.o)
                0x0000000008008322                __retarget_lock_release_recursive
 *(.glue_7)
 .glue_7        0x0000000008008324        0x0 linker stubs
 *(.glue_7t)
 .glue_7t       0x0000000008008324        0x0 linker stubs
 *(.eh_frame)
 .eh_frame      0x0000000008008324        0x0 c:/st/stm32cubeide_1.7.0/stm32cubeide/plugins/com.st.stm32cube.ide.mcu.externaltools.gnu-tools-for-stm32.10.3-2021.10.win32_1.0.0.202111181127/tools/bin/../lib/gcc/arm-none-eabi/10.3.1/thumb/v6-m/nofp/crtbegin.o
 *(.init)
 .init          0x0000000008008324        0x4 c:/st/stm32cubeide_1.7.0/stm32cubeide/plugins/com.st.stm32cube.ide.mcu.externaltools.gnu-tools-for-stm32.10.3-2021.10.win32_1.0.0.202111181127/tools/bin/../lib/gcc/arm-none-eabi/10.3.1/thumb/v6-m/nofp/crti.o
                0x0000000008008324                _init
 .init          0x0000000008008328        0x8 c:/st/stm32cubeide_1.7.0/stm32cubeide/plugins/com.st.stm32cube.ide.mcu.externaltools.gnu-tools-for-stm32.10.3-2021.10.win32_1.0.0.202111181127/tools/bin/../lib/gcc/arm-none-eabi/10.3.1/thumb/v6-m/nofp/crtn.o
 *(.fini)
 .fini          0x0000000008008330        0x4 c:/st/stm32cubeide_1.7.0/stm32cubeide/plugins/com.st.stm32cube.ide.mcu.externaltools.gnu-tools-for-stm32.10.3-2021.10.win32_1.0.0.202111181127/tools/bin/../lib/gcc/arm-none-eabi/10.3.1/thumb/v6-m/nofp/crti.o
                0x0000000008008330                _fini
 .fini          0x0000000008008334        0x8 c:/st/stm32cubeide_1.7.0/stm32cubeide/plugins/com.st.stm32cube.ide.mcu.externaltools.gnu-tools-for-stm32.10.3-2021.10.win32_1.0.0.202111181127/tools/bin/../lib/gcc/arm-none-eabi/10.3.1/thumb/v6-m/nofp/crtn.o
                0x000000000800833c                . = ALIGN (0x4)
                0x000000000800833c                _etext = .

.vfp11_veneer   0x000000000800833c        0x0
 .vfp11_veneer  0x000000000800833c        0x0 linker stubs

.v4_bx          0x000000000800833c        0x0
 .v4_bx         0x000000000800833c        0x0 linker stubs

.iplt           0x000000000800833c        0x0
 .iplt          0x000000000800833c        0x0 c:/st/stm32cubeide_1.7.0/stm32cubeide/plugins/com.st.stm32cube.ide.mcu.externaltools.gnu-tools-for-stm32.10.3-2021.10.win32_1.0.0.202111181127/tools/bin/../lib/gcc/arm-none-eabi/10.3.1/thumb/v6-m/nofp/crtbegin.o

.rodata         0x000000000800833c      0x720
                0x000000000800833c                . = ALIGN (0x4)
 *(.rodata)
 .rodata        0x000000000800833c       0x6d ./Core/Src/main.o
 *fill*         0x00000000080083a9        0x3 
 .rodata        0x00000000080083ac       0x20 ./Drivers/STM32F0xx_HAL_Driver/Src/stm32f0xx_hal_rcc.o
 .rodata        0x00000000080083cc       0x26 ./Libraries/BML_DRIVERS/Src/BML_DRIVER.o
 *fill*         0x00000000080083f2        0x2 
 .rodata        0x00000000080083f4      0x420 ./Libraries/SDCardLib/Src/SDCard.o
 .rodata        0x0000000008008814       0x44 ./Middlewares/Third_Party/FatFs/src/ff.o
 *(.rodata*)
 .rodata.AHBPrescTable
                0x0000000008008858       0x10 ./Core/Src/system_stm32f0xx.o
                0x0000000008008858                AHBPrescTable
 .rodata.adc_chsel
                0x0000000008008868       0x38 ./Libraries/BML_DRIVERS/Src/BML_DRIVER.o
 .rodata.ST7781_regValues
                0x00000000080088a0      0x108 ./Libraries/tft_lib/Src/st7783.o
 .rodata.ExCvt  0x00000000080089a8       0x80 ./Middlewares/Third_Party/FatFs/src/ff.o
 .rodata._svfprintf_r.str1.1
                0x0000000008008a28       0x11 c:/st/stm32cubeide_1.7.0/stm32cubeide/plugins/com.st.stm32cube.ide.mcu.externaltools.gnu-tools-for-stm32.10.3-2021.10.win32_1.0.0.202111181127/tools/bin/../lib/gcc/arm-none-eabi/10.3.1/../../../../arm-none-eabi/lib/thumb/v6-m/nofp\libc_nano.a(lib_a-nano-svfprintf.o)
 .rodata._printf_i.str1.1
                0x0000000008008a39       0x22 c:/st/stm32cubeide_1.7.0/stm32cubeide/plugins/com.st.stm32cube.ide.mcu.externaltools.gnu-tools-for-stm32.10.3-2021.10.win32_1.0.0.202111181127/tools/bin/../lib/gcc/arm-none-eabi/10.3.1/../../../../arm-none-eabi/lib/thumb/v6-m/nofp\libc_nano.a(lib_a-nano-vfprintf_i.o)
                0x0000000008008a5c                . = ALIGN (0x4)
 *fill*         0x0000000008008a5b        0x1 

.rel.dyn        0x0000000008008a5c        0x0
 .rel.iplt      0x0000000008008a5c        0x0 c:/st/stm32cubeide_1.7.0/stm32cubeide/plugins/com.st.stm32cube.ide.mcu.externaltools.gnu-tools-for-stm32.10.3-2021.10.win32_1.0.0.202111181127/tools/bin/../lib/gcc/arm-none-eabi/10.3.1/thumb/v6-m/nofp/crtbegin.o

.ARM.extab      0x0000000008008a5c        0x0
                0x0000000008008a5c                . = ALIGN (0x4)
 *(.ARM.extab* .gnu.linkonce.armextab.*)
                0x0000000008008a5c                . = ALIGN (0x4)

.ARM            0x0000000008008a5c        0x0
                0x0000000008008a5c                . = ALIGN (0x4)
                0x0000000008008a5c                __exidx_start = .
 *(.ARM.exidx*)
                0x0000000008008a5c                __exidx_end = .
                0x0000000008008a5c                . = ALIGN (0x4)

.preinit_array  0x0000000008008a5c        0x0
                0x0000000008008a5c                . = ALIGN (0x4)
                0x0000000008008a5c                PROVIDE (__preinit_array_start = .)
 *(.preinit_array*)
                0x0000000008008a5c                PROVIDE (__preinit_array_end = .)
                0x0000000008008a5c                . = ALIGN (0x4)

.init_array     0x0000000008008a5c        0x4
                0x0000000008008a5c                . = ALIGN (0x4)
                0x0000000008008a5c                PROVIDE (__init_array_start = .)
 *(SORT_BY_NAME(.init_array.*))
 *(.init_array*)
 .init_array    0x0000000008008a5c        0x4 c:/st/stm32cubeide_1.7.0/stm32cubeide/plugins/com.st.stm32cube.ide.mcu.externaltools.gnu-tools-for-stm32.10.3-2021.10.win32_1.0.0.202111181127/tools/bin/../lib/gcc/arm-none-eabi/10.3.1/thumb/v6-m/nofp/crtbegin.o
                0x0000000008008a60                PROVIDE (__init_array_end = .)
                0x0000000008008a60                . = ALIGN (0x4)

.fini_array     0x0000000008008a60        0x4
                0x0000000008008a60                . = ALIGN (0x4)
                [!provide]                        PROVIDE (__fini_array_start = .)
 *(SORT_BY_NAME(.fini_array.*))
 *(.fini_array*)
 .fini_array    0x0000000008008a60        0x4 c:/st/stm32cubeide_1.7.0/stm32cubeide/plugins/com.st.stm32cube.ide.mcu.externaltools.gnu-tools-for-stm32.10.3-2021.10.win32_1.0.0.202111181127/tools/bin/../lib/gcc/arm-none-eabi/10.3.1/thumb/v6-m/nofp/crtbegin.o
                [!provide]                        PROVIDE (__fini_array_end = .)
                0x0000000008008a64                . = ALIGN (0x4)
                0x0000000008008a64                _sidata = LOADADDR (.data)

.data           0x0000000020000000       0xc8 load address 0x0000000008008a64
                0x0000000020000000                . = ALIGN (0x4)
                0x0000000020000000                _sdata = .
 *(.data)
 *(.data*)
 .data.SystemCoreClock
                0x0000000020000000        0x4 ./Core/Src/system_stm32f0xx.o
                0x0000000020000000                SystemCoreClock
 .data.uwTickPrio
                0x0000000020000004        0x4 ./Drivers/STM32F0xx_HAL_Driver/Src/stm32f0xx_hal.o
                0x0000000020000004                uwTickPrio
 .data.uwTickFreq
                0x0000000020000008        0x1 ./Drivers/STM32F0xx_HAL_Driver/Src/stm32f0xx_hal.o
                0x0000000020000008                uwTickFreq
 *fill*         0x0000000020000009        0x3 
 .data.USER_Driver
                0x000000002000000c       0x14 ./FATFS/Target/user_diskio.o
                0x000000002000000c                USER_Driver
 .data.Stat     0x0000000020000020        0x1 ./FATFS/Target/user_diskio_spi.o
 *fill*         0x0000000020000021        0x3 
 .data.PINPOS_2B
                0x0000000020000024       0x40 ./Libraries/BML_DRIVERS/Src/BML_DRIVER.o
                0x0000000020000024                PINPOS_2B
 .data._impure_ptr
                0x0000000020000064        0x4 c:/st/stm32cubeide_1.7.0/stm32cubeide/plugins/com.st.stm32cube.ide.mcu.externaltools.gnu-tools-for-stm32.10.3-2021.10.win32_1.0.0.202111181127/tools/bin/../lib/gcc/arm-none-eabi/10.3.1/../../../../arm-none-eabi/lib/thumb/v6-m/nofp\libc_nano.a(lib_a-impure.o)
                0x0000000020000064                _impure_ptr
 .data.impure_data
                0x0000000020000068       0x60 c:/st/stm32cubeide_1.7.0/stm32cubeide/plugins/com.st.stm32cube.ide.mcu.externaltools.gnu-tools-for-stm32.10.3-2021.10.win32_1.0.0.202111181127/tools/bin/../lib/gcc/arm-none-eabi/10.3.1/../../../../arm-none-eabi/lib/thumb/v6-m/nofp\libc_nano.a(lib_a-impure.o)
 *(.RamFunc)
 *(.RamFunc*)
                0x00000000200000c8                . = ALIGN (0x4)
                0x00000000200000c8                _edata = .

.igot.plt       0x00000000200000c8        0x0 load address 0x0000000008008b2c
 .igot.plt      0x00000000200000c8        0x0 c:/st/stm32cubeide_1.7.0/stm32cubeide/plugins/com.st.stm32cube.ide.mcu.externaltools.gnu-tools-for-stm32.10.3-2021.10.win32_1.0.0.202111181127/tools/bin/../lib/gcc/arm-none-eabi/10.3.1/thumb/v6-m/nofp/crtbegin.o
                0x00000000200000c8                . = ALIGN (0x4)

.bss            0x00000000200000c8      0x650 load address 0x0000000008008b2c
                0x00000000200000c8                _sbss = .
                0x00000000200000c8                __bss_start__ = _sbss
 *(.bss)
 .bss           0x00000000200000c8       0x1c c:/st/stm32cubeide_1.7.0/stm32cubeide/plugins/com.st.stm32cube.ide.mcu.externaltools.gnu-tools-for-stm32.10.3-2021.10.win32_1.0.0.202111181127/tools/bin/../lib/gcc/arm-none-eabi/10.3.1/thumb/v6-m/nofp/crtbegin.o
 *(.bss*)
 .bss.hspi1     0x00000000200000e4       0x64 ./Core/Src/main.o
                0x00000000200000e4                hspi1
 .bss.__sbrk_heap_end
                0x0000000020000148        0x4 ./Core/Src/sysmem.o
 .bss.uwTick    0x000000002000014c        0x4 ./Drivers/STM32F0xx_HAL_Driver/Src/stm32f0xx_hal.o
                0x000000002000014c                uwTick
 .bss.retUSER   0x0000000020000150        0x1 ./FATFS/App/fatfs.o
                0x0000000020000150                retUSER
 *fill*         0x0000000020000151        0x3 
 .bss.USERPath  0x0000000020000154        0x4 ./FATFS/App/fatfs.o
                0x0000000020000154                USERPath
 .bss.CardType  0x0000000020000158        0x1 ./FATFS/Target/user_diskio_spi.o
 *fill*         0x0000000020000159        0x3 
 .bss.spiTimerTickStart
                0x000000002000015c        0x4 ./FATFS/Target/user_diskio_spi.o
                0x000000002000015c                spiTimerTickStart
 .bss.spiTimerTickDelay
                0x0000000020000160        0x4 ./FATFS/Target/user_diskio_spi.o
                0x0000000020000160                spiTimerTickDelay
 .bss.ticks     0x0000000020000164        0x2 ./Libraries/BML_DRIVERS/Src/BML_DRIVER.o
                0x0000000020000164                ticks
 *fill*         0x0000000020000166        0x2 
 .bss.sysTicks  0x0000000020000168        0x4 ./Libraries/BML_DRIVERS/Src/BML_DRIVER.o
                0x0000000020000168                sysTicks
 .bss.buffer.0  0x000000002000016c      0x100 ./Libraries/BML_DRIVERS/Src/BML_DRIVER.o
 .bss.FatFs     0x000000002000026c      0x230 ./Libraries/SDCardLib/Src/SDCard.o
                0x000000002000026c                FatFs
 .bss.fil       0x000000002000049c      0x22c ./Libraries/SDCardLib/Src/SDCard.o
                0x000000002000049c                fil
 .bss.fres      0x00000000200006c8        0x1 ./Libraries/SDCardLib/Src/SDCard.o
                0x00000000200006c8                fres
 *fill*         0x00000000200006c9        0x1 
 .bss.m_width   0x00000000200006ca        0x2 ./Libraries/tft_lib/Src/st7783.o
 .bss.m_height  0x00000000200006cc        0x2 ./Libraries/tft_lib/Src/st7783.o
 .bss.m_cursor_x
                0x00000000200006ce        0x2 ./Libraries/tft_lib/Src/st7783.o
 .bss.m_cursor_y
                0x00000000200006d0        0x2 ./Libraries/tft_lib/Src/st7783.o
 .bss.m_textcolor
                0x00000000200006d2        0x2 ./Libraries/tft_lib/Src/st7783.o
 .bss.m_textbgcolor
                0x00000000200006d4        0x2 ./Libraries/tft_lib/Src/st7783.o
 .bss.m_textsize
                0x00000000200006d6        0x1 ./Libraries/tft_lib/Src/st7783.o
 .bss.m_rotation
                0x00000000200006d7        0x1 ./Libraries/tft_lib/Src/st7783.o
 .bss.m_wrap    0x00000000200006d8        0x1 ./Libraries/tft_lib/Src/st7783.o
 *fill*         0x00000000200006d9        0x3 
 .bss.FatFs     0x00000000200006dc        0x4 ./Middlewares/Third_Party/FatFs/src/ff.o
 .bss.Fsid      0x00000000200006e0        0x2 ./Middlewares/Third_Party/FatFs/src/ff.o
 *fill*         0x00000000200006e2        0x2 
 .bss.Files     0x00000000200006e4       0x18 ./Middlewares/Third_Party/FatFs/src/ff.o
 .bss.disk      0x00000000200006fc        0xc ./Middlewares/Third_Party/FatFs/src/ff_gen_drv.o
                0x00000000200006fc                disk
 .bss.__malloc_free_list
                0x0000000020000708        0x4 c:/st/stm32cubeide_1.7.0/stm32cubeide/plugins/com.st.stm32cube.ide.mcu.externaltools.gnu-tools-for-stm32.10.3-2021.10.win32_1.0.0.202111181127/tools/bin/../lib/gcc/arm-none-eabi/10.3.1/../../../../arm-none-eabi/lib/thumb/v6-m/nofp\libc_nano.a(lib_a-nano-mallocr.o)
                0x0000000020000708                __malloc_free_list
 .bss.__malloc_sbrk_start
                0x000000002000070c        0x4 c:/st/stm32cubeide_1.7.0/stm32cubeide/plugins/com.st.stm32cube.ide.mcu.externaltools.gnu-tools-for-stm32.10.3-2021.10.win32_1.0.0.202111181127/tools/bin/../lib/gcc/arm-none-eabi/10.3.1/../../../../arm-none-eabi/lib/thumb/v6-m/nofp\libc_nano.a(lib_a-nano-mallocr.o)
                0x000000002000070c                __malloc_sbrk_start
 .bss.errno     0x0000000020000710        0x4 c:/st/stm32cubeide_1.7.0/stm32cubeide/plugins/com.st.stm32cube.ide.mcu.externaltools.gnu-tools-for-stm32.10.3-2021.10.win32_1.0.0.202111181127/tools/bin/../lib/gcc/arm-none-eabi/10.3.1/../../../../arm-none-eabi/lib/thumb/v6-m/nofp\libc_nano.a(lib_a-reent.o)
                0x0000000020000710                errno
 .bss.__lock___malloc_recursive_mutex
                0x0000000020000714        0x1 c:/st/stm32cubeide_1.7.0/stm32cubeide/plugins/com.st.stm32cube.ide.mcu.externaltools.gnu-tools-for-stm32.10.3-2021.10.win32_1.0.0.202111181127/tools/bin/../lib/gcc/arm-none-eabi/10.3.1/../../../../arm-none-eabi/lib/thumb/v6-m/nofp\libc_nano.a(lib_a-lock.o)
                0x0000000020000714                __lock___malloc_recursive_mutex
 *(COMMON)
                0x0000000020000718                . = ALIGN (0x4)
 *fill*         0x0000000020000715        0x3 
                0x0000000020000718                _ebss = .
                0x0000000020000718                __bss_end__ = _ebss

._user_heap_stack
                0x0000000020000718      0x600 load address 0x0000000008008b2c
                0x0000000020000718                . = ALIGN (0x8)
                [!provide]                        PROVIDE (end = .)
                0x0000000020000718                PROVIDE (_end = .)
                0x0000000020000918                . = (. + _Min_Heap_Size)
 *fill*         0x0000000020000718      0x200 
                0x0000000020000d18                . = (. + _Min_Stack_Size)
 *fill*         0x0000000020000918      0x400 
                0x0000000020000d18                . = ALIGN (0x8)

/DISCARD/
 libc.a(*)
 libm.a(*)
 libgcc.a(*)

.ARM.attributes
                0x0000000000000000       0x28
 *(.ARM.attributes)
 .ARM.attributes
                0x0000000000000000       0x1e c:/st/stm32cubeide_1.7.0/stm32cubeide/plugins/com.st.stm32cube.ide.mcu.externaltools.gnu-tools-for-stm32.10.3-2021.10.win32_1.0.0.202111181127/tools/bin/../lib/gcc/arm-none-eabi/10.3.1/thumb/v6-m/nofp/crti.o
 .ARM.attributes
                0x000000000000001e       0x2c c:/st/stm32cubeide_1.7.0/stm32cubeide/plugins/com.st.stm32cube.ide.mcu.externaltools.gnu-tools-for-stm32.10.3-2021.10.win32_1.0.0.202111181127/tools/bin/../lib/gcc/arm-none-eabi/10.3.1/thumb/v6-m/nofp/crtbegin.o
 .ARM.attributes
                0x000000000000004a       0x2c ./Core/Src/main.o
 .ARM.attributes
                0x0000000000000076       0x2c ./Core/Src/stm32f0xx_hal_msp.o
 .ARM.attributes
                0x00000000000000a2       0x2c ./Core/Src/stm32f0xx_it.o
 .ARM.attributes
                0x00000000000000ce       0x2c ./Core/Src/sysmem.o
 .ARM.attributes
                0x00000000000000fa       0x2c ./Core/Src/system_stm32f0xx.o
 .ARM.attributes
                0x0000000000000126       0x21 ./Core/Startup/startup_stm32f070rbtx.o
 .ARM.attributes
                0x0000000000000147       0x2c ./Drivers/STM32F0xx_HAL_Driver/Src/stm32f0xx_hal.o
 .ARM.attributes
                0x0000000000000173       0x2c ./Drivers/STM32F0xx_HAL_Driver/Src/stm32f0xx_hal_cortex.o
 .ARM.attributes
                0x000000000000019f       0x2c ./Drivers/STM32F0xx_HAL_Driver/Src/stm32f0xx_hal_gpio.o
 .ARM.attributes
                0x00000000000001cb       0x2c ./Drivers/STM32F0xx_HAL_Driver/Src/stm32f0xx_hal_rcc.o
 .ARM.attributes
                0x00000000000001f7       0x2c ./Drivers/STM32F0xx_HAL_Driver/Src/stm32f0xx_hal_spi.o
 .ARM.attributes
                0x0000000000000223       0x2c ./FATFS/App/fatfs.o
 .ARM.attributes
                0x000000000000024f       0x2c ./FATFS/Target/user_diskio.o
 .ARM.attributes
                0x000000000000027b       0x2c ./FATFS/Target/user_diskio_spi.o
 .ARM.attributes
                0x00000000000002a7       0x2c ./Libraries/BML_DRIVERS/Src/BML_DRIVER.o
 .ARM.attributes
                0x00000000000002d3       0x2c ./Libraries/SDCardLib/Src/SDCard.o
 .ARM.attributes
                0x00000000000002ff       0x2c ./Libraries/tft_lib/Src/st7783.o
 .ARM.attributes
                0x000000000000032b       0x2c ./Middlewares/Third_Party/FatFs/src/diskio.o
 .ARM.attributes
                0x0000000000000357       0x2c ./Middlewares/Third_Party/FatFs/src/ff.o
 .ARM.attributes
                0x0000000000000383       0x2c ./Middlewares/Third_Party/FatFs/src/ff_gen_drv.o
 .ARM.attributes
                0x00000000000003af       0x2c c:/st/stm32cubeide_1.7.0/stm32cubeide/plugins/com.st.stm32cube.ide.mcu.externaltools.gnu-tools-for-stm32.10.3-2021.10.win32_1.0.0.202111181127/tools/bin/../lib/gcc/arm-none-eabi/10.3.1/../../../../arm-none-eabi/lib/thumb/v6-m/nofp\libc_nano.a(lib_a-errno.o)
 .ARM.attributes
                0x00000000000003db       0x2c c:/st/stm32cubeide_1.7.0/stm32cubeide/plugins/com.st.stm32cube.ide.mcu.externaltools.gnu-tools-for-stm32.10.3-2021.10.win32_1.0.0.202111181127/tools/bin/../lib/gcc/arm-none-eabi/10.3.1/../../../../arm-none-eabi/lib/thumb/v6-m/nofp\libc_nano.a(lib_a-impure.o)
 .ARM.attributes
                0x0000000000000407       0x2c c:/st/stm32cubeide_1.7.0/stm32cubeide/plugins/com.st.stm32cube.ide.mcu.externaltools.gnu-tools-for-stm32.10.3-2021.10.win32_1.0.0.202111181127/tools/bin/../lib/gcc/arm-none-eabi/10.3.1/../../../../arm-none-eabi/lib/thumb/v6-m/nofp\libc_nano.a(lib_a-init.o)
 .ARM.attributes
                0x0000000000000433       0x2c c:/st/stm32cubeide_1.7.0/stm32cubeide/plugins/com.st.stm32cube.ide.mcu.externaltools.gnu-tools-for-stm32.10.3-2021.10.win32_1.0.0.202111181127/tools/bin/../lib/gcc/arm-none-eabi/10.3.1/../../../../arm-none-eabi/lib/thumb/v6-m/nofp\libc_nano.a(lib_a-memset.o)
 .ARM.attributes
                0x000000000000045f       0x1c c:/st/stm32cubeide_1.7.0/stm32cubeide/plugins/com.st.stm32cube.ide.mcu.externaltools.gnu-tools-for-stm32.10.3-2021.10.win32_1.0.0.202111181127/tools/bin/../lib/gcc/arm-none-eabi/10.3.1/../../../../arm-none-eabi/lib/thumb/v6-m/nofp\libc_nano.a(lib_a-strlen.o)
 .ARM.attributes
                0x000000000000047b       0x2c c:/st/stm32cubeide_1.7.0/stm32cubeide/plugins/com.st.stm32cube.ide.mcu.externaltools.gnu-tools-for-stm32.10.3-2021.10.win32_1.0.0.202111181127/tools/bin/../lib/gcc/arm-none-eabi/10.3.1/../../../../arm-none-eabi/lib/thumb/v6-m/nofp\libc_nano.a(lib_a-strncpy.o)
 .ARM.attributes
                0x00000000000004a7       0x2c c:/st/stm32cubeide_1.7.0/stm32cubeide/plugins/com.st.stm32cube.ide.mcu.externaltools.gnu-tools-for-stm32.10.3-2021.10.win32_1.0.0.202111181127/tools/bin/../lib/gcc/arm-none-eabi/10.3.1/../../../../arm-none-eabi/lib/thumb/v6-m/nofp\libc_nano.a(lib_a-vsnprintf.o)
 .ARM.attributes
                0x00000000000004d3       0x2c c:/st/stm32cubeide_1.7.0/stm32cubeide/plugins/com.st.stm32cube.ide.mcu.externaltools.gnu-tools-for-stm32.10.3-2021.10.win32_1.0.0.202111181127/tools/bin/../lib/gcc/arm-none-eabi/10.3.1/../../../../arm-none-eabi/lib/thumb/v6-m/nofp\libc_nano.a(lib_a-nano-svfprintf.o)
 .ARM.attributes
                0x00000000000004ff       0x2c c:/st/stm32cubeide_1.7.0/stm32cubeide/plugins/com.st.stm32cube.ide.mcu.externaltools.gnu-tools-for-stm32.10.3-2021.10.win32_1.0.0.202111181127/tools/bin/../lib/gcc/arm-none-eabi/10.3.1/../../../../arm-none-eabi/lib/thumb/v6-m/nofp\libc_nano.a(lib_a-nano-vfprintf_i.o)
 .ARM.attributes
                0x000000000000052b       0x2c c:/st/stm32cubeide_1.7.0/stm32cubeide/plugins/com.st.stm32cube.ide.mcu.externaltools.gnu-tools-for-stm32.10.3-2021.10.win32_1.0.0.202111181127/tools/bin/../lib/gcc/arm-none-eabi/10.3.1/../../../../arm-none-eabi/lib/thumb/v6-m/nofp\libc_nano.a(lib_a-memchr-stub.o)
 .ARM.attributes
                0x0000000000000557       0x2c c:/st/stm32cubeide_1.7.0/stm32cubeide/plugins/com.st.stm32cube.ide.mcu.externaltools.gnu-tools-for-stm32.10.3-2021.10.win32_1.0.0.202111181127/tools/bin/../lib/gcc/arm-none-eabi/10.3.1/../../../../arm-none-eabi/lib/thumb/v6-m/nofp\libc_nano.a(lib_a-memcpy-stub.o)
 .ARM.attributes
                0x0000000000000583       0x2c c:/st/stm32cubeide_1.7.0/stm32cubeide/plugins/com.st.stm32cube.ide.mcu.externaltools.gnu-tools-for-stm32.10.3-2021.10.win32_1.0.0.202111181127/tools/bin/../lib/gcc/arm-none-eabi/10.3.1/../../../../arm-none-eabi/lib/thumb/v6-m/nofp\libc_nano.a(lib_a-memmove.o)
 .ARM.attributes
                0x00000000000005af       0x2c c:/st/stm32cubeide_1.7.0/stm32cubeide/plugins/com.st.stm32cube.ide.mcu.externaltools.gnu-tools-for-stm32.10.3-2021.10.win32_1.0.0.202111181127/tools/bin/../lib/gcc/arm-none-eabi/10.3.1/../../../../arm-none-eabi/lib/thumb/v6-m/nofp\libc_nano.a(lib_a-nano-freer.o)
 .ARM.attributes
                0x00000000000005db       0x2c c:/st/stm32cubeide_1.7.0/stm32cubeide/plugins/com.st.stm32cube.ide.mcu.externaltools.gnu-tools-for-stm32.10.3-2021.10.win32_1.0.0.202111181127/tools/bin/../lib/gcc/arm-none-eabi/10.3.1/../../../../arm-none-eabi/lib/thumb/v6-m/nofp\libc_nano.a(lib_a-nano-mallocr.o)
 .ARM.attributes
                0x0000000000000607       0x2c c:/st/stm32cubeide_1.7.0/stm32cubeide/plugins/com.st.stm32cube.ide.mcu.externaltools.gnu-tools-for-stm32.10.3-2021.10.win32_1.0.0.202111181127/tools/bin/../lib/gcc/arm-none-eabi/10.3.1/../../../../arm-none-eabi/lib/thumb/v6-m/nofp\libc_nano.a(lib_a-nano-reallocr.o)
 .ARM.attributes
                0x0000000000000633       0x2c c:/st/stm32cubeide_1.7.0/stm32cubeide/plugins/com.st.stm32cube.ide.mcu.externaltools.gnu-tools-for-stm32.10.3-2021.10.win32_1.0.0.202111181127/tools/bin/../lib/gcc/arm-none-eabi/10.3.1/../../../../arm-none-eabi/lib/thumb/v6-m/nofp\libc_nano.a(lib_a-sbrkr.o)
 .ARM.attributes
                0x000000000000065f       0x2c c:/st/stm32cubeide_1.7.0/stm32cubeide/plugins/com.st.stm32cube.ide.mcu.externaltools.gnu-tools-for-stm32.10.3-2021.10.win32_1.0.0.202111181127/tools/bin/../lib/gcc/arm-none-eabi/10.3.1/../../../../arm-none-eabi/lib/thumb/v6-m/nofp\libc_nano.a(lib_a-mlock.o)
 .ARM.attributes
                0x000000000000068b       0x2c c:/st/stm32cubeide_1.7.0/stm32cubeide/plugins/com.st.stm32cube.ide.mcu.externaltools.gnu-tools-for-stm32.10.3-2021.10.win32_1.0.0.202111181127/tools/bin/../lib/gcc/arm-none-eabi/10.3.1/../../../../arm-none-eabi/lib/thumb/v6-m/nofp\libc_nano.a(lib_a-nano-msizer.o)
 .ARM.attributes
                0x00000000000006b7       0x2c c:/st/stm32cubeide_1.7.0/stm32cubeide/plugins/com.st.stm32cube.ide.mcu.externaltools.gnu-tools-for-stm32.10.3-2021.10.win32_1.0.0.202111181127/tools/bin/../lib/gcc/arm-none-eabi/10.3.1/../../../../arm-none-eabi/lib/thumb/v6-m/nofp\libc_nano.a(lib_a-reent.o)
 .ARM.attributes
                0x00000000000006e3       0x2c c:/st/stm32cubeide_1.7.0/stm32cubeide/plugins/com.st.stm32cube.ide.mcu.externaltools.gnu-tools-for-stm32.10.3-2021.10.win32_1.0.0.202111181127/tools/bin/../lib/gcc/arm-none-eabi/10.3.1/../../../../arm-none-eabi/lib/thumb/v6-m/nofp\libc_nano.a(lib_a-lock.o)
 .ARM.attributes
                0x000000000000070f       0x1e c:/st/stm32cubeide_1.7.0/stm32cubeide/plugins/com.st.stm32cube.ide.mcu.externaltools.gnu-tools-for-stm32.10.3-2021.10.win32_1.0.0.202111181127/tools/bin/../lib/gcc/arm-none-eabi/10.3.1/thumb/v6-m/nofp\libgcc.a(_thumb1_case_shi.o)
 .ARM.attributes
                0x000000000000072d       0x1e c:/st/stm32cubeide_1.7.0/stm32cubeide/plugins/com.st.stm32cube.ide.mcu.externaltools.gnu-tools-for-stm32.10.3-2021.10.win32_1.0.0.202111181127/tools/bin/../lib/gcc/arm-none-eabi/10.3.1/thumb/v6-m/nofp\libgcc.a(_udivsi3.o)
 .ARM.attributes
                0x000000000000074b       0x1e c:/st/stm32cubeide_1.7.0/stm32cubeide/plugins/com.st.stm32cube.ide.mcu.externaltools.gnu-tools-for-stm32.10.3-2021.10.win32_1.0.0.202111181127/tools/bin/../lib/gcc/arm-none-eabi/10.3.1/thumb/v6-m/nofp\libgcc.a(_dvmd_tls.o)
 .ARM.attributes
                0x0000000000000769       0x1e c:/st/stm32cubeide_1.7.0/stm32cubeide/plugins/com.st.stm32cube.ide.mcu.externaltools.gnu-tools-for-stm32.10.3-2021.10.win32_1.0.0.202111181127/tools/bin/../lib/gcc/arm-none-eabi/10.3.1/thumb/v6-m/nofp/crtn.o
OUTPUT(TFT Library Check.elf elf32-littlearm)
LOAD linker stubs
LOAD c:/st/stm32cubeide_1.7.0/stm32cubeide/plugins/com.st.stm32cube.ide.mcu.externaltools.gnu-tools-for-stm32.10.3-2021.10.win32_1.0.0.202111181127/tools/bin/../lib/gcc/arm-none-eabi/10.3.1/../../../../arm-none-eabi/lib/thumb/v6-m/nofp\libc.a
LOAD c:/st/stm32cubeide_1.7.0/stm32cubeide/plugins/com.st.stm32cube.ide.mcu.externaltools.gnu-tools-for-stm32.10.3-2021.10.win32_1.0.0.202111181127/tools/bin/../lib/gcc/arm-none-eabi/10.3.1/../../../../arm-none-eabi/lib/thumb/v6-m/nofp\libm.a
LOAD c:/st/stm32cubeide_1.7.0/stm32cubeide/plugins/com.st.stm32cube.ide.mcu.externaltools.gnu-tools-for-stm32.10.3-2021.10.win32_1.0.0.202111181127/tools/bin/../lib/gcc/arm-none-eabi/10.3.1/thumb/v6-m/nofp\libgcc.a

.debug_info     0x0000000000000000     0xd397
 .debug_info    0x0000000000000000      0xbfc ./Core/Src/main.o
 .debug_info    0x0000000000000bfc      0x891 ./Core/Src/stm32f0xx_hal_msp.o
 .debug_info    0x000000000000148d       0xff ./Core/Src/stm32f0xx_it.o
 .debug_info    0x000000000000158c      0x171 ./Core/Src/sysmem.o
 .debug_info    0x00000000000016fd      0x269 ./Core/Src/system_stm32f0xx.o
 .debug_info    0x0000000000001966       0x22 ./Core/Startup/startup_stm32f070rbtx.o
 .debug_info    0x0000000000001988      0x6cd ./Drivers/STM32F0xx_HAL_Driver/Src/stm32f0xx_hal.o
 .debug_info    0x0000000000002055      0x70b ./Drivers/STM32F0xx_HAL_Driver/Src/stm32f0xx_hal_cortex.o
 .debug_info    0x0000000000002760      0x614 ./Drivers/STM32F0xx_HAL_Driver/Src/stm32f0xx_hal_gpio.o
 .debug_info    0x0000000000002d74      0x888 ./Drivers/STM32F0xx_HAL_Driver/Src/stm32f0xx_hal_rcc.o
 .debug_info    0x00000000000035fc     0x1769 ./Drivers/STM32F0xx_HAL_Driver/Src/stm32f0xx_hal_spi.o
 .debug_info    0x0000000000004d65      0x51e ./FATFS/App/fatfs.o
 .debug_info    0x0000000000005283      0x3d2 ./FATFS/Target/user_diskio.o
 .debug_info    0x0000000000005655      0xc73 ./FATFS/Target/user_diskio_spi.o
 .debug_info    0x00000000000062c8     0x1b41 ./Libraries/BML_DRIVERS/Src/BML_DRIVER.o
 .debug_info    0x0000000000007e09     0x1367 ./Libraries/SDCardLib/Src/SDCard.o
 .debug_info    0x0000000000009170     0x1798 ./Libraries/tft_lib/Src/st7783.o
 .debug_info    0x000000000000a908      0x40d ./Middlewares/Third_Party/FatFs/src/diskio.o
 .debug_info    0x000000000000ad15     0x22de ./Middlewares/Third_Party/FatFs/src/ff.o
 .debug_info    0x000000000000cff3      0x3a4 ./Middlewares/Third_Party/FatFs/src/ff_gen_drv.o

.debug_abbrev   0x0000000000000000     0x27ad
 .debug_abbrev  0x0000000000000000      0x299 ./Core/Src/main.o
 .debug_abbrev  0x0000000000000299      0x194 ./Core/Src/stm32f0xx_hal_msp.o
 .debug_abbrev  0x000000000000042d       0xa3 ./Core/Src/stm32f0xx_it.o
 .debug_abbrev  0x00000000000004d0       0xbb ./Core/Src/sysmem.o
 .debug_abbrev  0x000000000000058b      0x116 ./Core/Src/system_stm32f0xx.o
 .debug_abbrev  0x00000000000006a1       0x12 ./Core/Startup/startup_stm32f070rbtx.o
 .debug_abbrev  0x00000000000006b3      0x23f ./Drivers/STM32F0xx_HAL_Driver/Src/stm32f0xx_hal.o
 .debug_abbrev  0x00000000000008f2      0x283 ./Drivers/STM32F0xx_HAL_Driver/Src/stm32f0xx_hal_cortex.o
 .debug_abbrev  0x0000000000000b75      0x1bb ./Drivers/STM32F0xx_HAL_Driver/Src/stm32f0xx_hal_gpio.o
 .debug_abbrev  0x0000000000000d30      0x283 ./Drivers/STM32F0xx_HAL_Driver/Src/stm32f0xx_hal_rcc.o
 .debug_abbrev  0x0000000000000fb3      0x254 ./Drivers/STM32F0xx_HAL_Driver/Src/stm32f0xx_hal_spi.o
 .debug_abbrev  0x0000000000001207      0x19a ./FATFS/App/fatfs.o
 .debug_abbrev  0x00000000000013a1      0x13f ./FATFS/Target/user_diskio.o
 .debug_abbrev  0x00000000000014e0      0x2ea ./FATFS/Target/user_diskio_spi.o
 .debug_abbrev  0x00000000000017ca      0x408 ./Libraries/BML_DRIVERS/Src/BML_DRIVER.o
 .debug_abbrev  0x0000000000001bd2      0x31d ./Libraries/SDCardLib/Src/SDCard.o
 .debug_abbrev  0x0000000000001eef      0x2eb ./Libraries/tft_lib/Src/st7783.o
 .debug_abbrev  0x00000000000021da      0x178 ./Middlewares/Third_Party/FatFs/src/diskio.o
 .debug_abbrev  0x0000000000002352      0x2c5 ./Middlewares/Third_Party/FatFs/src/ff.o
 .debug_abbrev  0x0000000000002617      0x196 ./Middlewares/Third_Party/FatFs/src/ff_gen_drv.o

.debug_aranges  0x0000000000000000      0xd20
 .debug_aranges
                0x0000000000000000       0x40 ./Core/Src/main.o
 .debug_aranges
                0x0000000000000040       0x30 ./Core/Src/stm32f0xx_hal_msp.o
 .debug_aranges
                0x0000000000000070       0x40 ./Core/Src/stm32f0xx_it.o
 .debug_aranges
                0x00000000000000b0       0x20 ./Core/Src/sysmem.o
 .debug_aranges
                0x00000000000000d0       0x28 ./Core/Src/system_stm32f0xx.o
 .debug_aranges
                0x00000000000000f8       0x28 ./Core/Startup/startup_stm32f070rbtx.o
 .debug_aranges
                0x0000000000000120       0xd0 ./Drivers/STM32F0xx_HAL_Driver/Src/stm32f0xx_hal.o
 .debug_aranges
                0x00000000000001f0       0xc0 ./Drivers/STM32F0xx_HAL_Driver/Src/stm32f0xx_hal_cortex.o
 .debug_aranges
                0x00000000000002b0       0x58 ./Drivers/STM32F0xx_HAL_Driver/Src/stm32f0xx_hal_gpio.o
 .debug_aranges
                0x0000000000000308       0x80 ./Drivers/STM32F0xx_HAL_Driver/Src/stm32f0xx_hal_rcc.o
 .debug_aranges
                0x0000000000000388      0x1d8 ./Drivers/STM32F0xx_HAL_Driver/Src/stm32f0xx_hal_spi.o
 .debug_aranges
                0x0000000000000560       0x28 ./FATFS/App/fatfs.o
 .debug_aranges
                0x0000000000000588       0x40 ./FATFS/Target/user_diskio.o
 .debug_aranges
                0x00000000000005c8       0x98 ./FATFS/Target/user_diskio_spi.o
 .debug_aranges
                0x0000000000000660      0x220 ./Libraries/BML_DRIVERS/Src/BML_DRIVER.o
 .debug_aranges
                0x0000000000000880       0xd0 ./Libraries/SDCardLib/Src/SDCard.o
 .debug_aranges
                0x0000000000000950      0x160 ./Libraries/tft_lib/Src/st7783.o
 .debug_aranges
                0x0000000000000ab0       0x48 ./Middlewares/Third_Party/FatFs/src/diskio.o
 .debug_aranges
                0x0000000000000af8      0x1e8 ./Middlewares/Third_Party/FatFs/src/ff.o
 .debug_aranges
                0x0000000000000ce0       0x40 ./Middlewares/Third_Party/FatFs/src/ff_gen_drv.o

.debug_ranges   0x0000000000000000      0xbe8
 .debug_ranges  0x0000000000000000       0x30 ./Core/Src/main.o
 .debug_ranges  0x0000000000000030       0x20 ./Core/Src/stm32f0xx_hal_msp.o
 .debug_ranges  0x0000000000000050       0x30 ./Core/Src/stm32f0xx_it.o
 .debug_ranges  0x0000000000000080       0x10 ./Core/Src/sysmem.o
 .debug_ranges  0x0000000000000090       0x18 ./Core/Src/system_stm32f0xx.o
 .debug_ranges  0x00000000000000a8       0x20 ./Core/Startup/startup_stm32f070rbtx.o
 .debug_ranges  0x00000000000000c8       0xc0 ./Drivers/STM32F0xx_HAL_Driver/Src/stm32f0xx_hal.o
 .debug_ranges  0x0000000000000188       0xb0 ./Drivers/STM32F0xx_HAL_Driver/Src/stm32f0xx_hal_cortex.o
 .debug_ranges  0x0000000000000238       0x48 ./Drivers/STM32F0xx_HAL_Driver/Src/stm32f0xx_hal_gpio.o
 .debug_ranges  0x0000000000000280       0x70 ./Drivers/STM32F0xx_HAL_Driver/Src/stm32f0xx_hal_rcc.o
 .debug_ranges  0x00000000000002f0      0x1c8 ./Drivers/STM32F0xx_HAL_Driver/Src/stm32f0xx_hal_spi.o
 .debug_ranges  0x00000000000004b8       0x18 ./FATFS/App/fatfs.o
 .debug_ranges  0x00000000000004d0       0x30 ./FATFS/Target/user_diskio.o
 .debug_ranges  0x0000000000000500       0x88 ./FATFS/Target/user_diskio_spi.o
 .debug_ranges  0x0000000000000588      0x210 ./Libraries/BML_DRIVERS/Src/BML_DRIVER.o
 .debug_ranges  0x0000000000000798       0xc0 ./Libraries/SDCardLib/Src/SDCard.o
 .debug_ranges  0x0000000000000858      0x150 ./Libraries/tft_lib/Src/st7783.o
 .debug_ranges  0x00000000000009a8       0x38 ./Middlewares/Third_Party/FatFs/src/diskio.o
 .debug_ranges  0x00000000000009e0      0x1d8 ./Middlewares/Third_Party/FatFs/src/ff.o
 .debug_ranges  0x0000000000000bb8       0x30 ./Middlewares/Third_Party/FatFs/src/ff_gen_drv.o

.debug_macro    0x0000000000000000    0x1260e
 .debug_macro   0x0000000000000000      0x41f ./Core/Src/main.o
 .debug_macro   0x000000000000041f      0xa4e ./Core/Src/main.o
 .debug_macro   0x0000000000000e6d      0x12d ./Core/Src/main.o
 .debug_macro   0x0000000000000f9a       0x2e ./Core/Src/main.o
 .debug_macro   0x0000000000000fc8       0x22 ./Core/Src/main.o
 .debug_macro   0x0000000000000fea       0x22 ./Core/Src/main.o
 .debug_macro   0x000000000000100c       0x8e ./Core/Src/main.o
 .debug_macro   0x000000000000109a       0x51 ./Core/Src/main.o
 .debug_macro   0x00000000000010eb      0x103 ./Core/Src/main.o
 .debug_macro   0x00000000000011ee       0x6a ./Core/Src/main.o
 .debug_macro   0x0000000000001258      0x1df ./Core/Src/main.o
 .debug_macro   0x0000000000001437       0x1c ./Core/Src/main.o
 .debug_macro   0x0000000000001453       0x22 ./Core/Src/main.o
 .debug_macro   0x0000000000001475       0xaf ./Core/Src/main.o
 .debug_macro   0x0000000000001524      0x391 ./Core/Src/main.o
 .debug_macro   0x00000000000018b5     0x7655 ./Core/Src/main.o
 .debug_macro   0x0000000000008f0a       0x66 ./Core/Src/main.o
 .debug_macro   0x0000000000008f70     0x34a6 ./Core/Src/main.o
 .debug_macro   0x000000000000c416      0x174 ./Core/Src/main.o
 .debug_macro   0x000000000000c58a       0x55 ./Core/Src/main.o
 .debug_macro   0x000000000000c5df      0x924 ./Core/Src/main.o
 .debug_macro   0x000000000000cf03      0x289 ./Core/Src/main.o
 .debug_macro   0x000000000000d18c      0x1af ./Core/Src/main.o
 .debug_macro   0x000000000000d33b      0x130 ./Core/Src/main.o
 .debug_macro   0x000000000000d46b      0x1a0 ./Core/Src/main.o
 .debug_macro   0x000000000000d60b      0x1f4 ./Core/Src/main.o
 .debug_macro   0x000000000000d7ff       0x34 ./Core/Src/main.o
 .debug_macro   0x000000000000d833       0x43 ./Core/Src/main.o
 .debug_macro   0x000000000000d876       0x28 ./Core/Src/main.o
 .debug_macro   0x000000000000d89e       0xb0 ./Core/Src/main.o
 .debug_macro   0x000000000000d94e      0x217 ./Core/Src/main.o
 .debug_macro   0x000000000000db65      0x22c ./Core/Src/main.o
 .debug_macro   0x000000000000dd91       0x61 ./Core/Src/main.o
 .debug_macro   0x000000000000ddf2       0xa5 ./Core/Src/main.o
 .debug_macro   0x000000000000de97       0x4c ./Core/Src/main.o
 .debug_macro   0x000000000000dee3       0x49 ./Core/Src/main.o
 .debug_macro   0x000000000000df2c      0x2fe ./Core/Src/main.o
 .debug_macro   0x000000000000e22a      0x11b ./Core/Src/main.o
 .debug_macro   0x000000000000e345       0x6a ./Core/Src/main.o
 .debug_macro   0x000000000000e3af       0xde ./Core/Src/main.o
 .debug_macro   0x000000000000e48d       0xf5 ./Core/Src/main.o
 .debug_macro   0x000000000000e582       0x8e ./Core/Src/main.o
 .debug_macro   0x000000000000e610       0x52 ./Core/Src/main.o
 .debug_macro   0x000000000000e662       0x18 ./Core/Src/main.o
 .debug_macro   0x000000000000e67a       0x3c ./Core/Src/main.o
 .debug_macro   0x000000000000e6b6       0x34 ./Core/Src/main.o
 .debug_macro   0x000000000000e6ea       0x16 ./Core/Src/main.o
 .debug_macro   0x000000000000e700       0x43 ./Core/Src/main.o
 .debug_macro   0x000000000000e743       0x34 ./Core/Src/main.o
 .debug_macro   0x000000000000e777       0x10 ./Core/Src/main.o
 .debug_macro   0x000000000000e787       0x58 ./Core/Src/main.o
 .debug_macro   0x000000000000e7df       0x71 ./Core/Src/main.o
 .debug_macro   0x000000000000e850       0x1c ./Core/Src/main.o
 .debug_macro   0x000000000000e86c      0x12a ./Core/Src/main.o
 .debug_macro   0x000000000000e996      0x341 ./Core/Src/main.o
 .debug_macro   0x000000000000ecd7       0x10 ./Core/Src/main.o
 .debug_macro   0x000000000000ece7       0x35 ./Core/Src/main.o
 .debug_macro   0x000000000000ed1c       0x20 ./Core/Src/main.o
 .debug_macro   0x000000000000ed3c       0x16 ./Core/Src/main.o
 .debug_macro   0x000000000000ed52       0x16 ./Core/Src/main.o
 .debug_macro   0x000000000000ed68       0x29 ./Core/Src/main.o
 .debug_macro   0x000000000000ed91       0x58 ./Core/Src/main.o
 .debug_macro   0x000000000000ede9       0x1c ./Core/Src/main.o
 .debug_macro   0x000000000000ee05       0x10 ./Core/Src/main.o
 .debug_macro   0x000000000000ee15       0x1c ./Core/Src/main.o
 .debug_macro   0x000000000000ee31       0x52 ./Core/Src/main.o
 .debug_macro   0x000000000000ee83       0x22 ./Core/Src/main.o
 .debug_macro   0x000000000000eea5       0x10 ./Core/Src/main.o
 .debug_macro   0x000000000000eeb5       0x52 ./Core/Src/main.o
 .debug_macro   0x000000000000ef07       0xd5 ./Core/Src/main.o
 .debug_macro   0x000000000000efdc       0x1c ./Core/Src/main.o
 .debug_macro   0x000000000000eff8       0x3d ./Core/Src/main.o
 .debug_macro   0x000000000000f035       0x16 ./Core/Src/main.o
 .debug_macro   0x000000000000f04b      0x145 ./Core/Src/main.o
 .debug_macro   0x000000000000f190       0x22 ./Core/Src/main.o
 .debug_macro   0x000000000000f1b2      0x536 ./Core/Src/main.o
 .debug_macro   0x000000000000f6e8       0x8e ./Core/Src/main.o
 .debug_macro   0x000000000000f776      0x1be ./Core/Src/stm32f0xx_hal_msp.o
 .debug_macro   0x000000000000f934      0x1c8 ./Core/Src/stm32f0xx_it.o
 .debug_macro   0x000000000000fafc       0xff ./Core/Src/sysmem.o
 .debug_macro   0x000000000000fbfb      0x23b ./Core/Src/sysmem.o
 .debug_macro   0x000000000000fe36      0x1af ./Core/Src/system_stm32f0xx.o
 .debug_macro   0x000000000000ffe5      0x1d3 ./Drivers/STM32F0xx_HAL_Driver/Src/stm32f0xx_hal.o
 .debug_macro   0x00000000000101b8      0x1af ./Drivers/STM32F0xx_HAL_Driver/Src/stm32f0xx_hal_cortex.o
 .debug_macro   0x0000000000010367      0x1b6 ./Drivers/STM32F0xx_HAL_Driver/Src/stm32f0xx_hal_gpio.o
 .debug_macro   0x000000000001051d      0x1c1 ./Drivers/STM32F0xx_HAL_Driver/Src/stm32f0xx_hal_rcc.o
 .debug_macro   0x00000000000106de      0x1b7 ./Drivers/STM32F0xx_HAL_Driver/Src/stm32f0xx_hal_spi.o
 .debug_macro   0x0000000000010895      0x211 ./FATFS/App/fatfs.o
 .debug_macro   0x0000000000010aa6       0xd8 ./FATFS/App/fatfs.o
 .debug_macro   0x0000000000010b7e      0x2d8 ./FATFS/Target/user_diskio.o
 .debug_macro   0x0000000000010e56       0x16 ./FATFS/Target/user_diskio.o
 .debug_macro   0x0000000000010e6c       0x7c ./FATFS/Target/user_diskio.o
 .debug_macro   0x0000000000010ee8       0x4f ./FATFS/Target/user_diskio.o
 .debug_macro   0x0000000000010f37      0x497 ./FATFS/Target/user_diskio_spi.o
 .debug_macro   0x00000000000113ce      0x388 ./Libraries/BML_DRIVERS/Src/BML_DRIVER.o
 .debug_macro   0x0000000000011756      0x224 ./Libraries/SDCardLib/Src/SDCard.o
 .debug_macro   0x000000000001197a      0x453 ./Libraries/tft_lib/Src/st7783.o
 .debug_macro   0x0000000000011dcd      0x1fe ./Middlewares/Third_Party/FatFs/src/diskio.o
 .debug_macro   0x0000000000011fcb      0x445 ./Middlewares/Third_Party/FatFs/src/ff.o
 .debug_macro   0x0000000000012410      0x1fe ./Middlewares/Third_Party/FatFs/src/ff_gen_drv.o

.debug_line     0x0000000000000000    0x110a0
 .debug_line    0x0000000000000000      0xba7 ./Core/Src/main.o
 .debug_line    0x0000000000000ba7      0x6ed ./Core/Src/stm32f0xx_hal_msp.o
 .debug_line    0x0000000000001294      0x706 ./Core/Src/stm32f0xx_it.o
 .debug_line    0x000000000000199a      0x4e5 ./Core/Src/sysmem.o
 .debug_line    0x0000000000001e7f      0x715 ./Core/Src/system_stm32f0xx.o
 .debug_line    0x0000000000002594       0x89 ./Core/Startup/startup_stm32f070rbtx.o
 .debug_line    0x000000000000261d      0x91b ./Drivers/STM32F0xx_HAL_Driver/Src/stm32f0xx_hal.o
 .debug_line    0x0000000000002f38      0x9c7 ./Drivers/STM32F0xx_HAL_Driver/Src/stm32f0xx_hal_cortex.o
 .debug_line    0x00000000000038ff      0xa98 ./Drivers/STM32F0xx_HAL_Driver/Src/stm32f0xx_hal_gpio.o
 .debug_line    0x0000000000004397      0xd0c ./Drivers/STM32F0xx_HAL_Driver/Src/stm32f0xx_hal_rcc.o
 .debug_line    0x00000000000050a3     0x1e30 ./Drivers/STM32F0xx_HAL_Driver/Src/stm32f0xx_hal_spi.o
 .debug_line    0x0000000000006ed3      0x774 ./FATFS/App/fatfs.o
 .debug_line    0x0000000000007647      0x919 ./FATFS/Target/user_diskio.o
 .debug_line    0x0000000000007f60     0x105f ./FATFS/Target/user_diskio_spi.o
 .debug_line    0x0000000000008fbf     0x1a83 ./Libraries/BML_DRIVERS/Src/BML_DRIVER.o
 .debug_line    0x000000000000aa42      0xf06 ./Libraries/SDCardLib/Src/SDCard.o
 .debug_line    0x000000000000b948     0x1839 ./Libraries/tft_lib/Src/st7783.o
 .debug_line    0x000000000000d181      0x7c8 ./Middlewares/Third_Party/FatFs/src/diskio.o
 .debug_line    0x000000000000d949     0x2f72 ./Middlewares/Third_Party/FatFs/src/ff.o
 .debug_line    0x00000000000108bb      0x7e5 ./Middlewares/Third_Party/FatFs/src/ff_gen_drv.o

.debug_str      0x0000000000000000    0x62c92
 .debug_str     0x0000000000000000    0x5f418 ./Core/Src/main.o
                                      0x5f74a (size before relaxing)
 .debug_str     0x000000000005f418       0x63 ./Core/Src/stm32f0xx_hal_msp.o
                                      0x596e5 (size before relaxing)
 .debug_str     0x000000000005f47b       0x94 ./Core/Src/stm32f0xx_it.o
                                      0x59244 (size before relaxing)
 .debug_str     0x000000000005f50f      0x4da ./Core/Src/sysmem.o
                                       0x5c91 (size before relaxing)
 .debug_str     0x000000000005f9e9       0x8b ./Core/Src/system_stm32f0xx.o
                                      0x5911c (size before relaxing)
 .debug_str     0x000000000005fa74       0x36 ./Core/Startup/startup_stm32f070rbtx.o
                                         0x5b (size before relaxing)
 .debug_str     0x000000000005faaa      0x4c9 ./Drivers/STM32F0xx_HAL_Driver/Src/stm32f0xx_hal.o
                                      0x596ce (size before relaxing)
 .debug_str     0x000000000005ff73      0x1d2 ./Drivers/STM32F0xx_HAL_Driver/Src/stm32f0xx_hal_cortex.o
                                      0x594bf (size before relaxing)
 .debug_str     0x0000000000060145      0x154 ./Drivers/STM32F0xx_HAL_Driver/Src/stm32f0xx_hal_gpio.o
                                      0x592bd (size before relaxing)
 .debug_str     0x0000000000060299      0x21a ./Drivers/STM32F0xx_HAL_Driver/Src/stm32f0xx_hal_rcc.o
                                      0x59558 (size before relaxing)
 .debug_str     0x00000000000604b3      0x5a4 ./Drivers/STM32F0xx_HAL_Driver/Src/stm32f0xx_hal_spi.o
                                      0x59a86 (size before relaxing)
 .debug_str     0x0000000000060a57      0x1a9 ./FATFS/App/fatfs.o
                                      0x59b1b (size before relaxing)
 .debug_str     0x0000000000060c00       0xd6 ./FATFS/Target/user_diskio.o
                                      0x5c8c1 (size before relaxing)
 .debug_str     0x0000000000060cd6      0x396 ./FATFS/Target/user_diskio_spi.o
                                      0x5f72d (size before relaxing)
 .debug_str     0x000000000006106c      0x4e9 ./Libraries/BML_DRIVERS/Src/BML_DRIVER.o
                                      0x5f073 (size before relaxing)
 .debug_str     0x0000000000061555      0x3b4 ./Libraries/SDCardLib/Src/SDCard.o
                                      0x59eab (size before relaxing)
 .debug_str     0x0000000000061909      0x7af ./Libraries/tft_lib/Src/st7783.o
                                      0x5f083 (size before relaxing)
 .debug_str     0x00000000000620b8       0x52 ./Middlewares/Third_Party/FatFs/src/diskio.o
                                      0x59a47 (size before relaxing)
 .debug_str     0x000000000006210a      0xaf7 ./Middlewares/Third_Party/FatFs/src/ff.o
                                      0x5a872 (size before relaxing)
 .debug_str     0x0000000000062c01       0x91 ./Middlewares/Third_Party/FatFs/src/ff_gen_drv.o
                                      0x59a98 (size before relaxing)

.comment        0x0000000000000000       0x50
 .comment       0x0000000000000000       0x50 ./Core/Src/main.o
                                         0x51 (size before relaxing)
 .comment       0x0000000000000050       0x51 ./Core/Src/stm32f0xx_hal_msp.o
 .comment       0x0000000000000050       0x51 ./Core/Src/stm32f0xx_it.o
 .comment       0x0000000000000050       0x51 ./Core/Src/sysmem.o
 .comment       0x0000000000000050       0x51 ./Core/Src/system_stm32f0xx.o
 .comment       0x0000000000000050       0x51 ./Drivers/STM32F0xx_HAL_Driver/Src/stm32f0xx_hal.o
 .comment       0x0000000000000050       0x51 ./Drivers/STM32F0xx_HAL_Driver/Src/stm32f0xx_hal_cortex.o
 .comment       0x0000000000000050       0x51 ./Drivers/STM32F0xx_HAL_Driver/Src/stm32f0xx_hal_gpio.o
 .comment       0x0000000000000050       0x51 ./Drivers/STM32F0xx_HAL_Driver/Src/stm32f0xx_hal_rcc.o
 .comment       0x0000000000000050       0x51 ./Drivers/STM32F0xx_HAL_Driver/Src/stm32f0xx_hal_spi.o
 .comment       0x0000000000000050       0x51 ./FATFS/App/fatfs.o
 .comment       0x0000000000000050       0x51 ./FATFS/Target/user_diskio.o
 .comment       0x0000000000000050       0x51 ./FATFS/Target/user_diskio_spi.o
 .comment       0x0000000000000050       0x51 ./Libraries/BML_DRIVERS/Src/BML_DRIVER.o
 .comment       0x0000000000000050       0x51 ./Libraries/SDCardLib/Src/SDCard.o
 .comment       0x0000000000000050       0x51 ./Libraries/tft_lib/Src/st7783.o
 .comment       0x0000000000000050       0x51 ./Middlewares/Third_Party/FatFs/src/diskio.o
 .comment       0x0000000000000050       0x51 ./Middlewares/Third_Party/FatFs/src/ff.o
 .comment       0x0000000000000050       0x51 ./Middlewares/Third_Party/FatFs/src/ff_gen_drv.o

.debug_frame    0x0000000000000000     0x32b4
 .debug_frame   0x0000000000000000       0xa8 ./Core/Src/main.o
 .debug_frame   0x00000000000000a8       0x70 ./Core/Src/stm32f0xx_hal_msp.o
 .debug_frame   0x0000000000000118       0x9c ./Core/Src/stm32f0xx_it.o
 .debug_frame   0x00000000000001b4       0x30 ./Core/Src/sysmem.o
 .debug_frame   0x00000000000001e4       0x4c ./Core/Src/system_stm32f0xx.o
 .debug_frame   0x0000000000000230      0x2a4 ./Drivers/STM32F0xx_HAL_Driver/Src/stm32f0xx_hal.o
 .debug_frame   0x00000000000004d4      0x2a0 ./Drivers/STM32F0xx_HAL_Driver/Src/stm32f0xx_hal_cortex.o
 .debug_frame   0x0000000000000774      0x110 ./Drivers/STM32F0xx_HAL_Driver/Src/stm32f0xx_hal_gpio.o
 .debug_frame   0x0000000000000884      0x198 ./Drivers/STM32F0xx_HAL_Driver/Src/stm32f0xx_hal_rcc.o
 .debug_frame   0x0000000000000a1c      0x710 ./Drivers/STM32F0xx_HAL_Driver/Src/stm32f0xx_hal_spi.o
 .debug_frame   0x000000000000112c       0x48 ./FATFS/App/fatfs.o
 .debug_frame   0x0000000000001174       0xb8 ./FATFS/Target/user_diskio.o
 .debug_frame   0x000000000000122c      0x218 ./FATFS/Target/user_diskio_spi.o
 .debug_frame   0x0000000000001444      0x800 ./Libraries/BML_DRIVERS/Src/BML_DRIVER.o
 .debug_frame   0x0000000000001c44      0x31c ./Libraries/SDCardLib/Src/SDCard.o
 .debug_frame   0x0000000000001f60      0x584 ./Libraries/tft_lib/Src/st7783.o
 .debug_frame   0x00000000000024e4       0xdc ./Middlewares/Third_Party/FatFs/src/diskio.o
 .debug_frame   0x00000000000025c0      0x7dc ./Middlewares/Third_Party/FatFs/src/ff.o
 .debug_frame   0x0000000000002d9c       0xac ./Middlewares/Third_Party/FatFs/src/ff_gen_drv.o
 .debug_frame   0x0000000000002e48       0x20 c:/st/stm32cubeide_1.7.0/stm32cubeide/plugins/com.st.stm32cube.ide.mcu.externaltools.gnu-tools-for-stm32.10.3-2021.10.win32_1.0.0.202111181127/tools/bin/../lib/gcc/arm-none-eabi/10.3.1/../../../../arm-none-eabi/lib/thumb/v6-m/nofp\libc_nano.a(lib_a-errno.o)
 .debug_frame   0x0000000000002e68       0x2c c:/st/stm32cubeide_1.7.0/stm32cubeide/plugins/com.st.stm32cube.ide.mcu.externaltools.gnu-tools-for-stm32.10.3-2021.10.win32_1.0.0.202111181127/tools/bin/../lib/gcc/arm-none-eabi/10.3.1/../../../../arm-none-eabi/lib/thumb/v6-m/nofp\libc_nano.a(lib_a-init.o)
 .debug_frame   0x0000000000002e94       0x20 c:/st/stm32cubeide_1.7.0/stm32cubeide/plugins/com.st.stm32cube.ide.mcu.externaltools.gnu-tools-for-stm32.10.3-2021.10.win32_1.0.0.202111181127/tools/bin/../lib/gcc/arm-none-eabi/10.3.1/../../../../arm-none-eabi/lib/thumb/v6-m/nofp\libc_nano.a(lib_a-memset.o)
 .debug_frame   0x0000000000002eb4       0x2c c:/st/stm32cubeide_1.7.0/stm32cubeide/plugins/com.st.stm32cube.ide.mcu.externaltools.gnu-tools-for-stm32.10.3-2021.10.win32_1.0.0.202111181127/tools/bin/../lib/gcc/arm-none-eabi/10.3.1/../../../../arm-none-eabi/lib/thumb/v6-m/nofp\libc_nano.a(lib_a-strncpy.o)
 .debug_frame   0x0000000000002ee0       0x48 c:/st/stm32cubeide_1.7.0/stm32cubeide/plugins/com.st.stm32cube.ide.mcu.externaltools.gnu-tools-for-stm32.10.3-2021.10.win32_1.0.0.202111181127/tools/bin/../lib/gcc/arm-none-eabi/10.3.1/../../../../arm-none-eabi/lib/thumb/v6-m/nofp\libc_nano.a(lib_a-vsnprintf.o)
 .debug_frame   0x0000000000002f28       0x74 c:/st/stm32cubeide_1.7.0/stm32cubeide/plugins/com.st.stm32cube.ide.mcu.externaltools.gnu-tools-for-stm32.10.3-2021.10.win32_1.0.0.202111181127/tools/bin/../lib/gcc/arm-none-eabi/10.3.1/../../../../arm-none-eabi/lib/thumb/v6-m/nofp\libc_nano.a(lib_a-nano-svfprintf.o)
 .debug_frame   0x0000000000002f9c       0x54 c:/st/stm32cubeide_1.7.0/stm32cubeide/plugins/com.st.stm32cube.ide.mcu.externaltools.gnu-tools-for-stm32.10.3-2021.10.win32_1.0.0.202111181127/tools/bin/../lib/gcc/arm-none-eabi/10.3.1/../../../../arm-none-eabi/lib/thumb/v6-m/nofp\libc_nano.a(lib_a-nano-vfprintf_i.o)
 .debug_frame   0x0000000000002ff0       0x20 c:/st/stm32cubeide_1.7.0/stm32cubeide/plugins/com.st.stm32cube.ide.mcu.externaltools.gnu-tools-for-stm32.10.3-2021.10.win32_1.0.0.202111181127/tools/bin/../lib/gcc/arm-none-eabi/10.3.1/../../../../arm-none-eabi/lib/thumb/v6-m/nofp\libc_nano.a(lib_a-memchr-stub.o)
 .debug_frame   0x0000000000003010       0x28 c:/st/stm32cubeide_1.7.0/stm32cubeide/plugins/com.st.stm32cube.ide.mcu.externaltools.gnu-tools-for-stm32.10.3-2021.10.win32_1.0.0.202111181127/tools/bin/../lib/gcc/arm-none-eabi/10.3.1/../../../../arm-none-eabi/lib/thumb/v6-m/nofp\libc_nano.a(lib_a-memcpy-stub.o)
 .debug_frame   0x0000000000003038       0x28 c:/st/stm32cubeide_1.7.0/stm32cubeide/plugins/com.st.stm32cube.ide.mcu.externaltools.gnu-tools-for-stm32.10.3-2021.10.win32_1.0.0.202111181127/tools/bin/../lib/gcc/arm-none-eabi/10.3.1/../../../../arm-none-eabi/lib/thumb/v6-m/nofp\libc_nano.a(lib_a-memmove.o)
 .debug_frame   0x0000000000003060       0x2c c:/st/stm32cubeide_1.7.0/stm32cubeide/plugins/com.st.stm32cube.ide.mcu.externaltools.gnu-tools-for-stm32.10.3-2021.10.win32_1.0.0.202111181127/tools/bin/../lib/gcc/arm-none-eabi/10.3.1/../../../../arm-none-eabi/lib/thumb/v6-m/nofp\libc_nano.a(lib_a-nano-freer.o)
 .debug_frame   0x000000000000308c       0x50 c:/st/stm32cubeide_1.7.0/stm32cubeide/plugins/com.st.stm32cube.ide.mcu.externaltools.gnu-tools-for-stm32.10.3-2021.10.win32_1.0.0.202111181127/tools/bin/../lib/gcc/arm-none-eabi/10.3.1/../../../../arm-none-eabi/lib/thumb/v6-m/nofp\libc_nano.a(lib_a-nano-mallocr.o)
 .debug_frame   0x00000000000030dc       0x34 c:/st/stm32cubeide_1.7.0/stm32cubeide/plugins/com.st.stm32cube.ide.mcu.externaltools.gnu-tools-for-stm32.10.3-2021.10.win32_1.0.0.202111181127/tools/bin/../lib/gcc/arm-none-eabi/10.3.1/../../../../arm-none-eabi/lib/thumb/v6-m/nofp\libc_nano.a(lib_a-nano-reallocr.o)
 .debug_frame   0x0000000000003110       0x2c c:/st/stm32cubeide_1.7.0/stm32cubeide/plugins/com.st.stm32cube.ide.mcu.externaltools.gnu-tools-for-stm32.10.3-2021.10.win32_1.0.0.202111181127/tools/bin/../lib/gcc/arm-none-eabi/10.3.1/../../../../arm-none-eabi/lib/thumb/v6-m/nofp\libc_nano.a(lib_a-sbrkr.o)
 .debug_frame   0x000000000000313c       0x40 c:/st/stm32cubeide_1.7.0/stm32cubeide/plugins/com.st.stm32cube.ide.mcu.externaltools.gnu-tools-for-stm32.10.3-2021.10.win32_1.0.0.202111181127/tools/bin/../lib/gcc/arm-none-eabi/10.3.1/../../../../arm-none-eabi/lib/thumb/v6-m/nofp\libc_nano.a(lib_a-mlock.o)
 .debug_frame   0x000000000000317c       0x20 c:/st/stm32cubeide_1.7.0/stm32cubeide/plugins/com.st.stm32cube.ide.mcu.externaltools.gnu-tools-for-stm32.10.3-2021.10.win32_1.0.0.202111181127/tools/bin/../lib/gcc/arm-none-eabi/10.3.1/../../../../arm-none-eabi/lib/thumb/v6-m/nofp\libc_nano.a(lib_a-nano-msizer.o)
 .debug_frame   0x000000000000319c       0x48 c:/st/stm32cubeide_1.7.0/stm32cubeide/plugins/com.st.stm32cube.ide.mcu.externaltools.gnu-tools-for-stm32.10.3-2021.10.win32_1.0.0.202111181127/tools/bin/../lib/gcc/arm-none-eabi/10.3.1/../../../../arm-none-eabi/lib/thumb/v6-m/nofp\libc_nano.a(lib_a-reent.o)
 .debug_frame   0x00000000000031e4       0xb0 c:/st/stm32cubeide_1.7.0/stm32cubeide/plugins/com.st.stm32cube.ide.mcu.externaltools.gnu-tools-for-stm32.10.3-2021.10.win32_1.0.0.202111181127/tools/bin/../lib/gcc/arm-none-eabi/10.3.1/../../../../arm-none-eabi/lib/thumb/v6-m/nofp\libc_nano.a(lib_a-lock.o)
 .debug_frame   0x0000000000003294       0x20 c:/st/stm32cubeide_1.7.0/stm32cubeide/plugins/com.st.stm32cube.ide.mcu.externaltools.gnu-tools-for-stm32.10.3-2021.10.win32_1.0.0.202111181127/tools/bin/../lib/gcc/arm-none-eabi/10.3.1/thumb/v6-m/nofp\libgcc.a(_udivsi3.o)