Archive member included to satisfy reference by file (symbol)

c:/st/stm32cubeide_1.7.0/stm32cubeide/plugins/com.st.stm32cube.ide.mcu.externaltools.gnu-tools-for-stm32.9-2020-q2-update.win32_2.0.0.202105311346/tools/bin/../lib/gcc/arm-none-eabi/9.3.1/../../../../arm-none-eabi/lib/thumb/v6-m/nofp\libc_nano.a(lib_a-errno.o)
                              ./Core/Src/syscalls.o (__errno)
c:/st/stm32cubeide_1.7.0/stm32cubeide/plugins/com.st.stm32cube.ide.mcu.externaltools.gnu-tools-for-stm32.9-2020-q2-update.win32_2.0.0.202105311346/tools/bin/../lib/gcc/arm-none-eabi/9.3.1/../../../../arm-none-eabi/lib/thumb/v6-m/nofp\libc_nano.a(lib_a-exit.o)
                              c:/st/stm32cubeide_1.7.0/stm32cubeide/plugins/com.st.stm32cube.ide.mcu.externaltools.gnu-tools-for-stm32.9-2020-q2-update.win32_2.0.0.202105311346/tools/bin/../lib/gcc/arm-none-eabi/9.3.1/../../../../arm-none-eabi/lib/thumb/v6-m/nofp/crt0.o (exit)
c:/st/stm32cubeide_1.7.0/stm32cubeide/plugins/com.st.stm32cube.ide.mcu.externaltools.gnu-tools-for-stm32.9-2020-q2-update.win32_2.0.0.202105311346/tools/bin/../lib/gcc/arm-none-eabi/9.3.1/../../../../arm-none-eabi/lib/thumb/v6-m/nofp\libc_nano.a(lib_a-impure.o)
                              c:/st/stm32cubeide_1.7.0/stm32cubeide/plugins/com.st.stm32cube.ide.mcu.externaltools.gnu-tools-for-stm32.9-2020-q2-update.win32_2.0.0.202105311346/tools/bin/../lib/gcc/arm-none-eabi/9.3.1/../../../../arm-none-eabi/lib/thumb/v6-m/nofp\libc_nano.a(lib_a-exit.o) (_global_impure_ptr)
c:/st/stm32cubeide_1.7.0/stm32cubeide/plugins/com.st.stm32cube.ide.mcu.externaltools.gnu-tools-for-stm32.9-2020-q2-update.win32_2.0.0.202105311346/tools/bin/../lib/gcc/arm-none-eabi/9.3.1/../../../../arm-none-eabi/lib/thumb/v6-m/nofp\libc_nano.a(lib_a-init.o)
                              c:/st/stm32cubeide_1.7.0/stm32cubeide/plugins/com.st.stm32cube.ide.mcu.externaltools.gnu-tools-for-stm32.9-2020-q2-update.win32_2.0.0.202105311346/tools/bin/../lib/gcc/arm-none-eabi/9.3.1/../../../../arm-none-eabi/lib/thumb/v6-m/nofp/crt0.o (__libc_init_array)
c:/st/stm32cubeide_1.7.0/stm32cubeide/plugins/com.st.stm32cube.ide.mcu.externaltools.gnu-tools-for-stm32.9-2020-q2-update.win32_2.0.0.202105311346/tools/bin/../lib/gcc/arm-none-eabi/9.3.1/../../../../arm-none-eabi/lib/thumb/v6-m/nofp\libc_nano.a(lib_a-memset.o)
                              c:/st/stm32cubeide_1.7.0/stm32cubeide/plugins/com.st.stm32cube.ide.mcu.externaltools.gnu-tools-for-stm32.9-2020-q2-update.win32_2.0.0.202105311346/tools/bin/../lib/gcc/arm-none-eabi/9.3.1/../../../../arm-none-eabi/lib/thumb/v6-m/nofp/crt0.o (memset)
c:/st/stm32cubeide_1.7.0/stm32cubeide/plugins/com.st.stm32cube.ide.mcu.externaltools.gnu-tools-for-stm32.9-2020-q2-update.win32_2.0.0.202105311346/tools/bin/../lib/gcc/arm-none-eabi/9.3.1/../../../../arm-none-eabi/lib/thumb/v6-m/nofp\libc_nano.a(lib_a-sprintf.o)
                              ./Core/Src/main.o (sprintf)
c:/st/stm32cubeide_1.7.0/stm32cubeide/plugins/com.st.stm32cube.ide.mcu.externaltools.gnu-tools-for-stm32.9-2020-q2-update.win32_2.0.0.202105311346/tools/bin/../lib/gcc/arm-none-eabi/9.3.1/../../../../arm-none-eabi/lib/thumb/v6-m/nofp\libc_nano.a(lib_a-strlen.o)
                              ./Libraries/Src/BML_DRIVER.o (strlen)
c:/st/stm32cubeide_1.7.0/stm32cubeide/plugins/com.st.stm32cube.ide.mcu.externaltools.gnu-tools-for-stm32.9-2020-q2-update.win32_2.0.0.202105311346/tools/bin/../lib/gcc/arm-none-eabi/9.3.1/../../../../arm-none-eabi/lib/thumb/v6-m/nofp\libc_nano.a(lib_a-strncpy.o)
                              ./Libraries/Src/SDCard.o (strncpy)
c:/st/stm32cubeide_1.7.0/stm32cubeide/plugins/com.st.stm32cube.ide.mcu.externaltools.gnu-tools-for-stm32.9-2020-q2-update.win32_2.0.0.202105311346/tools/bin/../lib/gcc/arm-none-eabi/9.3.1/../../../../arm-none-eabi/lib/thumb/v6-m/nofp\libc_nano.a(lib_a-vsnprintf.o)
                              ./Libraries/Src/BML_DRIVER.o (vsnprintf)
c:/st/stm32cubeide_1.7.0/stm32cubeide/plugins/com.st.stm32cube.ide.mcu.externaltools.gnu-tools-for-stm32.9-2020-q2-update.win32_2.0.0.202105311346/tools/bin/../lib/gcc/arm-none-eabi/9.3.1/../../../../arm-none-eabi/lib/thumb/v6-m/nofp\libc_nano.a(lib_a-vsprintf.o)
                              ./tft_lib/Src/st7783.o (vsprintf)
c:/st/stm32cubeide_1.7.0/stm32cubeide/plugins/com.st.stm32cube.ide.mcu.externaltools.gnu-tools-for-stm32.9-2020-q2-update.win32_2.0.0.202105311346/tools/bin/../lib/gcc/arm-none-eabi/9.3.1/../../../../arm-none-eabi/lib/thumb/v6-m/nofp\libc_nano.a(lib_a-nano-svfprintf.o)
                              c:/st/stm32cubeide_1.7.0/stm32cubeide/plugins/com.st.stm32cube.ide.mcu.externaltools.gnu-tools-for-stm32.9-2020-q2-update.win32_2.0.0.202105311346/tools/bin/../lib/gcc/arm-none-eabi/9.3.1/../../../../arm-none-eabi/lib/thumb/v6-m/nofp\libc_nano.a(lib_a-sprintf.o) (_svfprintf_r)
[...]
Memory Configuration

Name             Origin             Length             Attributes
RAM              0x0000000020000000 0x0000000000004000 xrw
FLASH            0x0000000008000000 0x0000000000020000 xr
*default*        0x0000000000000000 0xffffffffffffffff

Linker script and memory map

LOAD c:/st/stm32cubeide_1.7.0/stm32cubeide/plugins/com.st.stm32cube.ide.mcu.externaltools.gnu-tools-for-stm32.9-2020-q2-update.win32_2.0.0.202105311346/tools/bin/../lib/gcc/arm-none-eabi/9.3.1/thumb/v6-m/nofp/crti.o
LOAD c:/st/stm32cubeide_1.7.0/stm32cubeide/plugins/com.st.stm32cube.ide.mcu.externaltools.gnu-tools-for-stm32.9-2020-q2-update.win32_2.0.0.202105311346/tools/bin/../lib/gcc/arm-none-eabi/9.3.1/thumb/v6-m/nofp/crtbegin.o
LOAD c:/st/stm32cubeide_1.7.0/stm32cubeide/plugins/com.st.stm32cube.ide.mcu.externaltools.gnu-tools-for-stm32.9-2020-q2-update.win32_2.0.0.202105311346/tools/bin/../lib/gcc/arm-none-eabi/9.3.1/../../../../arm-none-eabi/lib/thumb/v6-m/nofp/crt0.o
LOAD ./Core/Src/main.o
LOAD ./Core/Src/stm32f0xx_hal_msp.o
LOAD ./Core/Src/stm32f0xx_it.o
LOAD ./Core/Src/syscalls.o
LOAD ./Core/Src/sysmem.o
LOAD ./Core/Src/system_stm32f0xx.o
LOAD ./Core/Startup/startup_stm32f070rbtx.o
LOAD ./Drivers/STM32F0xx_HAL_Driver/Src/stm32f0xx_hal.o
LOAD ./Drivers/STM32F0xx_HAL_Driver/Src/stm32f0xx_hal_cortex.o
LOAD ./Drivers/STM32F0xx_HAL_Driver/Src/stm32f0xx_hal_dma.o
LOAD ./Drivers/STM32F0xx_HAL_Driver/Src/stm32f0xx_hal_exti.o
LOAD ./Drivers/STM32F0xx_HAL_Driver/Src/stm32f0xx_hal_flash.o
LOAD ./Drivers/STM32F0xx_HAL_Driver/Src/stm32f0xx_hal_flash_ex.o
LOAD ./Drivers/STM32F0xx_HAL_Driver/Src/stm32f0xx_hal_gpio.o
LOAD ./Drivers/STM32F0xx_HAL_Driver/Src/stm32f0xx_hal_i2c.o
LOAD ./Drivers/STM32F0xx_HAL_Driver/Src/stm32f0xx_hal_i2c_ex.o
LOAD ./Drivers/STM32F0xx_HAL_Driver/Src/stm32f0xx_hal_pwr.o
LOAD ./Drivers/STM32F0xx_HAL_Driver/Src/stm32f0xx_hal_pwr_ex.o
LOAD ./Drivers/STM32F0xx_HAL_Driver/Src/stm32f0xx_hal_rcc.o
LOAD ./Drivers/STM32F0xx_HAL_Driver/Src/stm32f0xx_hal_rcc_ex.o
LOAD ./Drivers/STM32F0xx_HAL_Driver/Src/stm32f0xx_hal_spi.o
LOAD ./Drivers/STM32F0xx_HAL_Driver/Src/stm32f0xx_hal_spi_ex.o
LOAD ./Drivers/STM32F0xx_HAL_Driver/Src/stm32f0xx_hal_tim.o
LOAD ./Drivers/STM32F0xx_HAL_Driver/Src/stm32f0xx_hal_tim_ex.o
LOAD ./Drivers/STM32F0xx_HAL_Driver/Src/stm32f0xx_hal_uart.o
LOAD ./Drivers/STM32F0xx_HAL_Driver/Src/stm32f0xx_hal_uart_ex.o
LOAD ./FATFS/App/fatfs.o
LOAD ./FATFS/Target/user_diskio.o
LOAD ./FATFS/Target/user_diskio_spi.o
LOAD ./Libraries/Src/BML_DRIVER.o
LOAD ./Libraries/Src/SDCard.o
LOAD ./Middlewares/Third_Party/FatFs/src/diskio.o
LOAD ./Middlewares/Third_Party/FatFs/src/ff.o
LOAD ./Middlewares/Third_Party/FatFs/src/ff_gen_drv.o
LOAD ./Middlewares/Third_Party/FatFs/src/option/syscall.o
LOAD ./tft_lib/Src/fonts.o
LOAD ./tft_lib/Src/graphics.o
LOAD ./tft_lib/Src/st7783.o
LOAD ./tft_lib/Src/touch.o
START GROUP
LOAD c:/st/stm32cubeide_1.7.0/stm32cubeide/plugins/com.st.stm32cube.ide.mcu.externaltools.gnu-tools-for-stm32.9-2020-q2-update.win32_2.0.0.202105311346/tools/bin/../lib/gcc/arm-none-eabi/9.3.1/../../../../arm-none-eabi/lib/thumb/v6-m/nofp\libc_nano.a
LOAD c:/st/stm32cubeide_1.7.0/stm32cubeide/plugins/com.st.stm32cube.ide.mcu.externaltools.gnu-tools-for-stm32.9-2020-q2-update.win32_2.0.0.202105311346/tools/bin/../lib/gcc/arm-none-eabi/9.3.1/../../../../arm-none-eabi/lib/thumb/v6-m/nofp\libm.a
END GROUP
START GROUP
LOAD c:/st/stm32cubeide_1.7.0/stm32cubeide/plugins/com.st.stm32cube.ide.mcu.externaltools.gnu-tools-for-stm32.9-2020-q2-update.win32_2.0.0.202105311346/tools/bin/../lib/gcc/arm-none-eabi/9.3.1/thumb/v6-m/nofp\libgcc.a
LOAD c:/st/stm32cubeide_1.7.0/stm32cubeide/plugins/com.st.stm32cube.ide.mcu.externaltools.gnu-tools-for-stm32.9-2020-q2-update.win32_2.0.0.202105311346/tools/bin/../lib/gcc/arm-none-eabi/9.3.1/../../../../arm-none-eabi/lib/thumb/v6-m/nofp\libc_nano.a
END GROUP
START GROUP
LOAD c:/st/stm32cubeide_1.7.0/stm32cubeide/plugins/com.st.stm32cube.ide.mcu.externaltools.gnu-tools-for-stm32.9-2020-q2-update.win32_2.0.0.202105311346/tools/bin/../lib/gcc/arm-none-eabi/9.3.1/thumb/v6-m/nofp\libgcc.a
LOAD c:/st/stm32cubeide_1.7.0/stm32cubeide/plugins/com.st.stm32cube.ide.mcu.externaltools.gnu-tools-for-stm32.9-2020-q2-update.win32_2.0.0.202105311346/tools/bin/../lib/gcc/arm-none-eabi/9.3.1/../../../../arm-none-eabi/lib/thumb/v6-m/nofp\libc_nano.a
LOAD c:/st/stm32cubeide_1.7.0/stm32cubeide/plugins/com.st.stm32cube.ide.mcu.externaltools.gnu-tools-for-stm32.9-2020-q2-update.win32_2.0.0.202105311346/tools/bin/../lib/gcc/arm-none-eabi/9.3.1/../../../../arm-none-eabi/lib/thumb/v6-m/nofp\libnosys.a
END GROUP
START GROUP
LOAD c:/st/stm32cubeide_1.7.0/stm32cubeide/plugins/com.st.stm32cube.ide.mcu.externaltools.gnu-tools-for-stm32.9-2020-q2-update.win32_2.0.0.202105311346/tools/bin/../lib/gcc/arm-none-eabi/9.3.1/thumb/v6-m/nofp\libgcc.a
LOAD c:/st/stm32cubeide_1.7.0/stm32cubeide/plugins/com.st.stm32cube.ide.mcu.externaltools.gnu-tools-for-stm32.9-2020-q2-update.win32_2.0.0.202105311346/tools/bin/../lib/gcc/arm-none-eabi/9.3.1/../../../../arm-none-eabi/lib/thumb/v6-m/nofp\libc_nano.a
LOAD c:/st/stm32cubeide_1.7.0/stm32cubeide/plugins/com.st.stm32cube.ide.mcu.externaltools.gnu-tools-for-stm32.9-2020-q2-update.win32_2.0.0.202105311346/tools/bin/../lib/gcc/arm-none-eabi/9.3.1/../../../../arm-none-eabi/lib/thumb/v6-m/nofp\libnosys.a
END GROUP
LOAD c:/st/stm32cubeide_1.7.0/stm32cubeide/plugins/com.st.stm32cube.ide.mcu.externaltools.gnu-tools-for-stm32.9-2020-q2-update.win32_2.0.0.202105311346/tools/bin/../lib/gcc/arm-none-eabi/9.3.1/thumb/v6-m/nofp/crtend.o
LOAD c:/st/stm32cubeide_1.7.0/stm32cubeide/plugins/com.st.stm32cube.ide.mcu.externaltools.gnu-tools-for-stm32.9-2020-q2-update.win32_2.0.0.202105311346/tools/bin/../lib/gcc/arm-none-eabi/9.3.1/thumb/v6-m/nofp/crtn.o
                0x0000000020004000                _estack = (ORIGIN (RAM) + LENGTH (RAM))
                0x0000000000000200                _Min_Heap_Size = 0x200
                0x0000000000000400                _Min_Stack_Size = 0x400

.isr_vector     0x0000000008000000       0xc0
                0x0000000008000000                . = ALIGN (0x4)
 *(.isr_vector)
 .isr_vector    0x0000000008000000       0xc0 ./Core/Startup/startup_stm32f070rbtx.o
                0x0000000008000000                g_pfnVectors
                0x00000000080000c0                . = ALIGN (0x4)

.text           0x00000000080000c0     0x8de8
                0x00000000080000c0                . = ALIGN (0x4)
 *(.text)
 .text          0x00000000080000c0       0x48 c:/st/stm32cubeide_1.7.0/stm32cubeide/plugins/com.st.stm32cube.ide.mcu.externaltools.gnu-tools-for-stm32.9-2020-q2-update.win32_2.0.0.202105311346/tools/bin/../lib/gcc/arm-none-eabi/9.3.1/thumb/v6-m/nofp/crtbegin.o
 .text          0x0000000008000108        0xe c:/st/stm32cubeide_1.7.0/stm32cubeide/plugins/com.st.stm32cube.ide.mcu.externaltools.gnu-tools-for-stm32.9-2020-q2-update.win32_2.0.0.202105311346/tools/bin/../lib/gcc/arm-none-eabi/9.3.1/../../../../arm-none-eabi/lib/thumb/v6-m/nofp\libc_nano.a(lib_a-strlen.o)
                0x0000000008000108                strlen
 *fill*         0x0000000008000116        0x2 
 .text          0x0000000008000118       0x14 c:/st/stm32cubeide_1.7.0/stm32cubeide/plugins/com.st.stm32cube.ide.mcu.externaltools.gnu-tools-for-stm32.9-2020-q2-update.win32_2.0.0.202105311346/tools/bin/../lib/gcc/arm-none-eabi/9.3.1/thumb/v6-m/nofp\libgcc.a(_thumb1_case_shi.o)
                0x0000000008000118                __gnu_thumb1_case_shi
 .text          0x000000000800012c      0x114 c:/st/stm32cubeide_1.7.0/stm32cubeide/plugins/com.st.stm32cube.ide.mcu.externaltools.gnu-tools-for-stm32.9-2020-q2-update.win32_2.0.0.202105311346/tools/bin/../lib/gcc/arm-none-eabi/9.3.1/thumb/v6-m/nofp\libgcc.a(_udivsi3.o)
                0x000000000800012c                __aeabi_uidiv
                0x000000000800012c                __udivsi3
                0x0000000008000238                __aeabi_uidivmod
 .text          0x0000000008000240      0x1d4 c:/st/stm32cubeide_1.7.0/stm32cubeide/plugins/com.st.stm32cube.ide.mcu.externaltools.gnu-tools-for-stm32.9-2020-q2-update.win32_2.0.0.202105311346/tools/bin/../lib/gcc/arm-none-eabi/9.3.1/thumb/v6-m/nofp\libgcc.a(_divsi3.o)
                0x0000000008000240                __divsi3
                0x0000000008000240                __aeabi_idiv
                0x000000000800040c                __aeabi_idivmod
 .text          0x0000000008000414        0x4 c:/st/stm32cubeide_1.7.0/stm32cubeide/plugins/com.st.stm32cube.ide.mcu.externaltools.gnu-tools-for-stm32.9-2020-q2-update.win32_2.0.0.202105311346/tools/bin/../lib/gcc/arm-none-eabi/9.3.1/thumb/v6-m/nofp\libgcc.a(_dvmd_tls.o)
                0x0000000008000414                __aeabi_idiv0
                0x0000000008000414                __aeabi_ldiv0
 *(.text*)
 .text.checkButtonPressed
                0x0000000008000418       0x6c ./Core/Src/main.o
                0x0000000008000418                checkButtonPressed
 .text.dispWifi
                0x0000000008000484       0x74 ./Core/Src/main.o
                0x0000000008000484                dispWifi
 .text.main     0x00000000080004f8      0x1ac ./Core/Src/main.o
                0x00000000080004f8                main
 .text.SystemClock_Config
                0x00000000080006a4       0x96 ./Core/Src/main.o
                0x00000000080006a4                SystemClock_Config
 *fill*         0x000000000800073a        0x2 
 .text.MX_SPI1_Init
                0x000000000800073c       0x7c ./Core/Src/main.o
 .text.MX_GPIO_Init
                0x00000000080007b8       0x5c ./Core/Src/main.o
 .text.Error_Handler
                0x0000000008000814        0xa ./Core/Src/main.o
                0x0000000008000814                Error_Handler
 *fill*         0x000000000800081e        0x2 
 .text.HAL_SPI_MspInit
                0x0000000008000820       0x98 ./Core/Src/stm32f0xx_hal_msp.o
                0x0000000008000820                HAL_SPI_MspInit
 .text.NMI_Handler
                0x00000000080008b8        0x6 ./Core/Src/stm32f0xx_it.o
                0x00000000080008b8                NMI_Handler
 .text.HardFault_Handler
                0x00000000080008be        0x6 ./Core/Src/stm32f0xx_it.o
                0x00000000080008be                HardFault_Handler
 .text.SVC_Handler
                0x00000000080008c4        0xa ./Core/Src/stm32f0xx_it.o
                0x00000000080008c4                SVC_Handler
 .text.PendSV_Handler
                0x00000000080008ce        0xa ./Core/Src/stm32f0xx_it.o
                0x00000000080008ce                PendSV_Handler
 .text.SysTick_Handler
                0x00000000080008d8        0xe ./Core/Src/stm32f0xx_it.o
                0x00000000080008d8                SysTick_Handler
 *fill*         0x00000000080008e6        0x2 
 .text._sbrk    0x00000000080008e8       0x6c ./Core/Src/sysmem.o
                0x00000000080008e8                _sbrk
 .text.SystemInit
                0x0000000008000954        0xa ./Core/Src/system_stm32f0xx.o
                0x0000000008000954                SystemInit
 *fill*         0x000000000800095e        0x2 
 .text.Reset_Handler
                0x0000000008000960       0x50 ./Core/Startup/startup_stm32f070rbtx.o
                0x0000000008000960                Reset_Handler
 .text.Default_Handler
                0x00000000080009b0        0x2 ./Core/Startup/startup_stm32f070rbtx.o
                0x00000000080009b0                TIM1_CC_IRQHandler
                0x00000000080009b0                I2C1_IRQHandler
                0x00000000080009b0                SPI1_IRQHandler
                0x00000000080009b0                USART3_4_IRQHandler
                0x00000000080009b0                EXTI2_3_IRQHandler
                0x00000000080009b0                ADC1_IRQHandler
                0x00000000080009b0                I2C2_IRQHandler
                0x00000000080009b0                TIM17_IRQHandler
                0x00000000080009b0                RTC_IRQHandler
                0x00000000080009b0                TIM16_IRQHandler
                0x00000000080009b0                TIM3_IRQHandler
                0x00000000080009b0                EXTI4_15_IRQHandler
                0x00000000080009b0                RCC_IRQHandler
                0x00000000080009b0                DMA1_Channel1_IRQHandler
                0x00000000080009b0                Default_Handler
                0x00000000080009b0                TIM14_IRQHandler
                0x00000000080009b0                DMA1_Channel4_5_IRQHandler
                0x00000000080009b0                TIM7_IRQHandler
                0x00000000080009b0                TIM15_IRQHandler
                0x00000000080009b0                EXTI0_1_IRQHandler
                0x00000000080009b0                USB_IRQHandler
                0x00000000080009b0                SPI2_IRQHandler
                0x00000000080009b0                WWDG_IRQHandler
                0x00000000080009b0                DMA1_Channel2_3_IRQHandler
                0x00000000080009b0                USART2_IRQHandler
                0x00000000080009b0                FLASH_IRQHandler
                0x00000000080009b0                USART1_IRQHandler
                0x00000000080009b0                TIM1_BRK_UP_TRG_COM_IRQHandler
 *fill*         0x00000000080009b2        0x2 
 .text.HAL_InitTick
                0x00000000080009b4       0x68 ./Drivers/STM32F0xx_HAL_Driver/Src/stm32f0xx_hal.o
                0x00000000080009b4                HAL_InitTick
 .text.HAL_IncTick
                0x0000000008000a1c       0x24 ./Drivers/STM32F0xx_HAL_Driver/Src/stm32f0xx_hal.o
                0x0000000008000a1c                HAL_IncTick
 .text.HAL_GetTick
                0x0000000008000a40       0x14 ./Drivers/STM32F0xx_HAL_Driver/Src/stm32f0xx_hal.o
                0x0000000008000a40                HAL_GetTick
 .text.__NVIC_SetPriority
                0x0000000008000a54       0xdc ./Drivers/STM32F0xx_HAL_Driver/Src/stm32f0xx_hal_cortex.o
 .text.SysTick_Config
                0x0000000008000b30       0x48 ./Drivers/STM32F0xx_HAL_Driver/Src/stm32f0xx_hal_cortex.o
 .text.HAL_NVIC_SetPriority
                0x0000000008000b78       0x2a ./Drivers/STM32F0xx_HAL_Driver/Src/stm32f0xx_hal_cortex.o
                0x0000000008000b78                HAL_NVIC_SetPriority
 .text.HAL_SYSTICK_Config
                0x0000000008000ba2       0x1a ./Drivers/STM32F0xx_HAL_Driver/Src/stm32f0xx_hal_cortex.o
                0x0000000008000ba2                HAL_SYSTICK_Config
 .text.HAL_GPIO_Init
                0x0000000008000bbc      0x2e0 ./Drivers/STM32F0xx_HAL_Driver/Src/stm32f0xx_hal_gpio.o
                0x0000000008000bbc                HAL_GPIO_Init
 .text.HAL_RCC_OscConfig
                0x0000000008000e9c      0x63c ./Drivers/STM32F0xx_HAL_Driver/Src/stm32f0xx_hal_rcc.o
                0x0000000008000e9c                HAL_RCC_OscConfig
 .text.HAL_RCC_ClockConfig
                0x00000000080014d8      0x19c ./Drivers/STM32F0xx_HAL_Driver/Src/stm32f0xx_hal_rcc.o
                0x00000000080014d8                HAL_RCC_ClockConfig
 .text.HAL_RCC_GetSysClockFreq
                0x0000000008001674       0xcc ./Drivers/STM32F0xx_HAL_Driver/Src/stm32f0xx_hal_rcc.o
                0x0000000008001674                HAL_RCC_GetSysClockFreq
 .text.HAL_SPI_Init
                0x0000000008001740      0x170 ./Drivers/STM32F0xx_HAL_Driver/Src/stm32f0xx_hal_spi.o
                0x0000000008001740                HAL_SPI_Init
 .text.HAL_SPI_TransmitReceive
                0x00000000080018b0      0x3a4 ./Drivers/STM32F0xx_HAL_Driver/Src/stm32f0xx_hal_spi.o
                0x00000000080018b0                HAL_SPI_TransmitReceive
 .text.SPI_WaitFlagStateUntilTimeout
                0x0000000008001c54      0x11c ./Drivers/STM32F0xx_HAL_Driver/Src/stm32f0xx_hal_spi.o
 .text.SPI_WaitFifoStateUntilTimeout
                0x0000000008001d70      0x144 ./Drivers/STM32F0xx_HAL_Driver/Src/stm32f0xx_hal_spi.o
 .text.SPI_EndRxTxTransaction
                0x0000000008001eb4       0x8c ./Drivers/STM32F0xx_HAL_Driver/Src/stm32f0xx_hal_spi.o
 .text.MX_FATFS_Init
                0x0000000008001f40       0x2c ./FATFS/App/fatfs.o
                0x0000000008001f40                MX_FATFS_Init
 .text.get_fattime
                0x0000000008001f6c        0xc ./FATFS/App/fatfs.o
                0x0000000008001f6c                get_fattime
 .text.USER_initialize
                0x0000000008001f78       0x20 ./FATFS/Target/user_diskio.o
                0x0000000008001f78                USER_initialize
 .text.USER_status
                0x0000000008001f98       0x20 ./FATFS/Target/user_diskio.o
                0x0000000008001f98                USER_status
 .text.USER_read
                0x0000000008001fb8       0x2e ./FATFS/Target/user_diskio.o
                0x0000000008001fb8                USER_read
 .text.USER_write
                0x0000000008001fe6       0x2e ./FATFS/Target/user_diskio.o
                0x0000000008001fe6                USER_write
 .text.USER_ioctl
                0x0000000008002014       0x2e ./FATFS/Target/user_diskio.o
                0x0000000008002014                USER_ioctl
 *fill*         0x0000000008002042        0x2 
 .text.SPI_Timer_On
                0x0000000008002044       0x28 ./FATFS/Target/user_diskio_spi.o
                0x0000000008002044                SPI_Timer_On
 .text.SPI_Timer_Status
                0x000000000800206c       0x2c ./FATFS/Target/user_diskio_spi.o
                0x000000000800206c                SPI_Timer_Status
 .text.xchg_spi
                0x0000000008002098       0x30 ./FATFS/Target/user_diskio_spi.o
 .text.rcvr_spi_multi
                0x00000000080020c8       0x38 ./FATFS/Target/user_diskio_spi.o
 .text.xmit_spi_multi
                0x0000000008002100       0x36 ./FATFS/Target/user_diskio_spi.o
 .text.wait_ready
                0x0000000008002136       0x50 ./FATFS/Target/user_diskio_spi.o
 *fill*         0x0000000008002186        0x2 
 .text.despiselect
                0x0000000008002188       0x20 ./FATFS/Target/user_diskio_spi.o
 .text.spiselect
                0x00000000080021a8       0x38 ./FATFS/Target/user_diskio_spi.o
 .text.rcvr_datablock
                0x00000000080021e0       0x5e ./FATFS/Target/user_diskio_spi.o
 .text.xmit_datablock
                0x000000000800223e       0x74 ./FATFS/Target/user_diskio_spi.o
 .text.send_cmd
                0x00000000080022b2      0x11c ./FATFS/Target/user_diskio_spi.o
 *fill*         0x00000000080023ce        0x2 
 .text.USER_SPI_initialize
                0x00000000080023d0      0x230 ./FATFS/Target/user_diskio_spi.o
                0x00000000080023d0                USER_SPI_initialize
 .text.USER_SPI_status
                0x0000000008002600       0x2c ./FATFS/Target/user_diskio_spi.o
                0x0000000008002600                USER_SPI_status
 .text.USER_SPI_read
                0x000000000800262c       0xd8 ./FATFS/Target/user_diskio_spi.o
                0x000000000800262c                USER_SPI_read
 .text.USER_SPI_write
                0x0000000008002704      0x100 ./FATFS/Target/user_diskio_spi.o
                0x0000000008002704                USER_SPI_write
 .text.USER_SPI_ioctl
                0x0000000008002804      0x328 ./FATFS/Target/user_diskio_spi.o
                0x0000000008002804                USER_SPI_ioctl
 .text.__NVIC_EnableIRQ
                0x0000000008002b2c       0x34 ./Libraries/Src/BML_DRIVER.o
 .text.map      0x0000000008002b60       0x62 ./Libraries/Src/BML_DRIVER.o
                0x0000000008002b60                map
 *fill*         0x0000000008002bc2        0x2 
 .text.gpio_clk_en
                0x0000000008002bc4       0x90 ./Libraries/Src/BML_DRIVER.o
                0x0000000008002bc4                gpio_clk_en
 .text.gpio_config
                0x0000000008002c54       0xd4 ./Libraries/Src/BML_DRIVER.o
                0x0000000008002c54                gpio_config
 .text.gpio_moder
                0x0000000008002d28       0x30 ./Libraries/Src/BML_DRIVER.o
                0x0000000008002d28                gpio_moder
 .text.gpio_speed
                0x0000000008002d58       0x30 ./Libraries/Src/BML_DRIVER.o
                0x0000000008002d58                gpio_speed
 .text.gpio_PUPD
                0x0000000008002d88       0x30 ./Libraries/Src/BML_DRIVER.o
                0x0000000008002d88                gpio_PUPD
 .text.gpio_PHPL_OD
                0x0000000008002db8       0x26 ./Libraries/Src/BML_DRIVER.o
                0x0000000008002db8                gpio_PHPL_OD
 .text.gpio_altfn
                0x0000000008002dde       0x46 ./Libraries/Src/BML_DRIVER.o
                0x0000000008002dde                gpio_altfn
 .text.gpio_write
                0x0000000008002e24       0x3e ./Libraries/Src/BML_DRIVER.o
                0x0000000008002e24                gpio_write
 *fill*         0x0000000008002e62        0x2 
 .text.print    0x0000000008002e64       0x80 ./Libraries/Src/BML_DRIVER.o
                0x0000000008002e64                print
 .text.uart_print_config
                0x0000000008002ee4       0xe8 ./Libraries/Src/BML_DRIVER.o
                0x0000000008002ee4                uart_print_config
 .text.timer_config
                0x0000000008002fcc      0x10c ./Libraries/Src/BML_DRIVER.o
                0x0000000008002fcc                timer_config
 .text.timer_EN
                0x00000000080030d8       0x1c ./Libraries/Src/BML_DRIVER.o
                0x00000000080030d8                timer_EN
 .text.timer_DI
                0x00000000080030f4       0x1e ./Libraries/Src/BML_DRIVER.o
                0x00000000080030f4                timer_DI
 .text.timer_IT_EN
                0x0000000008003112       0x1c ./Libraries/Src/BML_DRIVER.o
                0x0000000008003112                timer_IT_EN
 *fill*         0x000000000800312e        0x2 
 .text.ticks_timer
                0x0000000008003130       0x60 ./Libraries/Src/BML_DRIVER.o
                0x0000000008003130                ticks_timer
 .text.ticks_val
                0x0000000008003190       0x14 ./Libraries/Src/BML_DRIVER.o
                0x0000000008003190                ticks_val
 .text.ticks_reset
                0x00000000080031a4       0x14 ./Libraries/Src/BML_DRIVER.o
                0x00000000080031a4                ticks_reset
 .text.TIM6_IRQHandler
                0x00000000080031b8       0x2c ./Libraries/Src/BML_DRIVER.o
                0x00000000080031b8                TIM6_IRQHandler
 .text.delay_ms
                0x00000000080031e4       0x5c ./Libraries/Src/BML_DRIVER.o
                0x00000000080031e4                delay_ms
 .text.adc_calib
                0x0000000008003240       0x58 ./Libraries/Src/BML_DRIVER.o
                0x0000000008003240                adc_calib
 .text.adc_ready
                0x0000000008003298       0x50 ./Libraries/Src/BML_DRIVER.o
                0x0000000008003298                adc_ready
 .text.adc_clk_config
                0x00000000080032e8       0x38 ./Libraries/Src/BML_DRIVER.o
                0x00000000080032e8                adc_clk_config
 .text.adc_sample_time
                0x0000000008003320       0x28 ./Libraries/Src/BML_DRIVER.o
                0x0000000008003320                adc_sample_time
 .text.adc_en   0x0000000008003348       0x16 ./Libraries/Src/BML_DRIVER.o
                0x0000000008003348                adc_en
 *fill*         0x000000000800335e        0x2 
 .text.adc_read
                0x0000000008003360       0x5c ./Libraries/Src/BML_DRIVER.o
                0x0000000008003360                adc_read
 .text.adc_stop
                0x00000000080033bc       0x1c ./Libraries/Src/BML_DRIVER.o
                0x00000000080033bc                adc_stop
 .text.adc_chsel
                0x00000000080033d8      0x11c ./Libraries/Src/BML_DRIVER.o
                0x00000000080033d8                adc_chsel
 .text.adc_config
                0x00000000080034f4       0xc4 ./Libraries/Src/BML_DRIVER.o
                0x00000000080034f4                adc_config
 .text.sd_mount
                0x00000000080035b8       0x54 ./Libraries/Src/SDCard.o
                0x00000000080035b8                sd_mount
 .text.sd_space
                0x000000000800360c       0x8c ./Libraries/Src/SDCard.o
                0x000000000800360c                sd_space
 .text.sd_openFile
                0x0000000008003698       0x6c ./Libraries/Src/SDCard.o
                0x0000000008003698                sd_openFile
 .text.sd_closeFile
                0x0000000008003704       0x18 ./Libraries/Src/SDCard.o
                0x0000000008003704                sd_closeFile
 .text.sd_read8bits
                0x000000000800371c       0x7c ./Libraries/Src/SDCard.o
                0x000000000800371c                sd_read8bits
 .text.sd_read16bits
                0x0000000008003798       0x40 ./Libraries/Src/SDCard.o
                0x0000000008003798                sd_read16bits
 .text.sd_read32bits
                0x00000000080037d8       0x6a ./Libraries/Src/SDCard.o
                0x00000000080037d8                sd_read32bits
 *fill*         0x0000000008003842        0x2 
 .text.sd_readFile
                0x0000000008003844       0x78 ./Libraries/Src/SDCard.o
                0x0000000008003844                sd_readFile
 .text.sd_deMount
                0x00000000080038bc       0x1c ./Libraries/Src/SDCard.o
                0x00000000080038bc                sd_deMount
 .text.getBMPImageData
                0x00000000080038d8      0x2a0 ./Libraries/Src/SDCard.o
                0x00000000080038d8                getBMPImageData
 .text.disk_status
                0x0000000008003b78       0x44 ./Middlewares/Third_Party/FatFs/src/diskio.o
                0x0000000008003b78                disk_status
 .text.disk_initialize
                0x0000000008003bbc       0x60 ./Middlewares/Third_Party/FatFs/src/diskio.o
                0x0000000008003bbc                disk_initialize
 .text.disk_read
                0x0000000008003c1c       0x50 ./Middlewares/Third_Party/FatFs/src/diskio.o
                0x0000000008003c1c                disk_read
 .text.disk_write
                0x0000000008003c6c       0x50 ./Middlewares/Third_Party/FatFs/src/diskio.o
                0x0000000008003c6c                disk_write
 .text.disk_ioctl
                0x0000000008003cbc       0x50 ./Middlewares/Third_Party/FatFs/src/diskio.o
                0x0000000008003cbc                disk_ioctl
 .text.mem_cpy  0x0000000008003d0c       0x3a ./Middlewares/Third_Party/FatFs/src/ff.o
 .text.mem_set  0x0000000008003d46       0x32 ./Middlewares/Third_Party/FatFs/src/ff.o
 .text.mem_cmp  0x0000000008003d78       0x4a ./Middlewares/Third_Party/FatFs/src/ff.o
 .text.chk_chr  0x0000000008003dc2       0x32 ./Middlewares/Third_Party/FatFs/src/ff.o
 .text.chk_lock
                0x0000000008003df4       0xdc ./Middlewares/Third_Party/FatFs/src/ff.o
 .text.enq_lock
                0x0000000008003ed0       0x40 ./Middlewares/Third_Party/FatFs/src/ff.o
 .text.inc_lock
                0x0000000008003f10      0x170 ./Middlewares/Third_Party/FatFs/src/ff.o
 .text.dec_lock
                0x0000000008004080       0xa8 ./Middlewares/Third_Party/FatFs/src/ff.o
 .text.clear_lock
                0x0000000008004128       0x4c ./Middlewares/Third_Party/FatFs/src/ff.o
 .text.sync_window
                0x0000000008004174       0xb0 ./Middlewares/Third_Party/FatFs/src/ff.o
 .text.move_window
                0x0000000008004224       0x78 ./Middlewares/Third_Party/FatFs/src/ff.o
 .text.sync_fs  0x000000000800429c      0x1a8 ./Middlewares/Third_Party/FatFs/src/ff.o
 .text.clust2sect
                0x0000000008004444       0x48 ./Middlewares/Third_Party/FatFs/src/ff.o
                0x0000000008004444                clust2sect
 .text.get_fat  0x000000000800448c      0x184 ./Middlewares/Third_Party/FatFs/src/ff.o
                0x000000000800448c                get_fat
 .text.put_fat  0x0000000008004610      0x25c ./Middlewares/Third_Party/FatFs/src/ff.o
                0x0000000008004610                put_fat
 .text.remove_chain
                0x000000000800486c       0xe0 ./Middlewares/Third_Party/FatFs/src/ff.o
 .text.create_chain
                0x000000000800494c      0x16c ./Middlewares/Third_Party/FatFs/src/ff.o
 .text.clmt_clust
                0x0000000008004ab8       0x74 ./Middlewares/Third_Party/FatFs/src/ff.o
 .text.dir_sdi  0x0000000008004b2c      0x160 ./Middlewares/Third_Party/FatFs/src/ff.o
 .text.dir_next
                0x0000000008004c8c      0x234 ./Middlewares/Third_Party/FatFs/src/ff.o
 .text.dir_alloc
                0x0000000008004ec0       0xba ./Middlewares/Third_Party/FatFs/src/ff.o
 .text.ld_clust
                0x0000000008004f7a       0x5a ./Middlewares/Third_Party/FatFs/src/ff.o
 .text.st_clust
                0x0000000008004fd4       0x4a ./Middlewares/Third_Party/FatFs/src/ff.o
 .text.dir_find
                0x000000000800501e       0xc8 ./Middlewares/Third_Party/FatFs/src/ff.o
 .text.dir_register
                0x00000000080050e6       0x92 ./Middlewares/Third_Party/FatFs/src/ff.o
 .text.create_name
                0x0000000008005178      0x200 ./Middlewares/Third_Party/FatFs/src/ff.o
 .text.follow_path
                0x0000000008005378      0x110 ./Middlewares/Third_Party/FatFs/src/ff.o
 .text.get_ldnumber
                0x0000000008005488       0x84 ./Middlewares/Third_Party/FatFs/src/ff.o
 .text.check_fs
                0x000000000800550c       0xdc ./Middlewares/Third_Party/FatFs/src/ff.o
 .text.find_volume
                0x00000000080055e8      0x63c ./Middlewares/Third_Party/FatFs/src/ff.o
 .text.validate
                0x0000000008005c24       0x7c ./Middlewares/Third_Party/FatFs/src/ff.o
 .text.f_mount  0x0000000008005ca0       0xa0 ./Middlewares/Third_Party/FatFs/src/ff.o
                0x0000000008005ca0                f_mount
 .text.f_open   0x0000000008005d40      0x550 ./Middlewares/Third_Party/FatFs/src/ff.o
                0x0000000008005d40                f_open
 .text.f_read   0x0000000008006290      0x334 ./Middlewares/Third_Party/FatFs/src/ff.o
                0x0000000008006290                f_read
 .text.f_sync   0x00000000080065c4      0x1ac ./Middlewares/Third_Party/FatFs/src/ff.o
                0x00000000080065c4                f_sync
 .text.f_close  0x0000000008006770       0x6e ./Middlewares/Third_Party/FatFs/src/ff.o
                0x0000000008006770                f_close
 *fill*         0x00000000080067de        0x2 
 .text.f_lseek  0x00000000080067e0      0x558 ./Middlewares/Third_Party/FatFs/src/ff.o
                0x00000000080067e0                f_lseek
 .text.f_getfree
                0x0000000008006d38      0x1c8 ./Middlewares/Third_Party/FatFs/src/ff.o
                0x0000000008006d38                f_getfree
 .text.f_gets   0x0000000008006f00       0x88 ./Middlewares/Third_Party/FatFs/src/ff.o
                0x0000000008006f00                f_gets
 .text.FATFS_LinkDriverEx
                0x0000000008006f88       0xa8 ./Middlewares/Third_Party/FatFs/src/ff_gen_drv.o
                0x0000000008006f88                FATFS_LinkDriverEx
 .text.FATFS_LinkDriver
                0x0000000008007030       0x20 ./Middlewares/Third_Party/FatFs/src/ff_gen_drv.o
                0x0000000008007030                FATFS_LinkDriver
 .text.delay    0x0000000008007050       0x22 ./tft_lib/Src/st7783.o
                0x0000000008007050                delay
 *fill*         0x0000000008007072        0x2 
 .text.GPIO_Init
                0x0000000008007074      0x110 ./tft_lib/Src/st7783.o
 .text.LCD_Begin
                0x0000000008007184      0x108 ./tft_lib/Src/st7783.o
                0x0000000008007184                LCD_Begin
 .text.LCD_DrawPixel
                0x000000000800728c      0x118 ./tft_lib/Src/st7783.o
                0x000000000800728c                LCD_DrawPixel
 .text.LCD_DrawChar
                0x00000000080073a4      0x270 ./tft_lib/Src/st7783.o
                0x00000000080073a4                LCD_DrawChar
 .text.LCD_FillRect
                0x0000000008007614      0x1b8 ./tft_lib/Src/st7783.o
                0x0000000008007614                LCD_FillRect
 .text.LCD_FillScreen
                0x00000000080077cc       0xb4 ./tft_lib/Src/st7783.o
                0x00000000080077cc                LCD_FillScreen
 .text.LCD_Flood
                0x0000000008007880      0x340 ./tft_lib/Src/st7783.o
                0x0000000008007880                LCD_Flood
 .text.LCD_Printf
                0x0000000008007bc0      0x12c ./tft_lib/Src/st7783.o
                0x0000000008007bc0                LCD_Printf
 .text.LCD_Reset
                0x0000000008007cec       0xcc ./tft_lib/Src/st7783.o
                0x0000000008007cec                LCD_Reset
 .text.LCD_SetCursor
                0x0000000008007db8       0x2c ./tft_lib/Src/st7783.o
                0x0000000008007db8                LCD_SetCursor
 .text.LCD_SetTextSize
                0x0000000008007de4       0x2c ./tft_lib/Src/st7783.o
                0x0000000008007de4                LCD_SetTextSize
 .text.LCD_SetTextColor
                0x0000000008007e10       0x34 ./tft_lib/Src/st7783.o
                0x0000000008007e10                LCD_SetTextColor
 .text.LCD_SetRotation
                0x0000000008007e44       0x68 ./tft_lib/Src/st7783.o
                0x0000000008007e44                LCD_SetRotation
 .text.LCD_SetAddrWindow
                0x0000000008007eac      0x120 ./tft_lib/Src/st7783.o
                0x0000000008007eac                LCD_SetAddrWindow
 .text.LCD_Write8
                0x0000000008007fcc       0xf4 ./tft_lib/Src/st7783.o
                0x0000000008007fcc                LCD_Write8
 .text.LCD_WriteRegister16
                0x00000000080080c0       0x8a ./tft_lib/Src/st7783.o
                0x00000000080080c0                LCD_WriteRegister16
 *fill*         0x000000000800814a        0x2 
 .text.insert_sort
                0x000000000800814c       0xa8 ./tft_lib/Src/touch.o
                0x000000000800814c                insert_sort
 .text.adc_Init
                0x00000000080081f4       0x28 ./tft_lib/Src/touch.o
                0x00000000080081f4                adc_Init
 .text.Touch_Begin
                0x000000000800821c        0xe ./tft_lib/Src/touch.o
                0x000000000800821c                Touch_Begin
 .text.GPIO_SetOutput
                0x000000000800822a       0x5a ./tft_lib/Src/touch.o
                0x000000000800822a                GPIO_SetOutput
 .text.GPIO_SetAnalog
                0x0000000008008284       0xf0 ./tft_lib/Src/touch.o
                0x0000000008008284                GPIO_SetAnalog
 .text.Touch_Get
                0x0000000008008374       0xd4 ./tft_lib/Src/touch.o
                0x0000000008008374                Touch_Get
 .text.TOUCH_VAL
                0x0000000008008448       0xfc ./tft_lib/Src/touch.o
                0x0000000008008448                TOUCH_VAL
 .text.__errno  0x0000000008008544        0xc c:/st/stm32cubeide_1.7.0/stm32cubeide/plugins/com.st.stm32cube.ide.mcu.externaltools.gnu-tools-for-stm32.9-2020-q2-update.win32_2.0.0.202105311346/tools/bin/../lib/gcc/arm-none-eabi/9.3.1/../../../../arm-none-eabi/lib/thumb/v6-m/nofp\libc_nano.a(lib_a-errno.o)
                0x0000000008008544                __errno
 .text.__libc_init_array
                0x0000000008008550       0x48 c:/st/stm32cubeide_1.7.0/stm32cubeide/plugins/com.st.stm32cube.ide.mcu.externaltools.gnu-tools-for-stm32.9-2020-q2-update.win32_2.0.0.202105311346/tools/bin/../lib/gcc/arm-none-eabi/9.3.1/../../../../arm-none-eabi/lib/thumb/v6-m/nofp\libc_nano.a(lib_a-init.o)
                0x0000000008008550                __libc_init_array
 .text.memset   0x0000000008008598       0x10 c:/st/stm32cubeide_1.7.0/stm32cubeide/plugins/com.st.stm32cube.ide.mcu.externaltools.gnu-tools-for-stm32.9-2020-q2-update.win32_2.0.0.202105311346/tools/bin/../lib/gcc/arm-none-eabi/9.3.1/../../../../arm-none-eabi/lib/thumb/v6-m/nofp\libc_nano.a(lib_a-memset.o)
                0x0000000008008598                memset
 .text.strncpy  0x00000000080085a8       0x28 c:/st/stm32cubeide_1.7.0/stm32cubeide/plugins/com.st.stm32cube.ide.mcu.externaltools.gnu-tools-for-stm32.9-2020-q2-update.win32_2.0.0.202105311346/tools/bin/../lib/gcc/arm-none-eabi/9.3.1/../../../../arm-none-eabi/lib/thumb/v6-m/nofp\libc_nano.a(lib_a-strncpy.o)
                0x00000000080085a8                strncpy
 .text._vsnprintf_r
                0x00000000080085d0       0x56 c:/st/stm32cubeide_1.7.0/stm32cubeide/plugins/com.st.stm32cube.ide.mcu.externaltools.gnu-tools-for-stm32.9-2020-q2-update.win32_2.0.0.202105311346/tools/bin/../lib/gcc/arm-none-eabi/9.3.1/../../../../arm-none-eabi/lib/thumb/v6-m/nofp\libc_nano.a(lib_a-vsnprintf.o)
                0x00000000080085d0                _vsniprintf_r
                0x00000000080085d0                _vsnprintf_r
 *fill*         0x0000000008008626        0x2 
 .text.vsnprintf
                0x0000000008008628       0x18 c:/st/stm32cubeide_1.7.0/stm32cubeide/plugins/com.st.stm32cube.ide.mcu.externaltools.gnu-tools-for-stm32.9-2020-q2-update.win32_2.0.0.202105311346/tools/bin/../lib/gcc/arm-none-eabi/9.3.1/../../../../arm-none-eabi/lib/thumb/v6-m/nofp\libc_nano.a(lib_a-vsnprintf.o)
                0x0000000008008628                vsniprintf
                0x0000000008008628                vsnprintf
 .text._vsprintf_r
                0x0000000008008640       0x2c c:/st/stm32cubeide_1.7.0/stm32cubeide/plugins/com.st.stm32cube.ide.mcu.externaltools.gnu-tools-for-stm32.9-2020-q2-update.win32_2.0.0.202105311346/tools/bin/../lib/gcc/arm-none-eabi/9.3.1/../../../../arm-none-eabi/lib/thumb/v6-m/nofp\libc_nano.a(lib_a-vsprintf.o)
                0x0000000008008640                _vsprintf_r
                0x0000000008008640                _vsiprintf_r
 .text.vsprintf
                0x000000000800866c       0x18 c:/st/stm32cubeide_1.7.0/stm32cubeide/plugins/com.st.stm32cube.ide.mcu.externaltools.gnu-tools-for-stm32.9-2020-q2-update.win32_2.0.0.202105311346/tools/bin/../lib/gcc/arm-none-eabi/9.3.1/../../../../arm-none-eabi/lib/thumb/v6-m/nofp\libc_nano.a(lib_a-vsprintf.o)
                0x000000000800866c                vsiprintf
                0x000000000800866c                vsprintf
 .text.__ssputs_r
                0x0000000008008684       0xc4 c:/st/stm32cubeide_1.7.0/stm32cubeide/plugins/com.st.stm32cube.ide.mcu.externaltools.gnu-tools-for-stm32.9-2020-q2-update.win32_2.0.0.202105311346/tools/bin/../lib/gcc/arm-none-eabi/9.3.1/../../../../arm-none-eabi/lib/thumb/v6-m/nofp\libc_nano.a(lib_a-nano-svfprintf.o)
                0x0000000008008684                __ssputs_r
 .text._svfprintf_r
                0x0000000008008748      0x200 c:/st/stm32cubeide_1.7.0/stm32cubeide/plugins/com.st.stm32cube.ide.mcu.externaltools.gnu-tools-for-stm32.9-2020-q2-update.win32_2.0.0.202105311346/tools/bin/../lib/gcc/arm-none-eabi/9.3.1/../../../../arm-none-eabi/lib/thumb/v6-m/nofp\libc_nano.a(lib_a-nano-svfprintf.o)
                0x0000000008008748                _svfiprintf_r
                0x0000000008008748                _svfprintf_r
 .text._printf_common
                0x0000000008008948       0xde c:/st/stm32cubeide_1.7.0/stm32cubeide/plugins/com.st.stm32cube.ide.mcu.externaltools.gnu-tools-for-stm32.9-2020-q2-update.win32_2.0.0.202105311346/tools/bin/../lib/gcc/arm-none-eabi/9.3.1/../../../../arm-none-eabi/lib/thumb/v6-m/nofp\libc_nano.a(lib_a-nano-vfprintf_i.o)
                0x0000000008008948                _printf_common
 *fill*         0x0000000008008a26        0x2 
 .text._printf_i
                0x0000000008008a28      0x224 c:/st/stm32cubeide_1.7.0/stm32cubeide/plugins/com.st.stm32cube.ide.mcu.externaltools.gnu-tools-for-stm32.9-2020-q2-update.win32_2.0.0.202105311346/tools/bin/../lib/gcc/arm-none-eabi/9.3.1/../../../../arm-none-eabi/lib/thumb/v6-m/nofp\libc_nano.a(lib_a-nano-vfprintf_i.o)
                0x0000000008008a28                _printf_i
 .text.memchr   0x0000000008008c4c       0x16 c:/st/stm32cubeide_1.7.0/stm32cubeide/plugins/com.st.stm32cube.ide.mcu.externaltools.gnu-tools-for-stm32.9-2020-q2-update.win32_2.0.0.202105311346/tools/bin/../lib/gcc/arm-none-eabi/9.3.1/../../../../arm-none-eabi/lib/thumb/v6-m/nofp\libc_nano.a(lib_a-memchr-stub.o)
                0x0000000008008c4c                memchr
 .text.memcpy   0x0000000008008c62       0x12 c:/st/stm32cubeide_1.7.0/stm32cubeide/plugins/com.st.stm32cube.ide.mcu.externaltools.gnu-tools-for-stm32.9-2020-q2-update.win32_2.0.0.202105311346/tools/bin/../lib/gcc/arm-none-eabi/9.3.1/../../../../arm-none-eabi/lib/thumb/v6-m/nofp\libc_nano.a(lib_a-memcpy-stub.o)
                0x0000000008008c62                memcpy
 .text.memmove  0x0000000008008c74       0x26 c:/st/stm32cubeide_1.7.0/stm32cubeide/plugins/com.st.stm32cube.ide.mcu.externaltools.gnu-tools-for-stm32.9-2020-q2-update.win32_2.0.0.202105311346/tools/bin/../lib/gcc/arm-none-eabi/9.3.1/../../../../arm-none-eabi/lib/thumb/v6-m/nofp\libc_nano.a(lib_a-memmove.o)
                0x0000000008008c74                memmove
 *fill*         0x0000000008008c9a        0x2 
 .text._free_r  0x0000000008008c9c       0x94 c:/st/stm32cubeide_1.7.0/stm32cubeide/plugins/com.st.stm32cube.ide.mcu.externaltools.gnu-tools-for-stm32.9-2020-q2-update.win32_2.0.0.202105311346/tools/bin/../lib/gcc/arm-none-eabi/9.3.1/../../../../arm-none-eabi/lib/thumb/v6-m/nofp\libc_nano.a(lib_a-nano-freer.o)
                0x0000000008008c9c                _free_r
 .text._malloc_r
                0x0000000008008d30       0xbc c:/st/stm32cubeide_1.7.0/stm32cubeide/plugins/com.st.stm32cube.ide.mcu.externaltools.gnu-tools-for-stm32.9-2020-q2-update.win32_2.0.0.202105311346/tools/bin/../lib/gcc/arm-none-eabi/9.3.1/../../../../arm-none-eabi/lib/thumb/v6-m/nofp\libc_nano.a(lib_a-nano-mallocr.o)
                0x0000000008008d30                _malloc_r
 .text._realloc_r
                0x0000000008008dec       0x4c c:/st/stm32cubeide_1.7.0/stm32cubeide/plugins/com.st.stm32cube.ide.mcu.externaltools.gnu-tools-for-stm32.9-2020-q2-update.win32_2.0.0.202105311346/tools/bin/../lib/gcc/arm-none-eabi/9.3.1/../../../../arm-none-eabi/lib/thumb/v6-m/nofp\libc_nano.a(lib_a-nano-reallocr.o)
                0x0000000008008dec                _realloc_r
 .text._sbrk_r  0x0000000008008e38       0x24 c:/st/stm32cubeide_1.7.0/stm32cubeide/plugins/com.st.stm32cube.ide.mcu.externaltools.gnu-tools-for-stm32.9-2020-q2-update.win32_2.0.0.202105311346/tools/bin/../lib/gcc/arm-none-eabi/9.3.1/../../../../arm-none-eabi/lib/thumb/v6-m/nofp\libc_nano.a(lib_a-sbrkr.o)
                0x0000000008008e38                _sbrk_r
 .text.__malloc_lock
                0x0000000008008e5c       0x10 c:/st/stm32cubeide_1.7.0/stm32cubeide/plugins/com.st.stm32cube.ide.mcu.externaltools.gnu-tools-for-stm32.9-2020-q2-update.win32_2.0.0.202105311346/tools/bin/../lib/gcc/arm-none-eabi/9.3.1/../../../../arm-none-eabi/lib/thumb/v6-m/nofp\libc_nano.a(lib_a-mlock.o)
                0x0000000008008e5c                __malloc_lock
 .text.__malloc_unlock
                0x0000000008008e6c       0x10 c:/st/stm32cubeide_1.7.0/stm32cubeide/plugins/com.st.stm32cube.ide.mcu.externaltools.gnu-tools-for-stm32.9-2020-q2-update.win32_2.0.0.202105311346/tools/bin/../lib/gcc/arm-none-eabi/9.3.1/../../../../arm-none-eabi/lib/thumb/v6-m/nofp\libc_nano.a(lib_a-mlock.o)
                0x0000000008008e6c                __malloc_unlock
 .text._malloc_usable_size_r
                0x0000000008008e7c       0x10 c:/st/stm32cubeide_1.7.0/stm32cubeide/plugins/com.st.stm32cube.ide.mcu.externaltools.gnu-tools-for-stm32.9-2020-q2-update.win32_2.0.0.202105311346/tools/bin/../lib/gcc/arm-none-eabi/9.3.1/../../../../arm-none-eabi/lib/thumb/v6-m/nofp\libc_nano.a(lib_a-nano-msizer.o)
                0x0000000008008e7c                _malloc_usable_size_r
 .text.__retarget_lock_acquire_recursive
                0x0000000008008e8c        0x2 c:/st/stm32cubeide_1.7.0/stm32cubeide/plugins/com.st.stm32cube.ide.mcu.externaltools.gnu-tools-for-stm32.9-2020-q2-update.win32_2.0.0.202105311346/tools/bin/../lib/gcc/arm-none-eabi/9.3.1/../../../../arm-none-eabi/lib/thumb/v6-m/nofp\libc_nano.a(lib_a-lock.o)
                0x0000000008008e8c                __retarget_lock_acquire_recursive
 .text.__retarget_lock_release_recursive
                0x0000000008008e8e        0x2 c:/st/stm32cubeide_1.7.0/stm32cubeide/plugins/com.st.stm32cube.ide.mcu.externaltools.gnu-tools-for-stm32.9-2020-q2-update.win32_2.0.0.202105311346/tools/bin/../lib/gcc/arm-none-eabi/9.3.1/../../../../arm-none-eabi/lib/thumb/v6-m/nofp\libc_nano.a(lib_a-lock.o)
                0x0000000008008e8e                __retarget_lock_release_recursive
 *(.glue_7)
 .glue_7        0x0000000008008e90        0x0 linker stubs
 *(.glue_7t)
 .glue_7t       0x0000000008008e90        0x0 linker stubs
 *(.eh_frame)
 .eh_frame      0x0000000008008e90        0x0 c:/st/stm32cubeide_1.7.0/stm32cubeide/plugins/com.st.stm32cube.ide.mcu.externaltools.gnu-tools-for-stm32.9-2020-q2-update.win32_2.0.0.202105311346/tools/bin/../lib/gcc/arm-none-eabi/9.3.1/thumb/v6-m/nofp/crtbegin.o
 *(.init)
 .init          0x0000000008008e90        0x4 c:/st/stm32cubeide_1.7.0/stm32cubeide/plugins/com.st.stm32cube.ide.mcu.externaltools.gnu-tools-for-stm32.9-2020-q2-update.win32_2.0.0.202105311346/tools/bin/../lib/gcc/arm-none-eabi/9.3.1/thumb/v6-m/nofp/crti.o
                0x0000000008008e90                _init
 .init          0x0000000008008e94        0x8 c:/st/stm32cubeide_1.7.0/stm32cubeide/plugins/com.st.stm32cube.ide.mcu.externaltools.gnu-tools-for-stm32.9-2020-q2-update.win32_2.0.0.202105311346/tools/bin/../lib/gcc/arm-none-eabi/9.3.1/thumb/v6-m/nofp/crtn.o
 *(.fini)
 .fini          0x0000000008008e9c        0x4 c:/st/stm32cubeide_1.7.0/stm32cubeide/plugins/com.st.stm32cube.ide.mcu.externaltools.gnu-tools-for-stm32.9-2020-q2-update.win32_2.0.0.202105311346/tools/bin/../lib/gcc/arm-none-eabi/9.3.1/thumb/v6-m/nofp/crti.o
                0x0000000008008e9c                _fini
 .fini          0x0000000008008ea0        0x8 c:/st/stm32cubeide_1.7.0/stm32cubeide/plugins/com.st.stm32cube.ide.mcu.externaltools.gnu-tools-for-stm32.9-2020-q2-update.win32_2.0.0.202105311346/tools/bin/../lib/gcc/arm-none-eabi/9.3.1/thumb/v6-m/nofp/crtn.o
                0x0000000008008ea8                . = ALIGN (0x4)
                0x0000000008008ea8                _etext = .

.vfp11_veneer   0x0000000008008ea8        0x0
 .vfp11_veneer  0x0000000008008ea8        0x0 linker stubs

.v4_bx          0x0000000008008ea8        0x0
 .v4_bx         0x0000000008008ea8        0x0 linker stubs

.iplt           0x0000000008008ea8        0x0
 .iplt          0x0000000008008ea8        0x0 c:/st/stm32cubeide_1.7.0/stm32cubeide/plugins/com.st.stm32cube.ide.mcu.externaltools.gnu-tools-for-stm32.9-2020-q2-update.win32_2.0.0.202105311346/tools/bin/../lib/gcc/arm-none-eabi/9.3.1/thumb/v6-m/nofp/crtbegin.o

.rodata         0x0000000008008ea8      0xdd4
                0x0000000008008ea8                . = ALIGN (0x4)
 *(.rodata)
 .rodata        0x0000000008008ea8       0x79 ./Core/Src/main.o
 *fill*         0x0000000008008f21        0x3 
 .rodata        0x0000000008008f24       0x20 ./Drivers/STM32F0xx_HAL_Driver/Src/stm32f0xx_hal_rcc.o
 .rodata        0x0000000008008f44      0x384 ./Libraries/Src/SDCard.o
 .rodata        0x00000000080092c8       0x44 ./Middlewares/Third_Party/FatFs/src/ff.o
 *(.rodata*)
 .rodata.wifi   0x000000000800930c      0x4e2 ./Core/Src/main.o
                0x000000000800930c                wifi
 *fill*         0x00000000080097ee        0x2 
 .rodata.AHBPrescTable
                0x00000000080097f0       0x10 ./Core/Src/system_stm32f0xx.o
                0x00000000080097f0                AHBPrescTable
 .rodata.adc_chsel
                0x0000000008009800       0x40 ./Libraries/Src/BML_DRIVER.o
 .rodata.ExCvt  0x0000000008009840       0x80 ./Middlewares/Third_Party/FatFs/src/ff.o
 .rodata.font   0x00000000080098c0      0x280 ./tft_lib/Src/st7783.o
 .rodata.ST7781_regValues
                0x0000000008009b40      0x108 ./tft_lib/Src/st7783.o
 .rodata._svfprintf_r.str1.1
                0x0000000008009c48       0x11 c:/st/stm32cubeide_1.7.0/stm32cubeide/plugins/com.st.stm32cube.ide.mcu.externaltools.gnu-tools-for-stm32.9-2020-q2-update.win32_2.0.0.202105311346/tools/bin/../lib/gcc/arm-none-eabi/9.3.1/../../../../arm-none-eabi/lib/thumb/v6-m/nofp\libc_nano.a(lib_a-nano-svfprintf.o)
 .rodata._printf_i.str1.1
                0x0000000008009c59       0x22 c:/st/stm32cubeide_1.7.0/stm32cubeide/plugins/com.st.stm32cube.ide.mcu.externaltools.gnu-tools-for-stm32.9-2020-q2-update.win32_2.0.0.202105311346/tools/bin/../lib/gcc/arm-none-eabi/9.3.1/../../../../arm-none-eabi/lib/thumb/v6-m/nofp\libc_nano.a(lib_a-nano-vfprintf_i.o)
                0x0000000008009c7c                . = ALIGN (0x4)
 *fill*         0x0000000008009c7b        0x1 

.rel.dyn        0x0000000008009c7c        0x0
 .rel.iplt      0x0000000008009c7c        0x0 c:/st/stm32cubeide_1.7.0/stm32cubeide/plugins/com.st.stm32cube.ide.mcu.externaltools.gnu-tools-for-stm32.9-2020-q2-update.win32_2.0.0.202105311346/tools/bin/../lib/gcc/arm-none-eabi/9.3.1/thumb/v6-m/nofp/crtbegin.o

.ARM.extab      0x0000000008009c7c        0x0
                0x0000000008009c7c                . = ALIGN (0x4)
 *(.ARM.extab* .gnu.linkonce.armextab.*)
                0x0000000008009c7c                . = ALIGN (0x4)

.ARM            0x0000000008009c7c        0x0
                0x0000000008009c7c                . = ALIGN (0x4)
                0x0000000008009c7c                __exidx_start = .
 *(.ARM.exidx*)
                0x0000000008009c7c                __exidx_end = .
                0x0000000008009c7c                . = ALIGN (0x4)

.preinit_array  0x0000000008009c7c        0x0
                0x0000000008009c7c                . = ALIGN (0x4)
                0x0000000008009c7c                PROVIDE (__preinit_array_start = .)
 *(.preinit_array*)
                0x0000000008009c7c                PROVIDE (__preinit_array_end = .)
                0x0000000008009c7c                . = ALIGN (0x4)

.init_array     0x0000000008009c7c        0x4
                0x0000000008009c7c                . = ALIGN (0x4)
                0x0000000008009c7c                PROVIDE (__init_array_start = .)
 *(SORT_BY_NAME(.init_array.*))
 *(.init_array*)
 .init_array    0x0000000008009c7c        0x4 c:/st/stm32cubeide_1.7.0/stm32cubeide/plugins/com.st.stm32cube.ide.mcu.externaltools.gnu-tools-for-stm32.9-2020-q2-update.win32_2.0.0.202105311346/tools/bin/../lib/gcc/arm-none-eabi/9.3.1/thumb/v6-m/nofp/crtbegin.o
                0x0000000008009c80                PROVIDE (__init_array_end = .)
                0x0000000008009c80                . = ALIGN (0x4)

.fini_array     0x0000000008009c80        0x4
                0x0000000008009c80                . = ALIGN (0x4)
                [!provide]                        PROVIDE (__fini_array_start = .)
 *(SORT_BY_NAME(.fini_array.*))
 *(.fini_array*)
 .fini_array    0x0000000008009c80        0x4 c:/st/stm32cubeide_1.7.0/stm32cubeide/plugins/com.st.stm32cube.ide.mcu.externaltools.gnu-tools-for-stm32.9-2020-q2-update.win32_2.0.0.202105311346/tools/bin/../lib/gcc/arm-none-eabi/9.3.1/thumb/v6-m/nofp/crtbegin.o
                [!provide]                        PROVIDE (__fini_array_end = .)
                0x0000000008009c84                . = ALIGN (0x4)
                0x0000000008009c84                _sidata = LOADADDR (.data)

.data           0x0000000020000000       0xc8 load address 0x0000000008009c84
                0x0000000020000000                . = ALIGN (0x4)
                0x0000000020000000                _sdata = .
 *(.data)
 *(.data*)
 .data.SystemCoreClock
                0x0000000020000000        0x4 ./Core/Src/system_stm32f0xx.o
                0x0000000020000000                SystemCoreClock
 .data.uwTickPrio
                0x0000000020000004        0x4 ./Drivers/STM32F0xx_HAL_Driver/Src/stm32f0xx_hal.o
                0x0000000020000004                uwTickPrio
 .data.uwTickFreq
                0x0000000020000008        0x1 ./Drivers/STM32F0xx_HAL_Driver/Src/stm32f0xx_hal.o
                0x0000000020000008                uwTickFreq
 *fill*         0x0000000020000009        0x3 
 .data.USER_Driver
                0x000000002000000c       0x14 ./FATFS/Target/user_diskio.o
                0x000000002000000c                USER_Driver
 .data.Stat     0x0000000020000020        0x1 ./FATFS/Target/user_diskio_spi.o
 *fill*         0x0000000020000021        0x3 
 .data.PINPOS_2B
                0x0000000020000024       0x40 ./Libraries/Src/BML_DRIVER.o
                0x0000000020000024                PINPOS_2B
 .data._impure_ptr
                0x0000000020000064        0x4 c:/st/stm32cubeide_1.7.0/stm32cubeide/plugins/com.st.stm32cube.ide.mcu.externaltools.gnu-tools-for-stm32.9-2020-q2-update.win32_2.0.0.202105311346/tools/bin/../lib/gcc/arm-none-eabi/9.3.1/../../../../arm-none-eabi/lib/thumb/v6-m/nofp\libc_nano.a(lib_a-impure.o)
                0x0000000020000064                _impure_ptr
 .data.impure_data
                0x0000000020000068       0x60 c:/st/stm32cubeide_1.7.0/stm32cubeide/plugins/com.st.stm32cube.ide.mcu.externaltools.gnu-tools-for-stm32.9-2020-q2-update.win32_2.0.0.202105311346/tools/bin/../lib/gcc/arm-none-eabi/9.3.1/../../../../arm-none-eabi/lib/thumb/v6-m/nofp\libc_nano.a(lib_a-impure.o)
 *(.RamFunc)
 *(.RamFunc*)
                0x00000000200000c8                . = ALIGN (0x4)
                0x00000000200000c8                _edata = .

.igot.plt       0x00000000200000c8        0x0 load address 0x0000000008009d4c
 .igot.plt      0x00000000200000c8        0x0 c:/st/stm32cubeide_1.7.0/stm32cubeide/plugins/com.st.stm32cube.ide.mcu.externaltools.gnu-tools-for-stm32.9-2020-q2-update.win32_2.0.0.202105311346/tools/bin/../lib/gcc/arm-none-eabi/9.3.1/thumb/v6-m/nofp/crtbegin.o
                0x00000000200000c8                . = ALIGN (0x4)

.bss            0x00000000200000c8      0xc4c load address 0x0000000008009d4c
                0x00000000200000c8                _sbss = .
                0x00000000200000c8                __bss_start__ = _sbss
 *(.bss)
 .bss           0x00000000200000c8       0x1c c:/st/stm32cubeide_1.7.0/stm32cubeide/plugins/com.st.stm32cube.ide.mcu.externaltools.gnu-tools-for-stm32.9-2020-q2-update.win32_2.0.0.202105311346/tools/bin/../lib/gcc/arm-none-eabi/9.3.1/thumb/v6-m/nofp/crtbegin.o
 *(.bss*)
 .bss.x         0x00000000200000e4        0x2 ./Core/Src/main.o
                0x00000000200000e4                x
 .bss.y         0x00000000200000e6        0x2 ./Core/Src/main.o
                0x00000000200000e6                y
 .bss.__sbrk_heap_end
                0x00000000200000e8        0x4 ./Core/Src/sysmem.o
 .bss.CardType  0x00000000200000ec        0x1 ./FATFS/Target/user_diskio_spi.o
 *fill*         0x00000000200000ed        0x1 
 .bss.ticks     0x00000000200000ee        0x2 ./Libraries/Src/BML_DRIVER.o
                0x00000000200000ee                ticks
 .bss.buffer.7700
                0x00000000200000f0      0x100 ./Libraries/Src/BML_DRIVER.o
 .bss.FatFs     0x00000000200001f0        0x4 ./Middlewares/Third_Party/FatFs/src/ff.o
 .bss.Fsid      0x00000000200001f4        0x2 ./Middlewares/Third_Party/FatFs/src/ff.o
 *fill*         0x00000000200001f6        0x2 
 .bss.Files     0x00000000200001f8       0x18 ./Middlewares/Third_Party/FatFs/src/ff.o
 .bss.disk      0x0000000020000210        0xc ./Middlewares/Third_Party/FatFs/src/ff_gen_drv.o
                0x0000000020000210                disk
 .bss.m_width   0x000000002000021c        0x2 ./tft_lib/Src/st7783.o
 .bss.m_height  0x000000002000021e        0x2 ./tft_lib/Src/st7783.o
 .bss.m_cursor_x
                0x0000000020000220        0x2 ./tft_lib/Src/st7783.o
 .bss.m_cursor_y
                0x0000000020000222        0x2 ./tft_lib/Src/st7783.o
 .bss.m_textcolor
                0x0000000020000224        0x2 ./tft_lib/Src/st7783.o
 .bss.m_textbgcolor
                0x0000000020000226        0x2 ./tft_lib/Src/st7783.o
 .bss.m_textsize
                0x0000000020000228        0x1 ./tft_lib/Src/st7783.o
 .bss.m_rotation
                0x0000000020000229        0x1 ./tft_lib/Src/st7783.o
 .bss.m_wrap    0x000000002000022a        0x1 ./tft_lib/Src/st7783.o
 *fill*         0x000000002000022b        0x1 
 .bss.buf.8013  0x000000002000022c      0x100 ./tft_lib/Src/st7783.o
 .bss.__malloc_free_list
                0x000000002000032c        0x4 c:/st/stm32cubeide_1.7.0/stm32cubeide/plugins/com.st.stm32cube.ide.mcu.externaltools.gnu-tools-for-stm32.9-2020-q2-update.win32_2.0.0.202105311346/tools/bin/../lib/gcc/arm-none-eabi/9.3.1/../../../../arm-none-eabi/lib/thumb/v6-m/nofp\libc_nano.a(lib_a-nano-mallocr.o)
                0x000000002000032c                __malloc_free_list
 .bss.__malloc_sbrk_start
                0x0000000020000330        0x4 c:/st/stm32cubeide_1.7.0/stm32cubeide/plugins/com.st.stm32cube.ide.mcu.externaltools.gnu-tools-for-stm32.9-2020-q2-update.win32_2.0.0.202105311346/tools/bin/../lib/gcc/arm-none-eabi/9.3.1/../../../../arm-none-eabi/lib/thumb/v6-m/nofp\libc_nano.a(lib_a-nano-mallocr.o)
                0x0000000020000330                __malloc_sbrk_start
 *(COMMON)
 COMMON         0x0000000020000334      0x560 ./Core/Src/main.o
                0x0000000020000334                b
                0x0000000020000338                FatFs
                0x0000000020000568                adc_arr_val
                0x000000002000056c                arr_X
                0x0000000020000584                arr_Y
                0x000000002000059c                hspi1
                0x0000000020000600                fres
                0x0000000020000604                fil
                0x0000000020000830                readBuf
 COMMON         0x0000000020000894        0x4 ./Drivers/STM32F0xx_HAL_Driver/Src/stm32f0xx_hal.o
                0x0000000020000894                uwTick
 COMMON         0x0000000020000898      0x464 ./FATFS/App/fatfs.o
                0x0000000020000898                USERPath
                0x000000002000089c                retUSER
                0x00000000200008a0                USERFile
                0x0000000020000acc                USERFatFS
 COMMON         0x0000000020000cfc        0x8 ./FATFS/Target/user_diskio_spi.o
                0x0000000020000cfc                spiTimerTickStart
                0x0000000020000d00                spiTimerTickDelay
 COMMON         0x0000000020000d04        0x4 c:/st/stm32cubeide_1.7.0/stm32cubeide/plugins/com.st.stm32cube.ide.mcu.externaltools.gnu-tools-for-stm32.9-2020-q2-update.win32_2.0.0.202105311346/tools/bin/../lib/gcc/arm-none-eabi/9.3.1/../../../../arm-none-eabi/lib/thumb/v6-m/nofp\libc_nano.a(lib_a-reent.o)
                0x0000000020000d04                errno
 COMMON         0x0000000020000d08        0x9 c:/st/stm32cubeide_1.7.0/stm32cubeide/plugins/com.st.stm32cube.ide.mcu.externaltools.gnu-tools-for-stm32.9-2020-q2-update.win32_2.0.0.202105311346/tools/bin/../lib/gcc/arm-none-eabi/9.3.1/../../../../arm-none-eabi/lib/thumb/v6-m/nofp\libc_nano.a(lib_a-lock.o)
                0x0000000020000d08                __lock___atexit_recursive_mutex
                0x0000000020000d09                __lock___arc4random_mutex
                0x0000000020000d0a                __lock___env_recursive_mutex
                0x0000000020000d0b                __lock___sinit_recursive_mutex
                0x0000000020000d0c                __lock___malloc_recursive_mutex
                0x0000000020000d0d                __lock___at_quick_exit_mutex
                0x0000000020000d0e                __lock___dd_hash_mutex
                0x0000000020000d0f                __lock___tz_mutex
                0x0000000020000d10                __lock___sfp_recursive_mutex
                0x0000000020000d14                . = ALIGN (0x4)
 *fill*         0x0000000020000d11        0x3 
                0x0000000020000d14                _ebss = .
                0x0000000020000d14                __bss_end__ = _ebss

._user_heap_stack
                0x0000000020000d14      0x604 load address 0x0000000008009d4c
                0x0000000020000d18                . = ALIGN (0x8)
 *fill*         0x0000000020000d14        0x4 
                [!provide]                        PROVIDE (end = .)
                0x0000000020000d18                PROVIDE (_end = .)
                0x0000000020000f18                . = (. + _Min_Heap_Size)
 *fill*         0x0000000020000d18      0x200 
                0x0000000020001318                . = (. + _Min_Stack_Size)
 *fill*         0x0000000020000f18      0x400 
                0x0000000020001318                . = ALIGN (0x8)

/DISCARD/
 libc.a(*)
 libm.a(*)
 libgcc.a(*)

.ARM.attributes
                0x0000000000000000       0x28
 *(.ARM.attributes)
 .ARM.attributes
                0x0000000000000000       0x1e c:/st/stm32cubeide_1.7.0/stm32cubeide/plugins/com.st.stm32cube.ide.mcu.externaltools.gnu-tools-for-stm32.9-2020-q2-update.win32_2.0.0.202105311346/tools/bin/../lib/gcc/arm-none-eabi/9.3.1/thumb/v6-m/nofp/crti.o
 .ARM.attributes
                0x000000000000001e       0x2c c:/st/stm32cubeide_1.7.0/stm32cubeide/plugins/com.st.stm32cube.ide.mcu.externaltools.gnu-tools-for-stm32.9-2020-q2-update.win32_2.0.0.202105311346/tools/bin/../lib/gcc/arm-none-eabi/9.3.1/thumb/v6-m/nofp/crtbegin.o
 .ARM.attributes
                0x000000000000004a       0x2c ./Core/Src/main.o
 .ARM.attributes
                0x0000000000000076       0x2c ./Core/Src/stm32f0xx_hal_msp.o
 .ARM.attributes
                0x00000000000000a2       0x2c ./Core/Src/stm32f0xx_it.o
 .ARM.attributes
                0x00000000000000ce       0x2c ./Core/Src/sysmem.o
 .ARM.attributes
                0x00000000000000fa       0x2c ./Core/Src/system_stm32f0xx.o
 .ARM.attributes
                0x0000000000000126       0x21 ./Core/Startup/startup_stm32f070rbtx.o
 .ARM.attributes
                0x0000000000000147       0x2c ./Drivers/STM32F0xx_HAL_Driver/Src/stm32f0xx_hal.o
 .ARM.attributes
                0x0000000000000173       0x2c ./Drivers/STM32F0xx_HAL_Driver/Src/stm32f0xx_hal_cortex.o
 .ARM.attributes
                0x000000000000019f       0x2c ./Drivers/STM32F0xx_HAL_Driver/Src/stm32f0xx_hal_gpio.o
 .ARM.attributes
                0x00000000000001cb       0x2c ./Drivers/STM32F0xx_HAL_Driver/Src/stm32f0xx_hal_rcc.o
 .ARM.attributes
                0x00000000000001f7       0x2c ./Drivers/STM32F0xx_HAL_Driver/Src/stm32f0xx_hal_spi.o
 .ARM.attributes
                0x0000000000000223       0x2c ./FATFS/App/fatfs.o
 .ARM.attributes
                0x000000000000024f       0x2c ./FATFS/Target/user_diskio.o
 .ARM.attributes
                0x000000000000027b       0x2c ./FATFS/Target/user_diskio_spi.o
 .ARM.attributes
                0x00000000000002a7       0x2c ./Libraries/Src/BML_DRIVER.o
 .ARM.attributes
                0x00000000000002d3       0x2c ./Libraries/Src/SDCard.o
 .ARM.attributes
                0x00000000000002ff       0x2c ./Middlewares/Third_Party/FatFs/src/diskio.o
 .ARM.attributes
                0x000000000000032b       0x2c ./Middlewares/Third_Party/FatFs/src/ff.o
 .ARM.attributes
                0x0000000000000357       0x2c ./Middlewares/Third_Party/FatFs/src/ff_gen_drv.o
 .ARM.attributes
                0x0000000000000383       0x2c ./tft_lib/Src/st7783.o
 .ARM.attributes
                0x00000000000003af       0x2c ./tft_lib/Src/touch.o
 .ARM.attributes
                0x00000000000003db       0x2c c:/st/stm32cubeide_1.7.0/stm32cubeide/plugins/com.st.stm32cube.ide.mcu.externaltools.gnu-tools-for-stm32.9-2020-q2-update.win32_2.0.0.202105311346/tools/bin/../lib/gcc/arm-none-eabi/9.3.1/../../../../arm-none-eabi/lib/thumb/v6-m/nofp\libc_nano.a(lib_a-errno.o)
 .ARM.attributes
                0x0000000000000407       0x2c c:/st/stm32cubeide_1.7.0/stm32cubeide/plugins/com.st.stm32cube.ide.mcu.externaltools.gnu-tools-for-stm32.9-2020-q2-update.win32_2.0.0.202105311346/tools/bin/../lib/gcc/arm-none-eabi/9.3.1/../../../../arm-none-eabi/lib/thumb/v6-m/nofp\libc_nano.a(lib_a-impure.o)
 .ARM.attributes
                0x0000000000000433       0x2c c:/st/stm32cubeide_1.7.0/stm32cubeide/plugins/com.st.stm32cube.ide.mcu.externaltools.gnu-tools-for-stm32.9-2020-q2-update.win32_2.0.0.202105311346/tools/bin/../lib/gcc/arm-none-eabi/9.3.1/../../../../arm-none-eabi/lib/thumb/v6-m/nofp\libc_nano.a(lib_a-init.o)
 .ARM.attributes
                0x000000000000045f       0x2c c:/st/stm32cubeide_1.7.0/stm32cubeide/plugins/com.st.stm32cube.ide.mcu.externaltools.gnu-tools-for-stm32.9-2020-q2-update.win32_2.0.0.202105311346/tools/bin/../lib/gcc/arm-none-eabi/9.3.1/../../../../arm-none-eabi/lib/thumb/v6-m/nofp\libc_nano.a(lib_a-memset.o)
 .ARM.attributes
                0x000000000000048b       0x1c c:/st/stm32cubeide_1.7.0/stm32cubeide/plugins/com.st.stm32cube.ide.mcu.externaltools.gnu-tools-for-stm32.9-2020-q2-update.win32_2.0.0.202105311346/tools/bin/../lib/gcc/arm-none-eabi/9.3.1/../../../../arm-none-eabi/lib/thumb/v6-m/nofp\libc_nano.a(lib_a-strlen.o)
 .ARM.attributes
                0x00000000000004a7       0x2c c:/st/stm32cubeide_1.7.0/stm32cubeide/plugins/com.st.stm32cube.ide.mcu.externaltools.gnu-tools-for-stm32.9-2020-q2-update.win32_2.0.0.202105311346/tools/bin/../lib/gcc/arm-none-eabi/9.3.1/../../../../arm-none-eabi/lib/thumb/v6-m/nofp\libc_nano.a(lib_a-strncpy.o)
 .ARM.attributes
                0x00000000000004d3       0x2c c:/st/stm32cubeide_1.7.0/stm32cubeide/plugins/com.st.stm32cube.ide.mcu.externaltools.gnu-tools-for-stm32.9-2020-q2-update.win32_2.0.0.202105311346/tools/bin/../lib/gcc/arm-none-eabi/9.3.1/../../../../arm-none-eabi/lib/thumb/v6-m/nofp\libc_nano.a(lib_a-vsnprintf.o)
 .ARM.attributes
                0x00000000000004ff       0x2c c:/st/stm32cubeide_1.7.0/stm32cubeide/plugins/com.st.stm32cube.ide.mcu.externaltools.gnu-tools-for-stm32.9-2020-q2-update.win32_2.0.0.202105311346/tools/bin/../lib/gcc/arm-none-eabi/9.3.1/../../../../arm-none-eabi/lib/thumb/v6-m/nofp\libc_nano.a(lib_a-vsprintf.o)
 .ARM.attributes
                0x000000000000052b       0x2c c:/st/stm32cubeide_1.7.0/stm32cubeide/plugins/com.st.stm32cube.ide.mcu.externaltools.gnu-tools-for-stm32.9-2020-q2-update.win32_2.0.0.202105311346/tools/bin/../lib/gcc/arm-none-eabi/9.3.1/../../../../arm-none-eabi/lib/thumb/v6-m/nofp\libc_nano.a(lib_a-nano-svfprintf.o)
 .ARM.attributes
                0x0000000000000557       0x2c c:/st/stm32cubeide_1.7.0/stm32cubeide/plugins/com.st.stm32cube.ide.mcu.externaltools.gnu-tools-for-stm32.9-2020-q2-update.win32_2.0.0.202105311346/tools/bin/../lib/gcc/arm-none-eabi/9.3.1/../../../../arm-none-eabi/lib/thumb/v6-m/nofp\libc_nano.a(lib_a-nano-vfprintf_i.o)
 .ARM.attributes
                0x0000000000000583       0x2c c:/st/stm32cubeide_1.7.0/stm32cubeide/plugins/com.st.stm32cube.ide.mcu.externaltools.gnu-tools-for-stm32.9-2020-q2-update.win32_2.0.0.202105311346/tools/bin/../lib/gcc/arm-none-eabi/9.3.1/../../../../arm-none-eabi/lib/thumb/v6-m/nofp\libc_nano.a(lib_a-memchr-stub.o)
 .ARM.attributes
                0x00000000000005af       0x2c c:/st/stm32cubeide_1.7.0/stm32cubeide/plugins/com.st.stm32cube.ide.mcu.externaltools.gnu-tools-for-stm32.9-2020-q2-update.win32_2.0.0.202105311346/tools/bin/../lib/gcc/arm-none-eabi/9.3.1/../../../../arm-none-eabi/lib/thumb/v6-m/nofp\libc_nano.a(lib_a-memcpy-stub.o)
 .ARM.attributes
                0x00000000000005db       0x2c c:/st/stm32cubeide_1.7.0/stm32cubeide/plugins/com.st.stm32cube.ide.mcu.externaltools.gnu-tools-for-stm32.9-2020-q2-update.win32_2.0.0.202105311346/tools/bin/../lib/gcc/arm-none-eabi/9.3.1/../../../../arm-none-eabi/lib/thumb/v6-m/nofp\libc_nano.a(lib_a-memmove.o)
 .ARM.attributes
                0x0000000000000607       0x2c c:/st/stm32cubeide_1.7.0/stm32cubeide/plugins/com.st.stm32cube.ide.mcu.externaltools.gnu-tools-for-stm32.9-2020-q2-update.win32_2.0.0.202105311346/tools/bin/../lib/gcc/arm-none-eabi/9.3.1/../../../../arm-none-eabi/lib/thumb/v6-m/nofp\libc_nano.a(lib_a-nano-freer.o)
 .ARM.attributes
                0x0000000000000633       0x2c c:/st/stm32cubeide_1.7.0/stm32cubeide/plugins/com.st.stm32cube.ide.mcu.externaltools.gnu-tools-for-stm32.9-2020-q2-update.win32_2.0.0.202105311346/tools/bin/../lib/gcc/arm-none-eabi/9.3.1/../../../../arm-none-eabi/lib/thumb/v6-m/nofp\libc_nano.a(lib_a-nano-mallocr.o)
 .ARM.attributes
                0x000000000000065f       0x2c c:/st/stm32cubeide_1.7.0/stm32cubeide/plugins/com.st.stm32cube.ide.mcu.externaltools.gnu-tools-for-stm32.9-2020-q2-update.win32_2.0.0.202105311346/tools/bin/../lib/gcc/arm-none-eabi/9.3.1/../../../../arm-none-eabi/lib/thumb/v6-m/nofp\libc_nano.a(lib_a-nano-reallocr.o)
 .ARM.attributes
                0x000000000000068b       0x2c c:/st/stm32cubeide_1.7.0/stm32cubeide/plugins/com.st.stm32cube.ide.mcu.externaltools.gnu-tools-for-stm32.9-2020-q2-update.win32_2.0.0.202105311346/tools/bin/../lib/gcc/arm-none-eabi/9.3.1/../../../../arm-none-eabi/lib/thumb/v6-m/nofp\libc_nano.a(lib_a-sbrkr.o)
 .ARM.attributes
                0x00000000000006b7       0x2c c:/st/stm32cubeide_1.7.0/stm32cubeide/plugins/com.st.stm32cube.ide.mcu.externaltools.gnu-tools-for-stm32.9-2020-q2-update.win32_2.0.0.202105311346/tools/bin/../lib/gcc/arm-none-eabi/9.3.1/../../../../arm-none-eabi/lib/thumb/v6-m/nofp\libc_nano.a(lib_a-mlock.o)
 .ARM.attributes
                0x00000000000006e3       0x2c c:/st/stm32cubeide_1.7.0/stm32cubeide/plugins/com.st.stm32cube.ide.mcu.externaltools.gnu-tools-for-stm32.9-2020-q2-update.win32_2.0.0.202105311346/tools/bin/../lib/gcc/arm-none-eabi/9.3.1/../../../../arm-none-eabi/lib/thumb/v6-m/nofp\libc_nano.a(lib_a-nano-msizer.o)
 .ARM.attributes
                0x000000000000070f       0x2c c:/st/stm32cubeide_1.7.0/stm32cubeide/plugins/com.st.stm32cube.ide.mcu.externaltools.gnu-tools-for-stm32.9-2020-q2-update.win32_2.0.0.202105311346/tools/bin/../lib/gcc/arm-none-eabi/9.3.1/../../../../arm-none-eabi/lib/thumb/v6-m/nofp\libc_nano.a(lib_a-reent.o)
 .ARM.attributes
                0x000000000000073b       0x2c c:/st/stm32cubeide_1.7.0/stm32cubeide/plugins/com.st.stm32cube.ide.mcu.externaltools.gnu-tools-for-stm32.9-2020-q2-update.win32_2.0.0.202105311346/tools/bin/../lib/gcc/arm-none-eabi/9.3.1/../../../../arm-none-eabi/lib/thumb/v6-m/nofp\libc_nano.a(lib_a-lock.o)
 .ARM.attributes
                0x0000000000000767       0x1e c:/st/stm32cubeide_1.7.0/stm32cubeide/plugins/com.st.stm32cube.ide.mcu.externaltools.gnu-tools-for-stm32.9-2020-q2-update.win32_2.0.0.202105311346/tools/bin/../lib/gcc/arm-none-eabi/9.3.1/thumb/v6-m/nofp\libgcc.a(_thumb1_case_shi.o)
 .ARM.attributes
                0x0000000000000785       0x1e c:/st/stm32cubeide_1.7.0/stm32cubeide/plugins/com.st.stm32cube.ide.mcu.externaltools.gnu-tools-for-stm32.9-2020-q2-update.win32_2.0.0.202105311346/tools/bin/../lib/gcc/arm-none-eabi/9.3.1/thumb/v6-m/nofp\libgcc.a(_udivsi3.o)
 .ARM.attributes
                0x00000000000007a3       0x1e c:/st/stm32cubeide_1.7.0/stm32cubeide/plugins/com.st.stm32cube.ide.mcu.externaltools.gnu-tools-for-stm32.9-2020-q2-update.win32_2.0.0.202105311346/tools/bin/../lib/gcc/arm-none-eabi/9.3.1/thumb/v6-m/nofp\libgcc.a(_divsi3.o)
 .ARM.attributes
                0x00000000000007c1       0x1e c:/st/stm32cubeide_1.7.0/stm32cubeide/plugins/com.st.stm32cube.ide.mcu.externaltools.gnu-tools-for-stm32.9-2020-q2-update.win32_2.0.0.202105311346/tools/bin/../lib/gcc/arm-none-eabi/9.3.1/thumb/v6-m/nofp\libgcc.a(_dvmd_tls.o)
 .ARM.attributes
                0x00000000000007df       0x1e c:/st/stm32cubeide_1.7.0/stm32cubeide/plugins/com.st.stm32cube.ide.mcu.externaltools.gnu-tools-for-stm32.9-2020-q2-update.win32_2.0.0.202105311346/tools/bin/../lib/gcc/arm-none-eabi/9.3.1/thumb/v6-m/nofp/crtn.o
OUTPUT(tft_QRDisplay.elf elf32-littlearm)
LOAD linker stubs
LOAD c:/st/stm32cubeide_1.7.0/stm32cubeide/plugins/com.st.stm32cube.ide.mcu.externaltools.gnu-tools-for-stm32.9-2020-q2-update.win32_2.0.0.202105311346/tools/bin/../lib/gcc/arm-none-eabi/9.3.1/../../../../arm-none-eabi/lib/thumb/v6-m/nofp\libc.a
LOAD c:/st/stm32cubeide_1.7.0/stm32cubeide/plugins/com.st.stm32cube.ide.mcu.externaltools.gnu-tools-for-stm32.9-2020-q2-update.win32_2.0.0.202105311346/tools/bin/../lib/gcc/arm-none-eabi/9.3.1/../../../../arm-none-eabi/lib/thumb/v6-m/nofp\libm.a
LOAD c:/st/stm32cubeide_1.7.0/stm32cubeide/plugins/com.st.stm32cube.ide.mcu.externaltools.gnu-tools-for-stm32.9-2020-q2-update.win32_2.0.0.202105311346/tools/bin/../lib/gcc/arm-none-eabi/9.3.1/thumb/v6-m/nofp\libgcc.a

.debug_info     0x0000000000000000    0x12b18
 .debug_info    0x0000000000000000     0x1b0d ./Core/Src/main.o
 .debug_info    0x0000000000001b0d      0xcce ./Core/Src/stm32f0xx_hal_msp.o
 .debug_info    0x00000000000027db      0x1b3 ./Core/Src/stm32f0xx_it.o
 .debug_info    0x000000000000298e      0xa25 ./Core/Src/sysmem.o
 .debug_info    0x00000000000033b3      0x2c3 ./Core/Src/system_stm32f0xx.o
 .debug_info    0x0000000000003676       0x22 ./Core/Startup/startup_stm32f070rbtx.o
 .debug_info    0x0000000000003698      0x6ee ./Drivers/STM32F0xx_HAL_Driver/Src/stm32f0xx_hal.o
 .debug_info    0x0000000000003d86      0x7d0 ./Drivers/STM32F0xx_HAL_Driver/Src/stm32f0xx_hal_cortex.o
 .debug_info    0x0000000000004556      0x6d9 ./Drivers/STM32F0xx_HAL_Driver/Src/stm32f0xx_hal_gpio.o
 .debug_info    0x0000000000004c2f      0x88d ./Drivers/STM32F0xx_HAL_Driver/Src/stm32f0xx_hal_rcc.o
 .debug_info    0x00000000000054bc     0x17a9 ./Drivers/STM32F0xx_HAL_Driver/Src/stm32f0xx_hal_spi.o
 .debug_info    0x0000000000006c65      0x5c1 ./FATFS/App/fatfs.o
 .debug_info    0x0000000000007226      0xcb7 ./FATFS/Target/user_diskio.o
 .debug_info    0x0000000000007edd     0x1531 ./FATFS/Target/user_diskio_spi.o
 .debug_info    0x000000000000940e     0x21ae ./Libraries/Src/BML_DRIVER.o
 .debug_info    0x000000000000b5bc     0x1a1e ./Libraries/Src/SDCard.o
 .debug_info    0x000000000000cfda      0x4d7 ./Middlewares/Third_Party/FatFs/src/diskio.o
 .debug_info    0x000000000000d4b1     0x2312 ./Middlewares/Third_Party/FatFs/src/ff.o
 .debug_info    0x000000000000f7c3      0x46e ./Middlewares/Third_Party/FatFs/src/ff_gen_drv.o
 .debug_info    0x000000000000fc31     0x1fa2 ./tft_lib/Src/st7783.o
 .debug_info    0x0000000000011bd3      0xf45 ./tft_lib/Src/touch.o

.debug_abbrev   0x0000000000000000     0x2e61
 .debug_abbrev  0x0000000000000000      0x36d ./Core/Src/main.o
 .debug_abbrev  0x000000000000036d      0x1ac ./Core/Src/stm32f0xx_hal_msp.o
 .debug_abbrev  0x0000000000000519       0xd2 ./Core/Src/stm32f0xx_it.o
 .debug_abbrev  0x00000000000005eb      0x1bf ./Core/Src/sysmem.o
 .debug_abbrev  0x00000000000007aa      0x145 ./Core/Src/system_stm32f0xx.o
 .debug_abbrev  0x00000000000008ef       0x12 ./Core/Startup/startup_stm32f070rbtx.o
 .debug_abbrev  0x0000000000000901      0x21e ./Drivers/STM32F0xx_HAL_Driver/Src/stm32f0xx_hal.o
 .debug_abbrev  0x0000000000000b1f      0x2a9 ./Drivers/STM32F0xx_HAL_Driver/Src/stm32f0xx_hal_cortex.o
 .debug_abbrev  0x0000000000000dc8      0x1e8 ./Drivers/STM32F0xx_HAL_Driver/Src/stm32f0xx_hal_gpio.o
 .debug_abbrev  0x0000000000000fb0      0x23b ./Drivers/STM32F0xx_HAL_Driver/Src/stm32f0xx_hal_rcc.o
 .debug_abbrev  0x00000000000011eb      0x254 ./Drivers/STM32F0xx_HAL_Driver/Src/stm32f0xx_hal_spi.o
 .debug_abbrev  0x000000000000143f      0x19d ./FATFS/App/fatfs.o
 .debug_abbrev  0x00000000000015dc      0x21d ./FATFS/Target/user_diskio.o
 .debug_abbrev  0x00000000000017f9      0x328 ./FATFS/Target/user_diskio_spi.o
 .debug_abbrev  0x0000000000001b21      0x444 ./Libraries/Src/BML_DRIVER.o
 .debug_abbrev  0x0000000000001f65      0x346 ./Libraries/Src/SDCard.o
 .debug_abbrev  0x00000000000022ab      0x18b ./Middlewares/Third_Party/FatFs/src/diskio.o
 .debug_abbrev  0x0000000000002436      0x2bf ./Middlewares/Third_Party/FatFs/src/ff.o
 .debug_abbrev  0x00000000000026f5      0x1bc ./Middlewares/Third_Party/FatFs/src/ff_gen_drv.o
 .debug_abbrev  0x00000000000028b1      0x338 ./tft_lib/Src/st7783.o
 .debug_abbrev  0x0000000000002be9      0x278 ./tft_lib/Src/touch.o

.debug_aranges  0x0000000000000000      0xd70
 .debug_aranges
                0x0000000000000000       0x60 ./Core/Src/main.o
 .debug_aranges
                0x0000000000000060       0x40 ./Core/Src/stm32f0xx_hal_msp.o
 .debug_aranges
                0x00000000000000a0       0x40 ./Core/Src/stm32f0xx_it.o
 .debug_aranges
                0x00000000000000e0       0x20 ./Core/Src/sysmem.o
 .debug_aranges
                0x0000000000000100       0x28 ./Core/Src/system_stm32f0xx.o
 .debug_aranges
                0x0000000000000128       0x28 ./Core/Startup/startup_stm32f070rbtx.o
 .debug_aranges
                0x0000000000000150       0xd0 ./Drivers/STM32F0xx_HAL_Driver/Src/stm32f0xx_hal.o
 .debug_aranges
                0x0000000000000220       0xc0 ./Drivers/STM32F0xx_HAL_Driver/Src/stm32f0xx_hal_cortex.o
 .debug_aranges
                0x00000000000002e0       0x58 ./Drivers/STM32F0xx_HAL_Driver/Src/stm32f0xx_hal_gpio.o
 .debug_aranges
                0x0000000000000338       0x80 ./Drivers/STM32F0xx_HAL_Driver/Src/stm32f0xx_hal_rcc.o
 .debug_aranges
                0x00000000000003b8      0x1d8 ./Drivers/STM32F0xx_HAL_Driver/Src/stm32f0xx_hal_spi.o
 .debug_aranges
                0x0000000000000590       0x28 ./FATFS/App/fatfs.o
 .debug_aranges
                0x00000000000005b8       0x40 ./FATFS/Target/user_diskio.o
 .debug_aranges
                0x00000000000005f8       0x98 ./FATFS/Target/user_diskio_spi.o
 .debug_aranges
                0x0000000000000690      0x1e0 ./Libraries/Src/BML_DRIVER.o
 .debug_aranges
                0x0000000000000870       0xd8 ./Libraries/Src/SDCard.o
 .debug_aranges
                0x0000000000000948       0x48 ./Middlewares/Third_Party/FatFs/src/diskio.o
 .debug_aranges
                0x0000000000000990      0x1e8 ./Middlewares/Third_Party/FatFs/src/ff.o
 .debug_aranges
                0x0000000000000b78       0x40 ./Middlewares/Third_Party/FatFs/src/ff_gen_drv.o
 .debug_aranges
                0x0000000000000bb8      0x148 ./tft_lib/Src/st7783.o
 .debug_aranges
                0x0000000000000d00       0x70 ./tft_lib/Src/touch.o

.debug_ranges   0x0000000000000000      0xc28
 .debug_ranges  0x0000000000000000       0x50 ./Core/Src/main.o
 .debug_ranges  0x0000000000000050       0x30 ./Core/Src/stm32f0xx_hal_msp.o
 .debug_ranges  0x0000000000000080       0x30 ./Core/Src/stm32f0xx_it.o
 .debug_ranges  0x00000000000000b0       0x10 ./Core/Src/sysmem.o
 .debug_ranges  0x00000000000000c0       0x18 ./Core/Src/system_stm32f0xx.o
 .debug_ranges  0x00000000000000d8       0x20 ./Core/Startup/startup_stm32f070rbtx.o
 .debug_ranges  0x00000000000000f8       0xc0 ./Drivers/STM32F0xx_HAL_Driver/Src/stm32f0xx_hal.o
 .debug_ranges  0x00000000000001b8       0xb0 ./Drivers/STM32F0xx_HAL_Driver/Src/stm32f0xx_hal_cortex.o
 .debug_ranges  0x0000000000000268       0x48 ./Drivers/STM32F0xx_HAL_Driver/Src/stm32f0xx_hal_gpio.o
 .debug_ranges  0x00000000000002b0       0x70 ./Drivers/STM32F0xx_HAL_Driver/Src/stm32f0xx_hal_rcc.o
 .debug_ranges  0x0000000000000320      0x1c8 ./Drivers/STM32F0xx_HAL_Driver/Src/stm32f0xx_hal_spi.o
 .debug_ranges  0x00000000000004e8       0x18 ./FATFS/App/fatfs.o
 .debug_ranges  0x0000000000000500       0x30 ./FATFS/Target/user_diskio.o
 .debug_ranges  0x0000000000000530       0x88 ./FATFS/Target/user_diskio_spi.o
 .debug_ranges  0x00000000000005b8      0x1d0 ./Libraries/Src/BML_DRIVER.o
 .debug_ranges  0x0000000000000788       0xc8 ./Libraries/Src/SDCard.o
 .debug_ranges  0x0000000000000850       0x38 ./Middlewares/Third_Party/FatFs/src/diskio.o
 .debug_ranges  0x0000000000000888      0x1d8 ./Middlewares/Third_Party/FatFs/src/ff.o
 .debug_ranges  0x0000000000000a60       0x30 ./Middlewares/Third_Party/FatFs/src/ff_gen_drv.o
 .debug_ranges  0x0000000000000a90      0x138 ./tft_lib/Src/st7783.o
 .debug_ranges  0x0000000000000bc8       0x60 ./tft_lib/Src/touch.o

.debug_macro    0x0000000000000000    0x135a5
 .debug_macro   0x0000000000000000      0x44e ./Core/Src/main.o
 .debug_macro   0x000000000000044e      0xa7e ./Core/Src/main.o
 .debug_macro   0x0000000000000ecc      0x133 ./Core/Src/main.o
 .debug_macro   0x0000000000000fff       0x2e ./Core/Src/main.o
 .debug_macro   0x000000000000102d       0x22 ./Core/Src/main.o
 .debug_macro   0x000000000000104f       0x22 ./Core/Src/main.o
 .debug_macro   0x0000000000001071       0x8e ./Core/Src/main.o
 .debug_macro   0x00000000000010ff       0x51 ./Core/Src/main.o
 .debug_macro   0x0000000000001150      0x103 ./Core/Src/main.o
 .debug_macro   0x0000000000001253       0x6a ./Core/Src/main.o
 .debug_macro   0x00000000000012bd      0x1df ./Core/Src/main.o
 .debug_macro   0x000000000000149c       0x1c ./Core/Src/main.o
 .debug_macro   0x00000000000014b8       0x22 ./Core/Src/main.o
 .debug_macro   0x00000000000014da       0xb5 ./Core/Src/main.o
 .debug_macro   0x000000000000158f      0x391 ./Core/Src/main.o
 .debug_macro   0x0000000000001920     0x7655 ./Core/Src/main.o
 .debug_macro   0x0000000000008f75       0x66 ./Core/Src/main.o
 .debug_macro   0x0000000000008fdb     0x34a6 ./Core/Src/main.o
 .debug_macro   0x000000000000c481      0x174 ./Core/Src/main.o
 .debug_macro   0x000000000000c5f5       0x55 ./Core/Src/main.o
 .debug_macro   0x000000000000c64a      0x924 ./Core/Src/main.o
 .debug_macro   0x000000000000cf6e      0x289 ./Core/Src/main.o
 .debug_macro   0x000000000000d1f7      0x1af ./Core/Src/main.o
 .debug_macro   0x000000000000d3a6      0x130 ./Core/Src/main.o
 .debug_macro   0x000000000000d4d6      0x1a0 ./Core/Src/main.o
 .debug_macro   0x000000000000d676      0x1f4 ./Core/Src/main.o
 .debug_macro   0x000000000000d86a       0x34 ./Core/Src/main.o
 .debug_macro   0x000000000000d89e       0x43 ./Core/Src/main.o
 .debug_macro   0x000000000000d8e1       0x28 ./Core/Src/main.o
 .debug_macro   0x000000000000d909       0xb0 ./Core/Src/main.o
 .debug_macro   0x000000000000d9b9      0x217 ./Core/Src/main.o
 .debug_macro   0x000000000000dbd0      0x22c ./Core/Src/main.o
 .debug_macro   0x000000000000ddfc       0x61 ./Core/Src/main.o
 .debug_macro   0x000000000000de5d       0xa5 ./Core/Src/main.o
 .debug_macro   0x000000000000df02       0x4c ./Core/Src/main.o
 .debug_macro   0x000000000000df4e       0x49 ./Core/Src/main.o
 .debug_macro   0x000000000000df97      0x2fe ./Core/Src/main.o
 .debug_macro   0x000000000000e295      0x55f ./Core/Src/main.o
 .debug_macro   0x000000000000e7f4       0x44 ./Core/Src/main.o
 .debug_macro   0x000000000000e838      0x11b ./Core/Src/main.o
 .debug_macro   0x000000000000e953       0x82 ./Core/Src/main.o
 .debug_macro   0x000000000000e9d5       0x52 ./Core/Src/main.o
 .debug_macro   0x000000000000ea27       0x18 ./Core/Src/main.o
 .debug_macro   0x000000000000ea3f       0x3c ./Core/Src/main.o
 .debug_macro   0x000000000000ea7b       0x34 ./Core/Src/main.o
 .debug_macro   0x000000000000eaaf       0x16 ./Core/Src/main.o
 .debug_macro   0x000000000000eac5       0x43 ./Core/Src/main.o
 .debug_macro   0x000000000000eb08       0x34 ./Core/Src/main.o
 .debug_macro   0x000000000000eb3c       0x10 ./Core/Src/main.o
 .debug_macro   0x000000000000eb4c       0x58 ./Core/Src/main.o
 .debug_macro   0x000000000000eba4       0x71 ./Core/Src/main.o
 .debug_macro   0x000000000000ec15       0x1c ./Core/Src/main.o
 .debug_macro   0x000000000000ec31      0x12a ./Core/Src/main.o
 .debug_macro   0x000000000000ed5b      0x333 ./Core/Src/main.o
 .debug_macro   0x000000000000f08e       0x10 ./Core/Src/main.o
 .debug_macro   0x000000000000f09e       0x35 ./Core/Src/main.o
 .debug_macro   0x000000000000f0d3       0x20 ./Core/Src/main.o
 .debug_macro   0x000000000000f0f3       0x16 ./Core/Src/main.o
 .debug_macro   0x000000000000f109       0x16 ./Core/Src/main.o
 .debug_macro   0x000000000000f11f       0x29 ./Core/Src/main.o
 .debug_macro   0x000000000000f148       0x58 ./Core/Src/main.o
 .debug_macro   0x000000000000f1a0       0x1c ./Core/Src/main.o
 .debug_macro   0x000000000000f1bc       0x10 ./Core/Src/main.o
 .debug_macro   0x000000000000f1cc       0x1c ./Core/Src/main.o
 .debug_macro   0x000000000000f1e8       0x52 ./Core/Src/main.o
 .debug_macro   0x000000000000f23a       0x22 ./Core/Src/main.o
 .debug_macro   0x000000000000f25c       0x10 ./Core/Src/main.o
 .debug_macro   0x000000000000f26c       0x40 ./Core/Src/main.o
 .debug_macro   0x000000000000f2ac       0xd5 ./Core/Src/main.o
 .debug_macro   0x000000000000f381       0x1c ./Core/Src/main.o
 .debug_macro   0x000000000000f39d       0x3d ./Core/Src/main.o
 .debug_macro   0x000000000000f3da       0x16 ./Core/Src/main.o
 .debug_macro   0x000000000000f3f0      0x145 ./Core/Src/main.o
 .debug_macro   0x000000000000f535      0x535 ./Core/Src/main.o
 .debug_macro   0x000000000000fa6a       0x22 ./Core/Src/main.o
 .debug_macro   0x000000000000fa8c       0x8e ./Core/Src/main.o
 .debug_macro   0x000000000000fb1a       0x5e ./Core/Src/main.o
 .debug_macro   0x000000000000fb78       0xde ./Core/Src/main.o
 .debug_macro   0x000000000000fc56       0xee ./Core/Src/main.o
 .debug_macro   0x000000000000fd44       0x8e ./Core/Src/main.o
 .debug_macro   0x000000000000fdd2      0x1d2 ./Core/Src/stm32f0xx_hal_msp.o
 .debug_macro   0x000000000000ffa4      0x1dc ./Core/Src/stm32f0xx_it.o
 .debug_macro   0x0000000000010180       0xff ./Core/Src/sysmem.o
 .debug_macro   0x000000000001027f      0x23b ./Core/Src/sysmem.o
 .debug_macro   0x00000000000104ba      0x1c3 ./Core/Src/system_stm32f0xx.o
 .debug_macro   0x000000000001067d      0x1e7 ./Drivers/STM32F0xx_HAL_Driver/Src/stm32f0xx_hal.o
 .debug_macro   0x0000000000010864      0x1c3 ./Drivers/STM32F0xx_HAL_Driver/Src/stm32f0xx_hal_cortex.o
 .debug_macro   0x0000000000010a27      0x1ca ./Drivers/STM32F0xx_HAL_Driver/Src/stm32f0xx_hal_gpio.o
 .debug_macro   0x0000000000010bf1      0x1d5 ./Drivers/STM32F0xx_HAL_Driver/Src/stm32f0xx_hal_rcc.o
 .debug_macro   0x0000000000010dc6      0x1cb ./Drivers/STM32F0xx_HAL_Driver/Src/stm32f0xx_hal_spi.o
 .debug_macro   0x0000000000010f91      0x225 ./FATFS/App/fatfs.o
 .debug_macro   0x00000000000111b6       0xd8 ./FATFS/App/fatfs.o
 .debug_macro   0x000000000001128e       0xf5 ./FATFS/App/fatfs.o
 .debug_macro   0x0000000000011383      0x2ec ./FATFS/Target/user_diskio.o
 .debug_macro   0x000000000001166f       0x16 ./FATFS/Target/user_diskio.o
 .debug_macro   0x0000000000011685       0x7c ./FATFS/Target/user_diskio.o
 .debug_macro   0x0000000000011701       0xaf ./FATFS/Target/user_diskio.o
 .debug_macro   0x00000000000117b0       0x4f ./FATFS/Target/user_diskio.o
 .debug_macro   0x00000000000117ff      0x4a2 ./FATFS/Target/user_diskio_spi.o
 .debug_macro   0x0000000000011ca1      0x393 ./Libraries/Src/BML_DRIVER.o
 .debug_macro   0x0000000000012034      0x417 ./Libraries/Src/SDCard.o
 .debug_macro   0x000000000001244b      0x212 ./Middlewares/Third_Party/FatFs/src/diskio.o
 .debug_macro   0x000000000001265d      0x459 ./Middlewares/Third_Party/FatFs/src/ff.o
 .debug_macro   0x0000000000012ab6      0x212 ./Middlewares/Third_Party/FatFs/src/ff_gen_drv.o
 .debug_macro   0x0000000000012cc8      0x46a ./tft_lib/Src/st7783.o
 .debug_macro   0x0000000000013132       0x94 ./tft_lib/Src/st7783.o
 .debug_macro   0x00000000000131c6       0x16 ./tft_lib/Src/st7783.o
 .debug_macro   0x00000000000131dc      0x3c9 ./tft_lib/Src/touch.o

.debug_line     0x0000000000000000    0x1242e
 .debug_line    0x0000000000000000      0xd16 ./Core/Src/main.o
 .debug_line    0x0000000000000d16      0x77d ./Core/Src/stm32f0xx_hal_msp.o
 .debug_line    0x0000000000001493      0x747 ./Core/Src/stm32f0xx_it.o
 .debug_line    0x0000000000001bda      0x4f8 ./Core/Src/sysmem.o
 .debug_line    0x00000000000020d2      0x757 ./Core/Src/system_stm32f0xx.o
 .debug_line    0x0000000000002829       0x89 ./Core/Startup/startup_stm32f070rbtx.o
 .debug_line    0x00000000000028b2      0x95d ./Drivers/STM32F0xx_HAL_Driver/Src/stm32f0xx_hal.o
 .debug_line    0x000000000000320f      0xa09 ./Drivers/STM32F0xx_HAL_Driver/Src/stm32f0xx_hal_cortex.o
 .debug_line    0x0000000000003c18      0xada ./Drivers/STM32F0xx_HAL_Driver/Src/stm32f0xx_hal_gpio.o
 .debug_line    0x00000000000046f2      0xd4e ./Drivers/STM32F0xx_HAL_Driver/Src/stm32f0xx_hal_rcc.o
 .debug_line    0x0000000000005440     0x1e72 ./Drivers/STM32F0xx_HAL_Driver/Src/stm32f0xx_hal_spi.o
 .debug_line    0x00000000000072b2      0x796 ./FATFS/App/fatfs.o
 .debug_line    0x0000000000007a48      0x93f ./FATFS/Target/user_diskio.o
 .debug_line    0x0000000000008387     0x1068 ./FATFS/Target/user_diskio_spi.o
 .debug_line    0x00000000000093ef     0x199a ./Libraries/Src/BML_DRIVER.o
 .debug_line    0x000000000000ad89     0x11e4 ./Libraries/Src/SDCard.o
 .debug_line    0x000000000000bf6d      0x806 ./Middlewares/Third_Party/FatFs/src/diskio.o
 .debug_line    0x000000000000c773     0x2fb2 ./Middlewares/Third_Party/FatFs/src/ff.o
 .debug_line    0x000000000000f725      0x823 ./Middlewares/Third_Party/FatFs/src/ff_gen_drv.o
 .debug_line    0x000000000000ff48     0x17cf ./tft_lib/Src/st7783.o
 .debug_line    0x0000000000011717      0xd17 ./tft_lib/Src/touch.o

.debug_str      0x0000000000000000    0x66e2f
 .debug_str     0x0000000000000000    0x636c3 ./Core/Src/main.o
                                      0x63aad (size before relaxing)
 .debug_str     0x00000000000636c3      0x2a6 ./Core/Src/stm32f0xx_hal_msp.o
                                      0x5d4fe (size before relaxing)
 .debug_str     0x0000000000063969       0x76 ./Core/Src/stm32f0xx_it.o
                                      0x5cea2 (size before relaxing)
 .debug_str     0x00000000000639df      0x4e9 ./Core/Src/sysmem.o
                                       0x6195 (size before relaxing)
 .debug_str     0x0000000000063ec8       0x5f ./Core/Src/system_stm32f0xx.o
                                      0x5cce4 (size before relaxing)
 .debug_str     0x0000000000063f27       0x36 ./Core/Startup/startup_stm32f070rbtx.o
                                         0x57 (size before relaxing)
 .debug_str     0x0000000000063f5d      0x447 ./Drivers/STM32F0xx_HAL_Driver/Src/stm32f0xx_hal.o
                                      0x5d211 (size before relaxing)
 .debug_str     0x00000000000643a4      0x1f0 ./Drivers/STM32F0xx_HAL_Driver/Src/stm32f0xx_hal_cortex.o
                                      0x5d0c5 (size before relaxing)
 .debug_str     0x0000000000064594      0x172 ./Drivers/STM32F0xx_HAL_Driver/Src/stm32f0xx_hal_gpio.o
                                      0x5cec3 (size before relaxing)
 .debug_str     0x0000000000064706      0x240 ./Drivers/STM32F0xx_HAL_Driver/Src/stm32f0xx_hal_rcc.o
                                      0x5d0ee (size before relaxing)
 .debug_str     0x0000000000064946      0x586 ./Drivers/STM32F0xx_HAL_Driver/Src/stm32f0xx_hal_spi.o
                                      0x5d62e (size before relaxing)
 .debug_str     0x0000000000064ecc       0x2f ./FATFS/App/fatfs.o
                                      0x5d774 (size before relaxing)
 .debug_str     0x0000000000064efb       0x99 ./FATFS/Target/user_diskio.o
                                      0x608db (size before relaxing)
 .debug_str     0x0000000000064f94      0x3e7 ./FATFS/Target/user_diskio_spi.o
                                      0x6365e (size before relaxing)
 .debug_str     0x000000000006537b      0x4a0 ./Libraries/Src/BML_DRIVER.o
                                      0x62e6e (size before relaxing)
 .debug_str     0x000000000006581b      0x1fd ./Libraries/Src/SDCard.o
                                      0x634da (size before relaxing)
 .debug_str     0x0000000000065a18       0x52 ./Middlewares/Third_Party/FatFs/src/diskio.o
                                      0x5d6b1 (size before relaxing)
 .debug_str     0x0000000000065a6a      0xb2a ./Middlewares/Third_Party/FatFs/src/ff.o
                                      0x5e49e (size before relaxing)
 .debug_str     0x0000000000066594       0xa2 ./Middlewares/Third_Party/FatFs/src/ff_gen_drv.o
                                      0x5d702 (size before relaxing)
 .debug_str     0x0000000000066636      0x74c ./tft_lib/Src/st7783.o
                                      0x631af (size before relaxing)
 .debug_str     0x0000000000066d82       0xad ./tft_lib/Src/touch.o
                                      0x62a71 (size before relaxing)

.comment        0x0000000000000000       0x53
 .comment       0x0000000000000000       0x53 ./Core/Src/main.o
                                         0x54 (size before relaxing)
 .comment       0x0000000000000053       0x54 ./Core/Src/stm32f0xx_hal_msp.o
 .comment       0x0000000000000053       0x54 ./Core/Src/stm32f0xx_it.o
 .comment       0x0000000000000053       0x54 ./Core/Src/sysmem.o
 .comment       0x0000000000000053       0x54 ./Core/Src/system_stm32f0xx.o
 .comment       0x0000000000000053       0x54 ./Drivers/STM32F0xx_HAL_Driver/Src/stm32f0xx_hal.o
 .comment       0x0000000000000053       0x54 ./Drivers/STM32F0xx_HAL_Driver/Src/stm32f0xx_hal_cortex.o
 .comment       0x0000000000000053       0x54 ./Drivers/STM32F0xx_HAL_Driver/Src/stm32f0xx_hal_gpio.o
 .comment       0x0000000000000053       0x54 ./Drivers/STM32F0xx_HAL_Driver/Src/stm32f0xx_hal_rcc.o
 .comment       0x0000000000000053       0x54 ./Drivers/STM32F0xx_HAL_Driver/Src/stm32f0xx_hal_spi.o
 .comment       0x0000000000000053       0x54 ./FATFS/App/fatfs.o
 .comment       0x0000000000000053       0x54 ./FATFS/Target/user_diskio.o
 .comment       0x0000000000000053       0x54 ./FATFS/Target/user_diskio_spi.o
 .comment       0x0000000000000053       0x54 ./Libraries/Src/BML_DRIVER.o
 .comment       0x0000000000000053       0x54 ./Libraries/Src/SDCard.o
 .comment       0x0000000000000053       0x54 ./Middlewares/Third_Party/FatFs/src/diskio.o
 .comment       0x0000000000000053       0x54 ./Middlewares/Third_Party/FatFs/src/ff.o
 .comment       0x0000000000000053       0x54 ./Middlewares/Third_Party/FatFs/src/ff_gen_drv.o
 .comment       0x0000000000000053       0x54 ./tft_lib/Src/st7783.o
 .comment       0x0000000000000053       0x54 ./tft_lib/Src/touch.o

.debug_frame    0x0000000000000000     0x3400
 .debug_frame   0x0000000000000000      0x130 ./Core/Src/main.o
 .debug_frame   0x0000000000000130       0xb0 ./Core/Src/stm32f0xx_hal_msp.o
 .debug_frame   0x00000000000001e0       0x9c ./Core/Src/stm32f0xx_it.o
 .debug_frame   0x000000000000027c       0x30 ./Core/Src/sysmem.o
 .debug_frame   0x00000000000002ac       0x4c ./Core/Src/system_stm32f0xx.o
 .debug_frame   0x00000000000002f8      0x2a4 ./Drivers/STM32F0xx_HAL_Driver/Src/stm32f0xx_hal.o
 .debug_frame   0x000000000000059c      0x2a0 ./Drivers/STM32F0xx_HAL_Driver/Src/stm32f0xx_hal_cortex.o