../Drivers/CMSIS/Include/core_cm0.h:623:22:__NVIC_EnableIRQ	16	static
../Drivers/CMSIS/Include/core_cm0.h:659:22:__NVIC_DisableIRQ	16	static,ignoring_inline_asm
../Libraries/BML_DRIVERS/Src/BML_DRIVER.c:39:10:map	24	static
../Libraries/BML_DRIVERS/Src/BML_DRIVER.c:45:6:gpio_clk_en	16	static
../Libraries/BML_DRIVERS/Src/BML_DRIVER.c:61:6:gpio_config	24	static
../Libraries/BML_DRIVERS/Src/BML_DRIVER.c:86:6:gpio_moder	24	static
../Libraries/BML_DRIVERS/Src/BML_DRIVER.c:90:6:gpio_speed	24	static
../Libraries/BML_DRIVERS/Src/BML_DRIVER.c:94:6:gpio_PUPD	24	static
../Libraries/BML_DRIVERS/Src/BML_DRIVER.c:97:6:gpio_PHPL_OD	24	static
../Libraries/BML_DRIVERS/Src/BML_DRIVER.c:101:6:gpio_altfn	24	static
../Libraries/BML_DRIVERS/Src/BML_DRIVER.c:113:6:gpio_write	24	static
../Libraries/BML_DRIVERS/Src/BML_DRIVER.c:121:6:gpio_toggle	16	static
../Libraries/BML_DRIVERS/Src/BML_DRIVER.c:125:9:gpio_read	24	static
../Libraries/BML_DRIVERS/Src/BML_DRIVER.c:140:6:gpio_IT_config	24	static
../Libraries/BML_DRIVERS/Src/BML_DRIVER.c:358:6:gpio_IT_EN	16	static
../Libraries/BML_DRIVERS/Src/BML_DRIVER.c:363:6:gpio_IT_DI	16	static
../Libraries/BML_DRIVERS/Src/BML_DRIVER.c:368:6:gpio_IT_SW	16	static
../Libraries/BML_DRIVERS/Src/BML_DRIVER.c:372:6:gpio_IT_CLR	16	static
../Libraries/BML_DRIVERS/Src/BML_DRIVER.c:382:6:print	24	static
../Libraries/BML_DRIVERS/Src/BML_DRIVER.c:398:6:uart_print_config	24	static
../Libraries/BML_DRIVERS/Src/BML_DRIVER.c:428:6:timer_config	16	static
../Libraries/BML_DRIVERS/Src/BML_DRIVER.c:456:6:timer_EN	16	static
../Libraries/BML_DRIVERS/Src/BML_DRIVER.c:460:6:timer_DI	16	static
../Libraries/BML_DRIVERS/Src/BML_DRIVER.c:464:6:timer6_7_CR1	24	static
../Libraries/BML_DRIVERS/Src/BML_DRIVER.c:480:6:timer_EVENT	16	static
../Libraries/BML_DRIVERS/Src/BML_DRIVER.c:484:10:timer_cnt_val	24	static
../Libraries/BML_DRIVERS/Src/BML_DRIVER.c:489:6:timer_IT_EN	16	static
../Libraries/BML_DRIVERS/Src/BML_DRIVER.c:493:6:ticks_timer	16	static
../Libraries/BML_DRIVERS/Src/BML_DRIVER.c:503:10:ticks_val	8	static
../Libraries/BML_DRIVERS/Src/BML_DRIVER.c:506:6:ticks_reset	8	static
../Libraries/BML_DRIVERS/Src/BML_DRIVER.c:509:6:TIM6_IRQHandler	8	static
../Libraries/BML_DRIVERS/Src/BML_DRIVER.c:514:6:delay_ms	16	static
../Libraries/BML_DRIVERS/Src/BML_DRIVER.c:535:6:adc_calib	8	static
../Libraries/BML_DRIVERS/Src/BML_DRIVER.c:550:6:adc_ready	8	static
../Libraries/BML_DRIVERS/Src/BML_DRIVER.c:565:6:adc_clk_config	8	static
../Libraries/BML_DRIVERS/Src/BML_DRIVER.c:573:6:adc_sample_time	16	static
../Libraries/BML_DRIVERS/Src/BML_DRIVER.c:576:6:adc_en	8	static
../Libraries/BML_DRIVERS/Src/BML_DRIVER.c:581:6:adc_read	24	static
../Libraries/BML_DRIVERS/Src/BML_DRIVER.c:591:6:adc_start	8	static
../Libraries/BML_DRIVERS/Src/BML_DRIVER.c:594:6:adc_stop	8	static
../Libraries/BML_DRIVERS/Src/BML_DRIVER.c:597:6:adc_disable	8	static
../Libraries/BML_DRIVERS/Src/BML_DRIVER.c:609:6:adc_chsel	16	static
../Libraries/BML_DRIVERS/Src/BML_DRIVER.c:670:6:adc_config	24	static
../Libraries/BML_DRIVERS/Src/BML_DRIVER.c:692:6:adc_IT_config	16	static
../Libraries/BML_DRIVERS/Src/BML_DRIVER.c:712:6:I2C_INIT	16	static
../Libraries/BML_DRIVERS/Src/BML_DRIVER.c:723:6:I2C_byteWrite	24	static
../Libraries/BML_DRIVERS/Src/BML_DRIVER.c:745:6:I2C_byteRead	24	static
../Libraries/BML_DRIVERS/Src/BML_DRIVER.c:771:6:I2C_MultiWrite	32	static
../Libraries/BML_DRIVERS/Src/BML_DRIVER.c:799:6:I2C_MultiRead	24	static
../Libraries/BML_DRIVERS/Src/BML_DRIVER.c:830:6:USART_INIT	40	static
../Libraries/BML_DRIVERS/Src/BML_DRIVER.c:844:6:USART_IT_EN	24	static
../Libraries/BML_DRIVERS/Src/BML_DRIVER.c:865:6:USART_CLK_EN	16	static
../Libraries/BML_DRIVERS/Src/BML_DRIVER.c:877:6:USART_PIN_CONFIG	32	static
../Libraries/BML_DRIVERS/Src/BML_DRIVER.c:935:6:USART_BDR_SEL	24	static
../Libraries/BML_DRIVERS/Src/BML_DRIVER.c:967:6:USART_WRITE	32	static
../Libraries/BML_DRIVERS/Src/BML_DRIVER.c:980:9:USART_READ	24	static
../Libraries/BML_DRIVERS/Src/BML_DRIVER.c:991:6:RCC_CONFIG_48MHZ	80	static
