core_cm0.h:623:22:__NVIC_EnableIRQ	16	static
core_cm0.h:659:22:__NVIC_DisableIRQ	16	static,ignoring_inline_asm
BML_DRIVER.c:39:10:map	24	static
BML_DRIVER.c:44:6:gpio_clk_en	16	static
BML_DRIVER.c:60:6:gpio_config	24	static
BML_DRIVER.c:85:6:gpio_moder	24	static
BML_DRIVER.c:89:6:gpio_speed	24	static
BML_DRIVER.c:93:6:gpio_PUPD	24	static
BML_DRIVER.c:96:6:gpio_PHPL_OD	24	static
BML_DRIVER.c:100:6:gpio_altfn	24	static
BML_DRIVER.c:112:6:gpio_write	24	static
BML_DRIVER.c:120:6:gpio_toggle	16	static
BML_DRIVER.c:124:9:gpio_read	24	static
BML_DRIVER.c:139:6:gpio_IT_config	24	static
BML_DRIVER.c:357:6:gpio_IT_EN	16	static
BML_DRIVER.c:362:6:gpio_IT_DI	16	static
BML_DRIVER.c:367:6:gpio_IT_SW	16	static
BML_DRIVER.c:371:6:gpio_IT_CLR	16	static
BML_DRIVER.c:381:6:print	24	static
BML_DRIVER.c:397:6:uart_print_config	24	static
BML_DRIVER.c:428:6:timer_config	16	static
BML_DRIVER.c:456:6:timer_EN	16	static
BML_DRIVER.c:460:6:timer_DI	16	static
BML_DRIVER.c:464:6:timer6_7_CR1	24	static
BML_DRIVER.c:480:6:timer_EVENT	16	static
BML_DRIVER.c:484:10:timer_cnt_val	24	static
BML_DRIVER.c:489:6:timer_IT_EN	16	static
BML_DRIVER.c:493:6:ticks_timer	16	static
BML_DRIVER.c:503:10:ticks_val	8	static
BML_DRIVER.c:506:6:ticks_reset	8	static
BML_DRIVER.c:509:6:TIM6_IRQHandler	8	static
BML_DRIVER.c:514:6:delay_ms	16	static
BML_DRIVER.c:535:6:adc_calib	8	static
BML_DRIVER.c:550:6:adc_ready	8	static
BML_DRIVER.c:565:6:adc_clk_config	8	static
BML_DRIVER.c:573:6:adc_sample_time	16	static
BML_DRIVER.c:576:6:adc_en	8	static
BML_DRIVER.c:581:6:adc_read	24	static
BML_DRIVER.c:591:6:adc_start	8	static
BML_DRIVER.c:594:6:adc_stop	8	static
BML_DRIVER.c:597:6:adc_disable	8	static
BML_DRIVER.c:609:6:adc_chsel	16	static
BML_DRIVER.c:661:6:adc_config	24	static
BML_DRIVER.c:683:6:adc_IT_config	16	static
BML_DRIVER.c:703:6:I2C_INIT	16	static
BML_DRIVER.c:714:6:I2C_byteWrite	24	static
BML_DRIVER.c:736:6:I2C_byteRead	24	static
BML_DRIVER.c:762:6:I2C_MultiWrite	32	static
BML_DRIVER.c:790:6:I2C_MultiRead	24	static
BML_DRIVER.c:821:6:USART_INIT	40	static
BML_DRIVER.c:835:6:USART_IT_EN	16	static
BML_DRIVER.c:846:6:USART_CLK_EN	16	static
BML_DRIVER.c:858:6:USART_PIN_CONFIG	32	static
BML_DRIVER.c:916:6:USART_BDR_SEL	24	static
BML_DRIVER.c:948:6:USART_WRITE	32	static
BML_DRIVER.c:961:9:USART_READ	24	static
BML_DRIVER.c:972:6:RCC_CONFIG_48MHZ	80	static
