../Libraries/SDCardLib/Src/SDCard.c:19:6:sd_mount	8	static
../Libraries/SDCardLib/Src/SDCard.c:30:6:sd_space	24	static
../Libraries/SDCardLib/Src/SDCard.c:53:5:sd_openFile	56	static
../Libraries/SDCardLib/Src/SDCard.c:66:5:sd_openFileW	72	static
../Libraries/SDCardLib/Src/SDCard.c:80:9:sd_closeFile	8	static
../Libraries/SDCardLib/Src/SDCard.c:91:9:sd_fileOffset	16	static
../Libraries/SDCardLib/Src/SDCard.c:102:6:sd_read8bits	64	static
../Libraries/SDCardLib/Src/SDCard.c:120:9:sd_read8	32	static
../Libraries/SDCardLib/Src/SDCard.c:128:10:sd_read16bits	32	static
../Libraries/SDCardLib/Src/SDCard.c:135:10:sd_read16	32	static
../Libraries/SDCardLib/Src/SDCard.c:143:10:sd_read24bits	32	static
../Libraries/SDCardLib/Src/SDCard.c:152:10:sd_read24	24	static
../Libraries/SDCardLib/Src/SDCard.c:160:10:sd_read32bits	32	static
../Libraries/SDCardLib/Src/SDCard.c:169:10:sd_read32	24	static
../Libraries/SDCardLib/Src/SDCard.c:177:6:sd_writeArray	112	dynamic
../Libraries/SDCardLib/Src/SDCard.c:204:6:sd_readFile	64	static
../Libraries/SDCardLib/Src/SDCard.c:222:6:sd_seekFile	80	static
../Libraries/SDCardLib/Src/SDCard.c:249:6:sd_writeFile	80	static
../Libraries/SDCardLib/Src/SDCard.c:275:6:sd_deMount	8	static
../Libraries/SDCardLib/Src/SDCard.c:280:6:sd_readOne	80	static
../Libraries/SDCardLib/Src/SDCard.c:312:6:getBMPImageData	40	static
../Libraries/SDCardLib/Src/SDCard.c:370:6:displayPic24bit	160	dynamic
../Libraries/SDCardLib/Src/SDCard.c:442:6:displayPic32bit	160	dynamic
