../Drivers/CMSIS/Include/core_cm0.h:623:22:__NVIC_EnableIRQ	16	static
../Drivers/CMSIS/Include/core_cm0.h:659:22:__NVIC_DisableIRQ	16	static,ignoring_inline_asm
../Drivers/CMSIS/Include/core_cm0.h:730:22:__NVIC_SetPriority	24	static
../Drivers/CMSIS/Include/core_cm0.h:920:26:SysTick_Config	16	static
../Libraries/BML_DRIVERS/Src/BML_DRIVER.c:35:10:map	24	static
../Libraries/BML_DRIVERS/Src/BML_DRIVER.c:41:6:gpio_clk_en	16	static
../Libraries/BML_DRIVERS/Src/BML_DRIVER.c:57:6:gpio_config	24	static
../Libraries/BML_DRIVERS/Src/BML_DRIVER.c:82:6:gpio_moder	24	static
../Libraries/BML_DRIVERS/Src/BML_DRIVER.c:86:6:gpio_speed	24	static
../Libraries/BML_DRIVERS/Src/BML_DRIVER.c:90:6:gpio_PUPD	24	static
../Libraries/BML_DRIVERS/Src/BML_DRIVER.c:93:6:gpio_PHPL_OD	24	static
../Libraries/BML_DRIVERS/Src/BML_DRIVER.c:97:6:gpio_altfn	24	static
../Libraries/BML_DRIVERS/Src/BML_DRIVER.c:109:6:gpio_write	24	static
../Libraries/BML_DRIVERS/Src/BML_DRIVER.c:117:6:gpio_toggle	16	static
../Libraries/BML_DRIVERS/Src/BML_DRIVER.c:121:9:gpio_read	24	static
../Libraries/BML_DRIVERS/Src/BML_DRIVER.c:136:6:gpio_IT_config	24	static
../Libraries/BML_DRIVERS/Src/BML_DRIVER.c:354:6:gpio_IT_EN	16	static
../Libraries/BML_DRIVERS/Src/BML_DRIVER.c:359:6:gpio_IT_DI	16	static
../Libraries/BML_DRIVERS/Src/BML_DRIVER.c:364:6:gpio_IT_SW	16	static
../Libraries/BML_DRIVERS/Src/BML_DRIVER.c:368:9:gpio_IT_CHK	16	static
../Libraries/BML_DRIVERS/Src/BML_DRIVER.c:377:6:gpio_IT_CLR	16	static
../Libraries/BML_DRIVERS/Src/BML_DRIVER.c:387:6:print	24	static
../Libraries/BML_DRIVERS/Src/BML_DRIVER.c:403:6:uart_print_config	32	static
../Libraries/BML_DRIVERS/Src/BML_DRIVER.c:435:6:timer_config	16	static
../Libraries/BML_DRIVERS/Src/BML_DRIVER.c:463:6:timer_EN	16	static
../Libraries/BML_DRIVERS/Src/BML_DRIVER.c:467:6:timer_DI	16	static
../Libraries/BML_DRIVERS/Src/BML_DRIVER.c:471:6:timer6_7_CR1	24	static
../Libraries/BML_DRIVERS/Src/BML_DRIVER.c:487:6:timer_EVENT	16	static
../Libraries/BML_DRIVERS/Src/BML_DRIVER.c:491:10:timer_cnt_val	24	static
../Libraries/BML_DRIVERS/Src/BML_DRIVER.c:496:6:timer_IT_EN	16	static
../Libraries/BML_DRIVERS/Src/BML_DRIVER.c:500:6:ticks_timer	16	static
../Libraries/BML_DRIVERS/Src/BML_DRIVER.c:510:10:ticks_val	8	static
../Libraries/BML_DRIVERS/Src/BML_DRIVER.c:513:6:ticks_reset	8	static
../Libraries/BML_DRIVERS/Src/BML_DRIVER.c:516:6:TIM6_IRQHandler	8	static
../Libraries/BML_DRIVERS/Src/BML_DRIVER.c:521:6:delay_ms	16	static
../Libraries/BML_DRIVERS/Src/BML_DRIVER.c:539:6:sysDelayInit	8	static
../Libraries/BML_DRIVERS/Src/BML_DRIVER.c:543:6:sysDelay	16	static
../Libraries/BML_DRIVERS/Src/BML_DRIVER.c:547:6:sysDelayReset	8	static
../Libraries/BML_DRIVERS/Src/BML_DRIVER.c:551:10:sysDelayVal	8	static
../Libraries/BML_DRIVERS/Src/BML_DRIVER.c:555:6:sysIncrementTicks	8	static
../Libraries/BML_DRIVERS/Src/BML_DRIVER.c:571:6:adc_calib	8	static
../Libraries/BML_DRIVERS/Src/BML_DRIVER.c:586:6:adc_ready	8	static
../Libraries/BML_DRIVERS/Src/BML_DRIVER.c:601:6:adc_clk_config	8	static
../Libraries/BML_DRIVERS/Src/BML_DRIVER.c:609:6:adc_sample_time	16	static
../Libraries/BML_DRIVERS/Src/BML_DRIVER.c:612:6:adc_en	8	static
../Libraries/BML_DRIVERS/Src/BML_DRIVER.c:617:6:adc_read	24	static
../Libraries/BML_DRIVERS/Src/BML_DRIVER.c:628:6:adc_start	8	static
../Libraries/BML_DRIVERS/Src/BML_DRIVER.c:631:6:adc_stop	8	static
../Libraries/BML_DRIVERS/Src/BML_DRIVER.c:634:6:adc_disable	8	static
../Libraries/BML_DRIVERS/Src/BML_DRIVER.c:646:6:adc_chsel	16	static
../Libraries/BML_DRIVERS/Src/BML_DRIVER.c:707:6:adc_config	24	static
../Libraries/BML_DRIVERS/Src/BML_DRIVER.c:729:6:adc_IT_config	16	static
../Libraries/BML_DRIVERS/Src/BML_DRIVER.c:749:6:I2C_INIT	16	static
../Libraries/BML_DRIVERS/Src/BML_DRIVER.c:760:6:I2C_byteWrite	24	static
../Libraries/BML_DRIVERS/Src/BML_DRIVER.c:782:6:I2C_byteRead	24	static
../Libraries/BML_DRIVERS/Src/BML_DRIVER.c:808:6:I2C_MultiWrite	32	static
../Libraries/BML_DRIVERS/Src/BML_DRIVER.c:836:6:I2C_MultiRead	24	static
../Libraries/BML_DRIVERS/Src/BML_DRIVER.c:867:6:USART_INIT	40	static
../Libraries/BML_DRIVERS/Src/BML_DRIVER.c:881:6:USART_IT_EN	24	static
../Libraries/BML_DRIVERS/Src/BML_DRIVER.c:902:6:USART_CLK_EN	16	static
../Libraries/BML_DRIVERS/Src/BML_DRIVER.c:914:6:USART_PIN_CONFIG	32	static
../Libraries/BML_DRIVERS/Src/BML_DRIVER.c:972:6:USART_BDR_SEL	24	static
../Libraries/BML_DRIVERS/Src/BML_DRIVER.c:1006:6:USART_WRITE	32	static
../Libraries/BML_DRIVERS/Src/BML_DRIVER.c:1019:9:USART_READ	24	static
../Libraries/BML_DRIVERS/Src/BML_DRIVER.c:1030:6:RCC_CONFIG_48MHZ	80	static
